ARM GAS  C:\Users\awkward\AppData\Local\Temp\ccopFNSE.s 			page 1


   1              		.syntax unified
   2              		.cpu cortex-m3
   3              		.fpu softvfp
   4              		.eabi_attribute 20, 1
   5              		.eabi_attribute 21, 1
   6              		.eabi_attribute 23, 3
   7              		.eabi_attribute 24, 1
   8              		.eabi_attribute 25, 1
   9              		.eabi_attribute 26, 1
  10              		.eabi_attribute 30, 6
  11              		.eabi_attribute 18, 4
  12              		.thumb
  13              		.file	"CapSense_PM.c"
  14              		.section	.debug_abbrev,"",%progbits
  15              	.Ldebug_abbrev0:
  16              		.section	.debug_info,"",%progbits
  17              	.Ldebug_info0:
  18              		.section	.debug_line,"",%progbits
  19              	.Ldebug_line0:
  20 0000 D1000000 		.text
  20      02007200 
  20      00000201 
  20      FB0E0D00 
  20      01010101 
  21              	.Ltext0:
  22              		.cfi_sections	.debug_frame
  23              		.global	CapSense_backup
  24              		.bss
  25              		.align	2
  26              		.type	CapSense_backup, %object
  27              		.size	CapSense_backup, 2
  28              	CapSense_backup:
  29 0000 0000     		.space	2
  30 0002 0000     		.section	.text.CapSense_SaveConfig,"ax",%progbits
  31              		.align	2
  32              		.global	CapSense_SaveConfig
  33              		.thumb
  34              		.thumb_func
  35              		.type	CapSense_SaveConfig, %function
  36              	CapSense_SaveConfig:
  37              	.LFB0:
  38              		.file 1 ".\\Generated_Source\\PSoC5\\CapSense_PM.c"
   1:.\Generated_Source\PSoC5/CapSense_PM.c **** /*******************************************************************************
   2:.\Generated_Source\PSoC5/CapSense_PM.c **** * File Name: CapSense_PM.c
   3:.\Generated_Source\PSoC5/CapSense_PM.c **** * Version 3.10
   4:.\Generated_Source\PSoC5/CapSense_PM.c **** *
   5:.\Generated_Source\PSoC5/CapSense_PM.c **** * Description:
   6:.\Generated_Source\PSoC5/CapSense_PM.c **** *  This file provides Sleep APIs for CapSense CSD Component.
   7:.\Generated_Source\PSoC5/CapSense_PM.c **** *
   8:.\Generated_Source\PSoC5/CapSense_PM.c **** * Note:
   9:.\Generated_Source\PSoC5/CapSense_PM.c **** *
  10:.\Generated_Source\PSoC5/CapSense_PM.c **** ********************************************************************************
  11:.\Generated_Source\PSoC5/CapSense_PM.c **** * Copyright 2008-2011, Cypress Semiconductor Corporation.  All rights reserved.
  12:.\Generated_Source\PSoC5/CapSense_PM.c **** * You may use this file only in accordance with the license, terms, conditions, 
  13:.\Generated_Source\PSoC5/CapSense_PM.c **** * disclaimers, and limitations in the end user license agreement accompanying 
  14:.\Generated_Source\PSoC5/CapSense_PM.c **** * the software package with which this file was provided.
  15:.\Generated_Source\PSoC5/CapSense_PM.c **** *******************************************************************************/
ARM GAS  C:\Users\awkward\AppData\Local\Temp\ccopFNSE.s 			page 2


  16:.\Generated_Source\PSoC5/CapSense_PM.c **** 
  17:.\Generated_Source\PSoC5/CapSense_PM.c **** #include "CapSense.h"
  18:.\Generated_Source\PSoC5/CapSense_PM.c **** 
  19:.\Generated_Source\PSoC5/CapSense_PM.c **** CapSense_BACKUP_STRUCT CapSense_backup =
  20:.\Generated_Source\PSoC5/CapSense_PM.c **** {   
  21:.\Generated_Source\PSoC5/CapSense_PM.c ****     0x00u, /* enableState; */
  22:.\Generated_Source\PSoC5/CapSense_PM.c ****     /* Set ScanSpeed */
  23:.\Generated_Source\PSoC5/CapSense_PM.c ****     #if (CY_PSOC3_ES2 || CY_PSOC5_ES1)
  24:.\Generated_Source\PSoC5/CapSense_PM.c ****         CapSense_SCANSPEED_VALUE,  /* scan speed value */
  25:.\Generated_Source\PSoC5/CapSense_PM.c ****     #endif  /* End (CY_PSOC3_ES2 || CY_PSOC5_ES1) */
  26:.\Generated_Source\PSoC5/CapSense_PM.c **** };
  27:.\Generated_Source\PSoC5/CapSense_PM.c **** 
  28:.\Generated_Source\PSoC5/CapSense_PM.c **** 
  29:.\Generated_Source\PSoC5/CapSense_PM.c **** /*******************************************************************************
  30:.\Generated_Source\PSoC5/CapSense_PM.c **** * Function Name: CapSense_SaveConfig
  31:.\Generated_Source\PSoC5/CapSense_PM.c **** ********************************************************************************
  32:.\Generated_Source\PSoC5/CapSense_PM.c **** *
  33:.\Generated_Source\PSoC5/CapSense_PM.c **** * Summary:
  34:.\Generated_Source\PSoC5/CapSense_PM.c **** *  Saves customer configuration of CapSense none-retention registers. Resets 
  35:.\Generated_Source\PSoC5/CapSense_PM.c **** *  all sensors to an inactive state.
  36:.\Generated_Source\PSoC5/CapSense_PM.c **** *
  37:.\Generated_Source\PSoC5/CapSense_PM.c **** * Parameters:
  38:.\Generated_Source\PSoC5/CapSense_PM.c **** *  None
  39:.\Generated_Source\PSoC5/CapSense_PM.c **** *
  40:.\Generated_Source\PSoC5/CapSense_PM.c **** * Return:
  41:.\Generated_Source\PSoC5/CapSense_PM.c **** *  None
  42:.\Generated_Source\PSoC5/CapSense_PM.c **** *
  43:.\Generated_Source\PSoC5/CapSense_PM.c **** * Global Variables:
  44:.\Generated_Source\PSoC5/CapSense_PM.c **** *  CapSense_backup - used to save component state before enter sleep 
  45:.\Generated_Source\PSoC5/CapSense_PM.c **** *  mode and none-retention registers.
  46:.\Generated_Source\PSoC5/CapSense_PM.c **** *
  47:.\Generated_Source\PSoC5/CapSense_PM.c **** * Reentrant:
  48:.\Generated_Source\PSoC5/CapSense_PM.c **** *  No - for PSoC3 ES2 and PSoC5 ES1 silicon, Yes - for PSoC3 ES3.
  49:.\Generated_Source\PSoC5/CapSense_PM.c **** *
  50:.\Generated_Source\PSoC5/CapSense_PM.c **** *******************************************************************************/
  51:.\Generated_Source\PSoC5/CapSense_PM.c **** #if (CY_PSOC3_ES2 || CY_PSOC5_ES1)
  52:.\Generated_Source\PSoC5/CapSense_PM.c ****     void CapSense_SaveConfig(void)
  53:.\Generated_Source\PSoC5/CapSense_PM.c **** #else
  54:.\Generated_Source\PSoC5/CapSense_PM.c ****     void CapSense_SaveConfig(void) 
  55:.\Generated_Source\PSoC5/CapSense_PM.c **** #endif  /* End (CY_PSOC3_ES2 || CY_PSOC5_ES1) */
  56:.\Generated_Source\PSoC5/CapSense_PM.c **** {    
  39              		.loc 1 56 0
  40              		.cfi_startproc
  41              		@ args = 0, pretend = 0, frame = 0
  42              		@ frame_needed = 1, uses_anonymous_args = 0
  43 0000 80B5     		push	{r7, lr}
  44              	.LCFI0:
  45              		.cfi_def_cfa_offset 8
  46 0002 00AF     		add	r7, sp, #0
  47              		.cfi_offset 14, -4
  48              		.cfi_offset 7, -8
  49              	.LCFI1:
  50              		.cfi_def_cfa_register 7
  57:.\Generated_Source\PSoC5/CapSense_PM.c ****     /* Set ScanSpeed */
  58:.\Generated_Source\PSoC5/CapSense_PM.c ****     #if (CY_PSOC3_ES2 || CY_PSOC5_ES1)
  59:.\Generated_Source\PSoC5/CapSense_PM.c ****         CapSense_backup.scanspeed = CapSense_SCANSPEED_PERIOD_REG;
  60:.\Generated_Source\PSoC5/CapSense_PM.c ****     #endif  /* End (CY_PSOC3_ES2 || CY_PSOC5_ES1) */
ARM GAS  C:\Users\awkward\AppData\Local\Temp\ccopFNSE.s 			page 3


  61:.\Generated_Source\PSoC5/CapSense_PM.c **** 
  62:.\Generated_Source\PSoC5/CapSense_PM.c ****     /* Set CONTROL_REG */
  63:.\Generated_Source\PSoC5/CapSense_PM.c ****     CapSense_backup.ctrlreg = CapSense_CONTROL_REG;
  51              		.loc 1 63 0
  52 0004 46F27443 		movw	r3, #:lower16:1073767540
  53 0008 C4F20003 		movt	r3, #:upper16:1073767540
  54 000c 1B78     		ldrb	r3, [r3, #0]
  55 000e DAB2     		uxtb	r2, r3
  56 0010 40F20003 		movw	r3, #:lower16:CapSense_backup
  57 0014 C0F20003 		movt	r3, #:upper16:CapSense_backup
  58 0018 5A70     		strb	r2, [r3, #1]
  64:.\Generated_Source\PSoC5/CapSense_PM.c **** 
  65:.\Generated_Source\PSoC5/CapSense_PM.c ****     /* Clear all sensors */
  66:.\Generated_Source\PSoC5/CapSense_PM.c ****     CapSense_ClearSensors();
  59              		.loc 1 66 0
  60 001a FFF7FEFF 		bl	CapSense_ClearSensors
  67:.\Generated_Source\PSoC5/CapSense_PM.c ****     
  68:.\Generated_Source\PSoC5/CapSense_PM.c ****     /* The pins disable is customer concern: Cmod and Rb */
  69:.\Generated_Source\PSoC5/CapSense_PM.c **** }
  61              		.loc 1 69 0
  62 001e 80BD     		pop	{r7, pc}
  63              		.cfi_endproc
  64              	.LFE0:
  65              		.size	CapSense_SaveConfig, .-CapSense_SaveConfig
  66              		.section	.text.CapSense_Sleep,"ax",%progbits
  67              		.align	2
  68              		.global	CapSense_Sleep
  69              		.thumb
  70              		.thumb_func
  71              		.type	CapSense_Sleep, %function
  72              	CapSense_Sleep:
  73              	.LFB1:
  70:.\Generated_Source\PSoC5/CapSense_PM.c **** 
  71:.\Generated_Source\PSoC5/CapSense_PM.c **** 
  72:.\Generated_Source\PSoC5/CapSense_PM.c **** /*******************************************************************************
  73:.\Generated_Source\PSoC5/CapSense_PM.c **** * Function Name: CapSense_Sleep
  74:.\Generated_Source\PSoC5/CapSense_PM.c **** ********************************************************************************
  75:.\Generated_Source\PSoC5/CapSense_PM.c **** *
  76:.\Generated_Source\PSoC5/CapSense_PM.c **** * Summary:
  77:.\Generated_Source\PSoC5/CapSense_PM.c **** *  Disables Active mode power template bits for number of component used within 
  78:.\Generated_Source\PSoC5/CapSense_PM.c **** *  CapSense. Calls CapSense_SaveConfig() function to save customer 
  79:.\Generated_Source\PSoC5/CapSense_PM.c **** *  configuration of CapSense none-retention registers and resets all sensors 
  80:.\Generated_Source\PSoC5/CapSense_PM.c **** *  to an inactive state.
  81:.\Generated_Source\PSoC5/CapSense_PM.c **** *
  82:.\Generated_Source\PSoC5/CapSense_PM.c **** * Parameters:
  83:.\Generated_Source\PSoC5/CapSense_PM.c **** *  None
  84:.\Generated_Source\PSoC5/CapSense_PM.c **** *
  85:.\Generated_Source\PSoC5/CapSense_PM.c **** * Return:
  86:.\Generated_Source\PSoC5/CapSense_PM.c **** *  None
  87:.\Generated_Source\PSoC5/CapSense_PM.c **** *
  88:.\Generated_Source\PSoC5/CapSense_PM.c **** * Global Variables:
  89:.\Generated_Source\PSoC5/CapSense_PM.c **** *  CapSense_backup - used to save component state before enter sleep 
  90:.\Generated_Source\PSoC5/CapSense_PM.c **** *  mode and none-retention registers.
  91:.\Generated_Source\PSoC5/CapSense_PM.c **** *
  92:.\Generated_Source\PSoC5/CapSense_PM.c **** * Reentrant:
  93:.\Generated_Source\PSoC5/CapSense_PM.c **** *  No
  94:.\Generated_Source\PSoC5/CapSense_PM.c **** *
ARM GAS  C:\Users\awkward\AppData\Local\Temp\ccopFNSE.s 			page 4


  95:.\Generated_Source\PSoC5/CapSense_PM.c **** *******************************************************************************/
  96:.\Generated_Source\PSoC5/CapSense_PM.c **** void CapSense_Sleep(void)
  97:.\Generated_Source\PSoC5/CapSense_PM.c **** {
  74              		.loc 1 97 0
  75              		.cfi_startproc
  76              		@ args = 0, pretend = 0, frame = 0
  77              		@ frame_needed = 1, uses_anonymous_args = 0
  78 0000 80B5     		push	{r7, lr}
  79              	.LCFI2:
  80              		.cfi_def_cfa_offset 8
  81 0002 00AF     		add	r7, sp, #0
  82              		.cfi_offset 14, -4
  83              		.cfi_offset 7, -8
  84              	.LCFI3:
  85              		.cfi_def_cfa_register 7
  98:.\Generated_Source\PSoC5/CapSense_PM.c ****     /* Check and save enable state */
  99:.\Generated_Source\PSoC5/CapSense_PM.c ****     if(CapSense_IS_CAPSENSE_ENABLE(CapSense_CONTROL_REG))
  86              		.loc 1 99 0
  87 0004 46F27443 		movw	r3, #:lower16:1073767540
  88 0008 C4F20003 		movt	r3, #:upper16:1073767540
  89 000c 1B78     		ldrb	r3, [r3, #0]
  90 000e DBB2     		uxtb	r3, r3
  91 0010 5BB2     		sxtb	r3, r3
  92 0012 002B     		cmp	r3, #0
  93 0014 09DA     		bge	.L4
 100:.\Generated_Source\PSoC5/CapSense_PM.c ****     {
 101:.\Generated_Source\PSoC5/CapSense_PM.c ****         CapSense_backup.enableState = 1u;
  94              		.loc 1 101 0
  95 0016 40F20003 		movw	r3, #:lower16:CapSense_backup
  96 001a C0F20003 		movt	r3, #:upper16:CapSense_backup
  97 001e 4FF00102 		mov	r2, #1
  98 0022 1A70     		strb	r2, [r3, #0]
 102:.\Generated_Source\PSoC5/CapSense_PM.c ****         CapSense_Stop();
  99              		.loc 1 102 0
 100 0024 FFF7FEFF 		bl	CapSense_Stop
 101 0028 06E0     		b	.L5
 102              	.L4:
 103:.\Generated_Source\PSoC5/CapSense_PM.c ****     }
 104:.\Generated_Source\PSoC5/CapSense_PM.c ****     else
 105:.\Generated_Source\PSoC5/CapSense_PM.c ****     {
 106:.\Generated_Source\PSoC5/CapSense_PM.c ****         CapSense_backup.enableState = 0u;
 103              		.loc 1 106 0
 104 002a 40F20003 		movw	r3, #:lower16:CapSense_backup
 105 002e C0F20003 		movt	r3, #:upper16:CapSense_backup
 106 0032 4FF00002 		mov	r2, #0
 107 0036 1A70     		strb	r2, [r3, #0]
 108              	.L5:
 107:.\Generated_Source\PSoC5/CapSense_PM.c ****     }
 108:.\Generated_Source\PSoC5/CapSense_PM.c ****     
 109:.\Generated_Source\PSoC5/CapSense_PM.c ****     CapSense_SaveConfig();
 109              		.loc 1 109 0
 110 0038 FFF7FEFF 		bl	CapSense_SaveConfig
 110:.\Generated_Source\PSoC5/CapSense_PM.c **** }
 111              		.loc 1 110 0
 112 003c 80BD     		pop	{r7, pc}
 113              		.cfi_endproc
 114              	.LFE1:
ARM GAS  C:\Users\awkward\AppData\Local\Temp\ccopFNSE.s 			page 5


 115              		.size	CapSense_Sleep, .-CapSense_Sleep
 116 003e 00BF     		.section	.text.CapSense_RestoreConfig,"ax",%progbits
 117              		.align	2
 118              		.global	CapSense_RestoreConfig
 119              		.thumb
 120              		.thumb_func
 121              		.type	CapSense_RestoreConfig, %function
 122              	CapSense_RestoreConfig:
 123              	.LFB2:
 111:.\Generated_Source\PSoC5/CapSense_PM.c **** 
 112:.\Generated_Source\PSoC5/CapSense_PM.c **** 
 113:.\Generated_Source\PSoC5/CapSense_PM.c **** /*******************************************************************************
 114:.\Generated_Source\PSoC5/CapSense_PM.c **** * Function Name: CapSense_RestoreConfig
 115:.\Generated_Source\PSoC5/CapSense_PM.c **** ********************************************************************************
 116:.\Generated_Source\PSoC5/CapSense_PM.c **** *
 117:.\Generated_Source\PSoC5/CapSense_PM.c **** * Summary:
 118:.\Generated_Source\PSoC5/CapSense_PM.c **** *  Restores CapSense configuration and non-retention register values.
 119:.\Generated_Source\PSoC5/CapSense_PM.c **** *
 120:.\Generated_Source\PSoC5/CapSense_PM.c **** * Parameters:
 121:.\Generated_Source\PSoC5/CapSense_PM.c **** *  None
 122:.\Generated_Source\PSoC5/CapSense_PM.c **** *
 123:.\Generated_Source\PSoC5/CapSense_PM.c **** * Return:
 124:.\Generated_Source\PSoC5/CapSense_PM.c **** *  None
 125:.\Generated_Source\PSoC5/CapSense_PM.c **** *
 126:.\Generated_Source\PSoC5/CapSense_PM.c **** * Side Effects:
 127:.\Generated_Source\PSoC5/CapSense_PM.c **** *  Must be called only after CapSense_SaveConfig() routine. Otherwise 
 128:.\Generated_Source\PSoC5/CapSense_PM.c **** *  the component configuration will be overwritten with its initial setting.  
 129:.\Generated_Source\PSoC5/CapSense_PM.c **** *
 130:.\Generated_Source\PSoC5/CapSense_PM.c **** * Global Variables:
 131:.\Generated_Source\PSoC5/CapSense_PM.c **** *  CapSense_backup - used to save component state before enter sleep 
 132:.\Generated_Source\PSoC5/CapSense_PM.c **** *  mode and none-retention registers.
 133:.\Generated_Source\PSoC5/CapSense_PM.c **** *
 134:.\Generated_Source\PSoC5/CapSense_PM.c **** *******************************************************************************/
 135:.\Generated_Source\PSoC5/CapSense_PM.c **** void CapSense_RestoreConfig(void) 
 136:.\Generated_Source\PSoC5/CapSense_PM.c **** {   
 124              		.loc 1 136 0
 125              		.cfi_startproc
 126              		@ args = 0, pretend = 0, frame = 0
 127              		@ frame_needed = 1, uses_anonymous_args = 0
 128              		@ link register save eliminated.
 129 0000 80B4     		push	{r7}
 130              	.LCFI4:
 131              		.cfi_def_cfa_offset 4
 132 0002 00AF     		add	r7, sp, #0
 133              		.cfi_offset 7, -4
 134              	.LCFI5:
 135              		.cfi_def_cfa_register 7
 137:.\Generated_Source\PSoC5/CapSense_PM.c ****     #if ( ((CapSense_PRS_OPTIONS) || \
 138:.\Generated_Source\PSoC5/CapSense_PM.c ****            (CapSense_IMPLEMENTATION_CH0 == CapSense_MEASURE_IMPLEMENTATION_UDB) || \
 139:.\Generated_Source\PSoC5/CapSense_PM.c ****            ( (CapSense_DESIGN_TYPE == CapSense_TWO_CHANNELS_DESIGN) && \
 140:.\Generated_Source\PSoC5/CapSense_PM.c ****              (CapSense_IMPLEMENTATION_CH1 == CapSense_MEASURE_IMPLEMENTATION_UDB))) && \
 141:.\Generated_Source\PSoC5/CapSense_PM.c ****           (CY_PSOC3_ES2 || CY_PSOC5_ES1) )
 142:.\Generated_Source\PSoC5/CapSense_PM.c ****         
 143:.\Generated_Source\PSoC5/CapSense_PM.c ****         uint8 enableInterrupts;
 144:.\Generated_Source\PSoC5/CapSense_PM.c ****     #endif /* End ( ((CapSense_PRS_OPTIONS) || \
 145:.\Generated_Source\PSoC5/CapSense_PM.c ****                      (CapSense_IMPLEMENTATION_CH0 == CapSense_MEASURE_IMPLEMENTATION_UDB) || \
 146:.\Generated_Source\PSoC5/CapSense_PM.c ****                      ( (CapSense_DESIGN_TYPE == CapSense_TWO_CHANNELS_DESIGN) && \
ARM GAS  C:\Users\awkward\AppData\Local\Temp\ccopFNSE.s 			page 6


 147:.\Generated_Source\PSoC5/CapSense_PM.c ****                        (CapSense_IMPLEMENTATION_CH1 == CapSense_MEASURE_IMPLEMENTATION_UDB))) && \
 148:.\Generated_Source\PSoC5/CapSense_PM.c ****                     (CY_PSOC3_ES2 || CY_PSOC5_ES1) ) */
 149:.\Generated_Source\PSoC5/CapSense_PM.c ****     
 150:.\Generated_Source\PSoC5/CapSense_PM.c ****     /* Set PRS */
 151:.\Generated_Source\PSoC5/CapSense_PM.c ****     #if (CapSense_PRS_OPTIONS == CapSense_PRS_8BITS)
 152:.\Generated_Source\PSoC5/CapSense_PM.c ****         #if (CY_PSOC3_ES2 || CY_PSOC5_ES1)
 153:.\Generated_Source\PSoC5/CapSense_PM.c ****             /* Aux control set FIFO as REG */ 
 154:.\Generated_Source\PSoC5/CapSense_PM.c ****             enableInterrupts = CyEnterCriticalSection();
 155:.\Generated_Source\PSoC5/CapSense_PM.c ****             CapSense_AUX_CONTROL_A_REG |= CapSense_AUXCTRL_FIFO_SINGLE_REG;
 156:.\Generated_Source\PSoC5/CapSense_PM.c ****             CyExitCriticalSection(enableInterrupts);
 157:.\Generated_Source\PSoC5/CapSense_PM.c ****             
 158:.\Generated_Source\PSoC5/CapSense_PM.c ****             /* Write polynomial */
 159:.\Generated_Source\PSoC5/CapSense_PM.c ****             CapSense_POLYNOM_REG   = CapSense_PRS8_DEFAULT_POLYNOM;             /* D0 register */
 160:.\Generated_Source\PSoC5/CapSense_PM.c ****         #endif  /* End (CY_PSOC3_ES2 || CY_PSOC5_ES1) */
 161:.\Generated_Source\PSoC5/CapSense_PM.c ****         
 162:.\Generated_Source\PSoC5/CapSense_PM.c ****         /* Write FIFO with seed */
 163:.\Generated_Source\PSoC5/CapSense_PM.c ****         CapSense_SEED_COPY_REG = CapSense_MEASURE_FULL_RANGE_LOW;               /* F0 register */
 164:.\Generated_Source\PSoC5/CapSense_PM.c ****     
 165:.\Generated_Source\PSoC5/CapSense_PM.c ****     #elif (CapSense_PRS_OPTIONS == CapSense_PRS_16BITS)
 166:.\Generated_Source\PSoC5/CapSense_PM.c ****         #if (CY_PSOC3_ES2 || CY_PSOC5_ES1)
 167:.\Generated_Source\PSoC5/CapSense_PM.c ****             /* Aux control set FIFO as REG */
 168:.\Generated_Source\PSoC5/CapSense_PM.c ****             enableInterrupts = CyEnterCriticalSection();
 169:.\Generated_Source\PSoC5/CapSense_PM.c ****             CapSense_AUX_CONTROL_A_REG |= CapSense_AUXCTRL_FIFO_SINGLE_REG;
 170:.\Generated_Source\PSoC5/CapSense_PM.c ****             CapSense_AUX_CONTROL_B_REG |= CapSense_AUXCTRL_FIFO_SINGLE_REG;
 171:.\Generated_Source\PSoC5/CapSense_PM.c ****             CyExitCriticalSection(enableInterrupts);
 172:.\Generated_Source\PSoC5/CapSense_PM.c ****             
 173:.\Generated_Source\PSoC5/CapSense_PM.c ****             /* Write polynomial */
 174:.\Generated_Source\PSoC5/CapSense_PM.c ****             CY_SET_REG16(CapSense_POLYNOM_PTR, CapSense_PRS16_DEFAULT_POLYNOM); /* D0 register */
 175:.\Generated_Source\PSoC5/CapSense_PM.c ****         #endif  /* End (CY_PSOC3_ES2 || CY_PSOC5_ES1) */
 176:.\Generated_Source\PSoC5/CapSense_PM.c ****         
 177:.\Generated_Source\PSoC5/CapSense_PM.c ****         /* Write FIFO with seed */
 178:.\Generated_Source\PSoC5/CapSense_PM.c ****         CY_SET_REG16(CapSense_SEED_COPY_PTR, CapSense_MEASURE_FULL_RANGE);      /* F0 register */
 136              		.loc 1 178 0
 137 0004 46F24343 		movw	r3, #:lower16:1073767491
 138 0008 C4F20003 		movt	r3, #:upper16:1073767491
 139 000c 4FF6FF72 		movw	r2, #65535
 140 0010 1A80     		strh	r2, [r3, #0]	@ movhi
 179:.\Generated_Source\PSoC5/CapSense_PM.c ****                 
 180:.\Generated_Source\PSoC5/CapSense_PM.c ****     #elif (CapSense_PRS_OPTIONS == CapSense_PRS_16BITS_4X)
 181:.\Generated_Source\PSoC5/CapSense_PM.c ****         #if (CY_PSOC3_ES2 || CY_PSOC5_ES1)
 182:.\Generated_Source\PSoC5/CapSense_PM.c ****             /* Aux control set FIFO as REG */
 183:.\Generated_Source\PSoC5/CapSense_PM.c ****             enableInterrupts = CyEnterCriticalSection();
 184:.\Generated_Source\PSoC5/CapSense_PM.c ****             CapSense_AUX_CONTROL_A_REG  |= CapSense_AUXCTRL_FIFO_SINGLE_REG;
 185:.\Generated_Source\PSoC5/CapSense_PM.c ****             CyExitCriticalSection(enableInterrupts);
 186:.\Generated_Source\PSoC5/CapSense_PM.c ****             
 187:.\Generated_Source\PSoC5/CapSense_PM.c ****             /* Write polynomial */
 188:.\Generated_Source\PSoC5/CapSense_PM.c ****             CapSense_POLYNOM_A__D1_REG   = HI8(CapSense_PRS16_DEFAULT_POLYNOM); /* D0 register */
 189:.\Generated_Source\PSoC5/CapSense_PM.c ****             CapSense_POLYNOM_A__D0_REG   = LO8(CapSense_PRS16_DEFAULT_POLYNOM); /* D1 register */
 190:.\Generated_Source\PSoC5/CapSense_PM.c ****         #endif  /* End (CY_PSOC3_ES2 || CY_PSOC5_ES1) */
 191:.\Generated_Source\PSoC5/CapSense_PM.c ****         
 192:.\Generated_Source\PSoC5/CapSense_PM.c ****         /* Write FIFO with seed */
 193:.\Generated_Source\PSoC5/CapSense_PM.c ****         CapSense_SEED_COPY_A__F1_REG = CapSense_MEASURE_FULL_RANGE_LOW;         /* F0 register */
 194:.\Generated_Source\PSoC5/CapSense_PM.c ****         CapSense_SEED_COPY_A__F0_REG =CapSense_MEASURE_FULL_RANGE_LOW;          /* F1 register */
 195:.\Generated_Source\PSoC5/CapSense_PM.c ****         
 196:.\Generated_Source\PSoC5/CapSense_PM.c ****     #else
 197:.\Generated_Source\PSoC5/CapSense_PM.c ****         /* Do nothing = config without PRS */
 198:.\Generated_Source\PSoC5/CapSense_PM.c ****     #endif  /* End (CapSense_PRS_OPTIONS == CapSense_PRS_8BITS) */
ARM GAS  C:\Users\awkward\AppData\Local\Temp\ccopFNSE.s 			page 7


 199:.\Generated_Source\PSoC5/CapSense_PM.c ****     
 200:.\Generated_Source\PSoC5/CapSense_PM.c ****     #if (CY_PSOC3_ES2 || CY_PSOC5_ES1)
 201:.\Generated_Source\PSoC5/CapSense_PM.c ****         /* Set ScanSpeed */
 202:.\Generated_Source\PSoC5/CapSense_PM.c ****         CapSense_SCANSPEED_PERIOD_REG = CapSense_backup.scanspeed;       /* Counter7_PERIOD registe
 203:.\Generated_Source\PSoC5/CapSense_PM.c ****     #endif  /* End (CY_PSOC3_ES2 || CY_PSOC5_ES1) */
 204:.\Generated_Source\PSoC5/CapSense_PM.c ****     
 205:.\Generated_Source\PSoC5/CapSense_PM.c ****     /* Set the Measure */
 206:.\Generated_Source\PSoC5/CapSense_PM.c ****     #if (CapSense_IMPLEMENTATION_CH0 == CapSense_MEASURE_IMPLEMENTATION_FF)
 207:.\Generated_Source\PSoC5/CapSense_PM.c ****         /* Window PWM  - FF Timer register are retention */
 208:.\Generated_Source\PSoC5/CapSense_PM.c ****         /* Raw Counter - FF Timer register are retention */
 209:.\Generated_Source\PSoC5/CapSense_PM.c ****     #else
 210:.\Generated_Source\PSoC5/CapSense_PM.c ****         /* Window PWM and Raw Counter AUX and D0 set */ 
 211:.\Generated_Source\PSoC5/CapSense_PM.c ****         #if (CY_PSOC3_ES2 || CY_PSOC5_ES1)
 212:.\Generated_Source\PSoC5/CapSense_PM.c ****             enableInterrupts = CyEnterCriticalSection();
 213:.\Generated_Source\PSoC5/CapSense_PM.c ****             CapSense_PWM_CH0_AUX_CONTROL_REG |= CapSense_AUXCTRL_FIFO_SINGLE_REG;   /* AUX register
 214:.\Generated_Source\PSoC5/CapSense_PM.c ****             CapSense_RAW_CH0_AUX_CONTROL_REG |= CapSense_AUXCTRL_FIFO_SINGLE_REG;   /* AUX register
 215:.\Generated_Source\PSoC5/CapSense_PM.c ****             CyExitCriticalSection(enableInterrupts);
 216:.\Generated_Source\PSoC5/CapSense_PM.c ****             
 217:.\Generated_Source\PSoC5/CapSense_PM.c ****             CapSense_PWM_CH0_ADD_VALUE_REG    = CapSense_MEASURE_FULL_RANGE_LOW;    /* D0 register 
 218:.\Generated_Source\PSoC5/CapSense_PM.c ****             CapSense_RAW_CH0_ADD_VALUE_REG    = CapSense_MEASURE_FULL_RANGE_LOW;    /* D0 register 
 219:.\Generated_Source\PSoC5/CapSense_PM.c ****             
 220:.\Generated_Source\PSoC5/CapSense_PM.c ****         #endif  /* End (CY_PSOC3_ES2 || CY_PSOC5_ES1) */
 221:.\Generated_Source\PSoC5/CapSense_PM.c ****         
 222:.\Generated_Source\PSoC5/CapSense_PM.c ****         /* Window PWM */
 223:.\Generated_Source\PSoC5/CapSense_PM.c ****         CapSense_PWM_CH0_PERIOD_LO_REG    = CapSense_MEASURE_FULL_RANGE_LOW;        /* F0 register 
 141              		.loc 1 223 0
 142 0012 46F24653 		movw	r3, #:lower16:1073767750
 143 0016 C4F20003 		movt	r3, #:upper16:1073767750
 144 001a 4FF0FF32 		mov	r2, #-1
 145 001e 1A70     		strb	r2, [r3, #0]
 224:.\Generated_Source\PSoC5/CapSense_PM.c ****         
 225:.\Generated_Source\PSoC5/CapSense_PM.c ****         /* Raw Counter */
 226:.\Generated_Source\PSoC5/CapSense_PM.c ****         CapSense_RAW_CH0_PERIOD_HI_REG    = CapSense_MEASURE_FULL_RANGE_LOW;        /* F1 register 
 146              		.loc 1 226 0
 147 0020 46F25643 		movw	r3, #:lower16:1073767510
 148 0024 C4F20003 		movt	r3, #:upper16:1073767510
 149 0028 4FF0FF32 		mov	r2, #-1
 150 002c 1A70     		strb	r2, [r3, #0]
 227:.\Generated_Source\PSoC5/CapSense_PM.c ****         CapSense_RAW_CH0_PERIOD_LO_REG    = CapSense_MEASURE_FULL_RANGE_LOW;        /* F0 register 
 151              		.loc 1 227 0
 152 002e 46F24643 		movw	r3, #:lower16:1073767494
 153 0032 C4F20003 		movt	r3, #:upper16:1073767494
 154 0036 4FF0FF32 		mov	r2, #-1
 155 003a 1A70     		strb	r2, [r3, #0]
 228:.\Generated_Source\PSoC5/CapSense_PM.c ****     
 229:.\Generated_Source\PSoC5/CapSense_PM.c ****     #endif  /* (CapSense_IMPLEMENTATION_CH0 == CapSense_MEASURE_IMPLEMENTATION_FF) */ 
 230:.\Generated_Source\PSoC5/CapSense_PM.c ****     
 231:.\Generated_Source\PSoC5/CapSense_PM.c ****     #if (CapSense_DESIGN_TYPE == CapSense_TWO_CHANNELS_DESIGN)
 232:.\Generated_Source\PSoC5/CapSense_PM.c ****         #if (CapSense_IMPLEMENTATION_CH1 == CapSense_MEASURE_IMPLEMENTATION_FF)
 233:.\Generated_Source\PSoC5/CapSense_PM.c ****             /* Window PWM  - FF Timer register are retention */
 234:.\Generated_Source\PSoC5/CapSense_PM.c ****             /* Raw Counter - FF Timer register are retention */
 235:.\Generated_Source\PSoC5/CapSense_PM.c ****         #else
 236:.\Generated_Source\PSoC5/CapSense_PM.c ****             /* Window PWM and Raw Counter AUX and D0 set */ 
 237:.\Generated_Source\PSoC5/CapSense_PM.c ****             #if (CY_PSOC3_ES2 || CY_PSOC5_ES1)
 238:.\Generated_Source\PSoC5/CapSense_PM.c ****                 enableInterrupts = CyEnterCriticalSection();
 239:.\Generated_Source\PSoC5/CapSense_PM.c ****                 CapSense_PWM_CH1_AUX_CONTROL_REG |= CapSense_AUXCTRL_FIFO_SINGLE_REG; /* AUX regist
 240:.\Generated_Source\PSoC5/CapSense_PM.c ****                 CapSense_RAW_CH1_AUX_CONTROL_REG |= CapSense_AUXCTRL_FIFO_SINGLE_REG; /* AUX regist
ARM GAS  C:\Users\awkward\AppData\Local\Temp\ccopFNSE.s 			page 8


 241:.\Generated_Source\PSoC5/CapSense_PM.c ****                 CyExitCriticalSection(enableInterrupts);
 242:.\Generated_Source\PSoC5/CapSense_PM.c ****                 
 243:.\Generated_Source\PSoC5/CapSense_PM.c ****                 CapSense_RAW_CH1_ADD_VALUE_REG    = CapSense_MEASURE_FULL_RANGE_LOW;   /* D0 regist
 244:.\Generated_Source\PSoC5/CapSense_PM.c ****                 CapSense_PWM_CH1_ADD_VALUE_REG    = CapSense_MEASURE_FULL_RANGE_LOW;   /* D0 regist
 245:.\Generated_Source\PSoC5/CapSense_PM.c ****             #endif  /* End (CY_PSOC3_ES2 || CY_PSOC5_ES1) */
 246:.\Generated_Source\PSoC5/CapSense_PM.c ****             
 247:.\Generated_Source\PSoC5/CapSense_PM.c ****             /* Window PWM */
 248:.\Generated_Source\PSoC5/CapSense_PM.c ****             CapSense_PWM_CH1_PERIOD_LO_REG    = CapSense_MEASURE_FULL_RANGE_LOW;       /* F0 regist
 249:.\Generated_Source\PSoC5/CapSense_PM.c ****             
 250:.\Generated_Source\PSoC5/CapSense_PM.c ****             /* Raw Counter */
 251:.\Generated_Source\PSoC5/CapSense_PM.c ****             CapSense_RAW_CH1_PERIOD_HI_REG    = CapSense_MEASURE_FULL_RANGE_LOW;       /* F1 regist
 252:.\Generated_Source\PSoC5/CapSense_PM.c ****             CapSense_RAW_CH1_PERIOD_LO_REG    = CapSense_MEASURE_FULL_RANGE_LOW;       /* F0 regist
 253:.\Generated_Source\PSoC5/CapSense_PM.c ****             
 254:.\Generated_Source\PSoC5/CapSense_PM.c ****         #endif  /* End (CapSense_IMPLEMENTATION_CH1 == CapSense_MEASURE_IMPLEMENTATION_FF) */
 255:.\Generated_Source\PSoC5/CapSense_PM.c ****     
 256:.\Generated_Source\PSoC5/CapSense_PM.c ****     #endif  /* End (CapSense_DESIGN_TYPE == TWO_CHANNELS_DESIGN)*/
 257:.\Generated_Source\PSoC5/CapSense_PM.c **** 
 258:.\Generated_Source\PSoC5/CapSense_PM.c ****     /* Set CONTROL_REG */
 259:.\Generated_Source\PSoC5/CapSense_PM.c ****     CapSense_CONTROL_REG = CapSense_backup.ctrlreg;
 156              		.loc 1 259 0
 157 003c 46F27443 		movw	r3, #:lower16:1073767540
 158 0040 C4F20003 		movt	r3, #:upper16:1073767540
 159 0044 40F20002 		movw	r2, #:lower16:CapSense_backup
 160 0048 C0F20002 		movt	r2, #:upper16:CapSense_backup
 161 004c 5278     		ldrb	r2, [r2, #1]	@ zero_extendqisi2
 162 004e 1A70     		strb	r2, [r3, #0]
 260:.\Generated_Source\PSoC5/CapSense_PM.c **** 
 261:.\Generated_Source\PSoC5/CapSense_PM.c ****     /* Enable window generation */
 262:.\Generated_Source\PSoC5/CapSense_PM.c ****     CapSense_CONTROL_REG |= CapSense_CTRL_WINDOW_EN__CH0;
 163              		.loc 1 262 0
 164 0050 46F27443 		movw	r3, #:lower16:1073767540
 165 0054 C4F20003 		movt	r3, #:upper16:1073767540
 166 0058 46F27442 		movw	r2, #:lower16:1073767540
 167 005c C4F20002 		movt	r2, #:upper16:1073767540
 168 0060 1278     		ldrb	r2, [r2, #0]
 169 0062 D2B2     		uxtb	r2, r2
 170 0064 42F00402 		orr	r2, r2, #4
 171 0068 D2B2     		uxtb	r2, r2
 172 006a 1A70     		strb	r2, [r3, #0]
 263:.\Generated_Source\PSoC5/CapSense_PM.c ****     #if (CapSense_DESIGN_TYPE == CapSense_TWO_CHANNELS_DESIGN) 
 264:.\Generated_Source\PSoC5/CapSense_PM.c ****         CapSense_CONTROL_REG |= CapSense_CTRL_WINDOW_EN__CH1; 
 265:.\Generated_Source\PSoC5/CapSense_PM.c ****     #endif  /* End CapSense_DESIGN_TYPE */
 266:.\Generated_Source\PSoC5/CapSense_PM.c ****  
 267:.\Generated_Source\PSoC5/CapSense_PM.c ****     /* The pins enable are customer concern: Cmod and Rb */
 268:.\Generated_Source\PSoC5/CapSense_PM.c ****  }
 173              		.loc 1 268 0
 174 006c BD46     		mov	sp, r7
 175 006e 80BC     		pop	{r7}
 176 0070 7047     		bx	lr
 177              		.cfi_endproc
 178              	.LFE2:
 179              		.size	CapSense_RestoreConfig, .-CapSense_RestoreConfig
 180 0072 00BF     		.section	.text.CapSense_Wakeup,"ax",%progbits
 181              		.align	2
 182              		.global	CapSense_Wakeup
 183              		.thumb
 184              		.thumb_func
ARM GAS  C:\Users\awkward\AppData\Local\Temp\ccopFNSE.s 			page 9


 185              		.type	CapSense_Wakeup, %function
 186              	CapSense_Wakeup:
 187              	.LFB3:
 269:.\Generated_Source\PSoC5/CapSense_PM.c ****  
 270:.\Generated_Source\PSoC5/CapSense_PM.c **** 
 271:.\Generated_Source\PSoC5/CapSense_PM.c **** /*******************************************************************************
 272:.\Generated_Source\PSoC5/CapSense_PM.c **** * Function Name: CapSense_Wakeup
 273:.\Generated_Source\PSoC5/CapSense_PM.c **** ********************************************************************************
 274:.\Generated_Source\PSoC5/CapSense_PM.c **** *
 275:.\Generated_Source\PSoC5/CapSense_PM.c **** * Summary:
 276:.\Generated_Source\PSoC5/CapSense_PM.c **** *  Restores CapSense configuration and non-retention register values. 
 277:.\Generated_Source\PSoC5/CapSense_PM.c **** *  Restores enabled state of component by setting Active mode power template 
 278:.\Generated_Source\PSoC5/CapSense_PM.c **** *  bits for number of component used within CapSense.
 279:.\Generated_Source\PSoC5/CapSense_PM.c **** *
 280:.\Generated_Source\PSoC5/CapSense_PM.c **** * Parameters:
 281:.\Generated_Source\PSoC5/CapSense_PM.c **** *  None
 282:.\Generated_Source\PSoC5/CapSense_PM.c **** *
 283:.\Generated_Source\PSoC5/CapSense_PM.c **** * Return:
 284:.\Generated_Source\PSoC5/CapSense_PM.c **** *  None
 285:.\Generated_Source\PSoC5/CapSense_PM.c **** *
 286:.\Generated_Source\PSoC5/CapSense_PM.c **** * Global Variables:
 287:.\Generated_Source\PSoC5/CapSense_PM.c **** *  CapSense_backup - used to save component state before enter sleep 
 288:.\Generated_Source\PSoC5/CapSense_PM.c **** *  mode and none-retention registers.
 289:.\Generated_Source\PSoC5/CapSense_PM.c **** *
 290:.\Generated_Source\PSoC5/CapSense_PM.c **** *******************************************************************************/
 291:.\Generated_Source\PSoC5/CapSense_PM.c **** void CapSense_Wakeup(void) 
 292:.\Generated_Source\PSoC5/CapSense_PM.c **** {
 188              		.loc 1 292 0
 189              		.cfi_startproc
 190              		@ args = 0, pretend = 0, frame = 0
 191              		@ frame_needed = 1, uses_anonymous_args = 0
 192 0000 80B5     		push	{r7, lr}
 193              	.LCFI6:
 194              		.cfi_def_cfa_offset 8
 195 0002 00AF     		add	r7, sp, #0
 196              		.cfi_offset 14, -4
 197              		.cfi_offset 7, -8
 198              	.LCFI7:
 199              		.cfi_def_cfa_register 7
 293:.\Generated_Source\PSoC5/CapSense_PM.c ****     CapSense_RestoreConfig();
 200              		.loc 1 293 0
 201 0004 FFF7FEFF 		bl	CapSense_RestoreConfig
 294:.\Generated_Source\PSoC5/CapSense_PM.c ****     
 295:.\Generated_Source\PSoC5/CapSense_PM.c ****     /* Restore CapSense Enable state */
 296:.\Generated_Source\PSoC5/CapSense_PM.c ****     if (CapSense_backup.enableState != 0u)
 202              		.loc 1 296 0
 203 0008 40F20003 		movw	r3, #:lower16:CapSense_backup
 204 000c C0F20003 		movt	r3, #:upper16:CapSense_backup
 205 0010 1B78     		ldrb	r3, [r3, #0]	@ zero_extendqisi2
 206 0012 002B     		cmp	r3, #0
 207 0014 01D0     		beq	.L11
 297:.\Generated_Source\PSoC5/CapSense_PM.c ****     {
 298:.\Generated_Source\PSoC5/CapSense_PM.c ****         CapSense_Enable();
 208              		.loc 1 298 0
 209 0016 FFF7FEFF 		bl	CapSense_Enable
 210              	.L11:
 299:.\Generated_Source\PSoC5/CapSense_PM.c ****     }
ARM GAS  C:\Users\awkward\AppData\Local\Temp\ccopFNSE.s 			page 10


 300:.\Generated_Source\PSoC5/CapSense_PM.c **** }
 211              		.loc 1 300 0
 212 001a 80BD     		pop	{r7, pc}
 213              		.cfi_endproc
 214              	.LFE3:
 215              		.size	CapSense_Wakeup, .-CapSense_Wakeup
 216              		.text
 217              	.Letext0:
 218              		.section	.debug_loc,"",%progbits
 219              	.Ldebug_loc0:
 220              	.LLST0:
 221 0000 00000000 		.4byte	.LFB0
 222 0004 02000000 		.4byte	.LCFI0
 223 0008 0100     		.2byte	0x1
 224 000a 5D       		.byte	0x5d
 225 000b 02000000 		.4byte	.LCFI0
 226 000f 04000000 		.4byte	.LCFI1
 227 0013 0200     		.2byte	0x2
 228 0015 7D       		.byte	0x7d
 229 0016 08       		.sleb128 8
 230 0017 04000000 		.4byte	.LCFI1
 231 001b 20000000 		.4byte	.LFE0
 232 001f 0200     		.2byte	0x2
 233 0021 77       		.byte	0x77
 234 0022 08       		.sleb128 8
 235 0023 00000000 		.4byte	0x0
 236 0027 00000000 		.4byte	0x0
 237              	.LLST1:
 238 002b 00000000 		.4byte	.LFB1
 239 002f 02000000 		.4byte	.LCFI2
 240 0033 0100     		.2byte	0x1
 241 0035 5D       		.byte	0x5d
 242 0036 02000000 		.4byte	.LCFI2
 243 003a 04000000 		.4byte	.LCFI3
 244 003e 0200     		.2byte	0x2
 245 0040 7D       		.byte	0x7d
 246 0041 08       		.sleb128 8
 247 0042 04000000 		.4byte	.LCFI3
 248 0046 3E000000 		.4byte	.LFE1
 249 004a 0200     		.2byte	0x2
 250 004c 77       		.byte	0x77
 251 004d 08       		.sleb128 8
 252 004e 00000000 		.4byte	0x0
 253 0052 00000000 		.4byte	0x0
 254              	.LLST2:
 255 0056 00000000 		.4byte	.LFB2
 256 005a 02000000 		.4byte	.LCFI4
 257 005e 0100     		.2byte	0x1
 258 0060 5D       		.byte	0x5d
 259 0061 02000000 		.4byte	.LCFI4
 260 0065 04000000 		.4byte	.LCFI5
 261 0069 0200     		.2byte	0x2
 262 006b 7D       		.byte	0x7d
 263 006c 04       		.sleb128 4
 264 006d 04000000 		.4byte	.LCFI5
 265 0071 72000000 		.4byte	.LFE2
 266 0075 0200     		.2byte	0x2
ARM GAS  C:\Users\awkward\AppData\Local\Temp\ccopFNSE.s 			page 11


 267 0077 77       		.byte	0x77
 268 0078 04       		.sleb128 4
 269 0079 00000000 		.4byte	0x0
 270 007d 00000000 		.4byte	0x0
 271              	.LLST3:
 272 0081 00000000 		.4byte	.LFB3
 273 0085 02000000 		.4byte	.LCFI6
 274 0089 0100     		.2byte	0x1
 275 008b 5D       		.byte	0x5d
 276 008c 02000000 		.4byte	.LCFI6
 277 0090 04000000 		.4byte	.LCFI7
 278 0094 0200     		.2byte	0x2
 279 0096 7D       		.byte	0x7d
 280 0097 08       		.sleb128 8
 281 0098 04000000 		.4byte	.LCFI7
 282 009c 1C000000 		.4byte	.LFE3
 283 00a0 0200     		.2byte	0x2
 284 00a2 77       		.byte	0x77
 285 00a3 08       		.sleb128 8
 286 00a4 00000000 		.4byte	0x0
 287 00a8 00000000 		.4byte	0x0
 288              		.file 2 ".\\Generated_Source\\PSoC5\\/CapSense.h"
 289              		.file 3 ".\\Generated_Source\\PSoC5\\/cytypes.h"
 290              		.section	.debug_info
 291 0000 1C010000 		.4byte	0x11c
 292 0004 0200     		.2byte	0x2
 293 0006 00000000 		.4byte	.Ldebug_abbrev0
 294 000a 04       		.byte	0x4
 295 000b 01       		.uleb128 0x1
 296 000c 83000000 		.4byte	.LASF18
 297 0010 01       		.byte	0x1
 298 0011 24010000 		.4byte	.LASF19
 299 0015 E6000000 		.4byte	.LASF20
 300 0019 00000000 		.4byte	0x0
 301 001d 00000000 		.4byte	0x0
 302 0021 00000000 		.4byte	.Ldebug_ranges0+0x0
 303 0025 00000000 		.4byte	.Ldebug_line0
 304 0029 02       		.uleb128 0x2
 305 002a 01       		.byte	0x1
 306 002b 06       		.byte	0x6
 307 002c 18010000 		.4byte	.LASF0
 308 0030 02       		.uleb128 0x2
 309 0031 01       		.byte	0x1
 310 0032 08       		.byte	0x8
 311 0033 8F000000 		.4byte	.LASF1
 312 0037 02       		.uleb128 0x2
 313 0038 02       		.byte	0x2
 314 0039 05       		.byte	0x5
 315 003a 4B010000 		.4byte	.LASF2
 316 003e 02       		.uleb128 0x2
 317 003f 02       		.byte	0x2
 318 0040 07       		.byte	0x7
 319 0041 0E000000 		.4byte	.LASF3
 320 0045 02       		.uleb128 0x2
 321 0046 04       		.byte	0x4
 322 0047 05       		.byte	0x5
 323 0048 CD000000 		.4byte	.LASF4
ARM GAS  C:\Users\awkward\AppData\Local\Temp\ccopFNSE.s 			page 12


 324 004c 02       		.uleb128 0x2
 325 004d 04       		.byte	0x4
 326 004e 07       		.byte	0x7
 327 004f 5A000000 		.4byte	.LASF5
 328 0053 02       		.uleb128 0x2
 329 0054 08       		.byte	0x8
 330 0055 05       		.byte	0x5
 331 0056 00000000 		.4byte	.LASF6
 332 005a 02       		.uleb128 0x2
 333 005b 08       		.byte	0x8
 334 005c 07       		.byte	0x7
 335 005d 6C000000 		.4byte	.LASF7
 336 0061 03       		.uleb128 0x3
 337 0062 04       		.byte	0x4
 338 0063 05       		.byte	0x5
 339 0064 696E7400 		.ascii	"int\000"
 340 0068 02       		.uleb128 0x2
 341 0069 04       		.byte	0x4
 342 006a 07       		.byte	0x7
 343 006b 55010000 		.4byte	.LASF8
 344 006f 02       		.uleb128 0x2
 345 0070 01       		.byte	0x1
 346 0071 08       		.byte	0x8
 347 0072 9D000000 		.4byte	.LASF9
 348 0076 04       		.uleb128 0x4
 349 0077 54000000 		.4byte	.LASF12
 350 007b 03       		.byte	0x3
 351 007c 2A       		.byte	0x2a
 352 007d 30000000 		.4byte	0x30
 353 0081 05       		.uleb128 0x5
 354 0082 04       		.byte	0x4
 355 0083 07       		.byte	0x7
 356 0084 06       		.uleb128 0x6
 357 0085 62010000 		.4byte	.LASF21
 358 0089 02       		.byte	0x2
 359 008a 02       		.byte	0x2
 360 008b 86       		.byte	0x86
 361 008c AD000000 		.4byte	0xad
 362 0090 07       		.uleb128 0x7
 363 0091 21000000 		.4byte	.LASF10
 364 0095 02       		.byte	0x2
 365 0096 87       		.byte	0x87
 366 0097 76000000 		.4byte	0x76
 367 009b 02       		.byte	0x2
 368 009c 23       		.byte	0x23
 369 009d 00       		.uleb128 0x0
 370 009e 07       		.uleb128 0x7
 371 009f 7A010000 		.4byte	.LASF11
 372 00a3 02       		.byte	0x2
 373 00a4 8F       		.byte	0x8f
 374 00a5 76000000 		.4byte	0x76
 375 00a9 02       		.byte	0x2
 376 00aa 23       		.byte	0x23
 377 00ab 01       		.uleb128 0x1
 378 00ac 00       		.byte	0x0
 379 00ad 04       		.uleb128 0x4
 380 00ae 3D000000 		.4byte	.LASF13
ARM GAS  C:\Users\awkward\AppData\Local\Temp\ccopFNSE.s 			page 13


 381 00b2 02       		.byte	0x2
 382 00b3 90       		.byte	0x90
 383 00b4 84000000 		.4byte	0x84
 384 00b8 08       		.uleb128 0x8
 385 00b9 01       		.byte	0x1
 386 00ba A2000000 		.4byte	.LASF14
 387 00be 01       		.byte	0x1
 388 00bf 36       		.byte	0x36
 389 00c0 01       		.byte	0x1
 390 00c1 00000000 		.4byte	.LFB0
 391 00c5 20000000 		.4byte	.LFE0
 392 00c9 00000000 		.4byte	.LLST0
 393 00cd 08       		.uleb128 0x8
 394 00ce 01       		.byte	0x1
 395 00cf 82010000 		.4byte	.LASF15
 396 00d3 01       		.byte	0x1
 397 00d4 60       		.byte	0x60
 398 00d5 01       		.byte	0x1
 399 00d6 00000000 		.4byte	.LFB1
 400 00da 3E000000 		.4byte	.LFE1
 401 00de 2B000000 		.4byte	.LLST1
 402 00e2 08       		.uleb128 0x8
 403 00e3 01       		.byte	0x1
 404 00e4 B6000000 		.4byte	.LASF16
 405 00e8 01       		.byte	0x1
 406 00e9 87       		.byte	0x87
 407 00ea 01       		.byte	0x1
 408 00eb 00000000 		.4byte	.LFB2
 409 00ef 72000000 		.4byte	.LFE2
 410 00f3 56000000 		.4byte	.LLST2
 411 00f7 09       		.uleb128 0x9
 412 00f8 01       		.byte	0x1
 413 00f9 2D000000 		.4byte	.LASF17
 414 00fd 01       		.byte	0x1
 415 00fe 2301     		.2byte	0x123
 416 0100 01       		.byte	0x1
 417 0101 00000000 		.4byte	.LFB3
 418 0105 1C000000 		.4byte	.LFE3
 419 0109 81000000 		.4byte	.LLST3
 420 010d 0A       		.uleb128 0xa
 421 010e D6000000 		.4byte	.LASF22
 422 0112 01       		.byte	0x1
 423 0113 13       		.byte	0x13
 424 0114 AD000000 		.4byte	0xad
 425 0118 01       		.byte	0x1
 426 0119 05       		.byte	0x5
 427 011a 03       		.byte	0x3
 428 011b 00000000 		.4byte	CapSense_backup
 429 011f 00       		.byte	0x0
 430              		.section	.debug_abbrev
 431 0000 01       		.uleb128 0x1
 432 0001 11       		.uleb128 0x11
 433 0002 01       		.byte	0x1
 434 0003 25       		.uleb128 0x25
 435 0004 0E       		.uleb128 0xe
 436 0005 13       		.uleb128 0x13
 437 0006 0B       		.uleb128 0xb
ARM GAS  C:\Users\awkward\AppData\Local\Temp\ccopFNSE.s 			page 14


 438 0007 03       		.uleb128 0x3
 439 0008 0E       		.uleb128 0xe
 440 0009 1B       		.uleb128 0x1b
 441 000a 0E       		.uleb128 0xe
 442 000b 11       		.uleb128 0x11
 443 000c 01       		.uleb128 0x1
 444 000d 52       		.uleb128 0x52
 445 000e 01       		.uleb128 0x1
 446 000f 55       		.uleb128 0x55
 447 0010 06       		.uleb128 0x6
 448 0011 10       		.uleb128 0x10
 449 0012 06       		.uleb128 0x6
 450 0013 00       		.byte	0x0
 451 0014 00       		.byte	0x0
 452 0015 02       		.uleb128 0x2
 453 0016 24       		.uleb128 0x24
 454 0017 00       		.byte	0x0
 455 0018 0B       		.uleb128 0xb
 456 0019 0B       		.uleb128 0xb
 457 001a 3E       		.uleb128 0x3e
 458 001b 0B       		.uleb128 0xb
 459 001c 03       		.uleb128 0x3
 460 001d 0E       		.uleb128 0xe
 461 001e 00       		.byte	0x0
 462 001f 00       		.byte	0x0
 463 0020 03       		.uleb128 0x3
 464 0021 24       		.uleb128 0x24
 465 0022 00       		.byte	0x0
 466 0023 0B       		.uleb128 0xb
 467 0024 0B       		.uleb128 0xb
 468 0025 3E       		.uleb128 0x3e
 469 0026 0B       		.uleb128 0xb
 470 0027 03       		.uleb128 0x3
 471 0028 08       		.uleb128 0x8
 472 0029 00       		.byte	0x0
 473 002a 00       		.byte	0x0
 474 002b 04       		.uleb128 0x4
 475 002c 16       		.uleb128 0x16
 476 002d 00       		.byte	0x0
 477 002e 03       		.uleb128 0x3
 478 002f 0E       		.uleb128 0xe
 479 0030 3A       		.uleb128 0x3a
 480 0031 0B       		.uleb128 0xb
 481 0032 3B       		.uleb128 0x3b
 482 0033 0B       		.uleb128 0xb
 483 0034 49       		.uleb128 0x49
 484 0035 13       		.uleb128 0x13
 485 0036 00       		.byte	0x0
 486 0037 00       		.byte	0x0
 487 0038 05       		.uleb128 0x5
 488 0039 24       		.uleb128 0x24
 489 003a 00       		.byte	0x0
 490 003b 0B       		.uleb128 0xb
 491 003c 0B       		.uleb128 0xb
 492 003d 3E       		.uleb128 0x3e
 493 003e 0B       		.uleb128 0xb
 494 003f 00       		.byte	0x0
ARM GAS  C:\Users\awkward\AppData\Local\Temp\ccopFNSE.s 			page 15


 495 0040 00       		.byte	0x0
 496 0041 06       		.uleb128 0x6
 497 0042 13       		.uleb128 0x13
 498 0043 01       		.byte	0x1
 499 0044 03       		.uleb128 0x3
 500 0045 0E       		.uleb128 0xe
 501 0046 0B       		.uleb128 0xb
 502 0047 0B       		.uleb128 0xb
 503 0048 3A       		.uleb128 0x3a
 504 0049 0B       		.uleb128 0xb
 505 004a 3B       		.uleb128 0x3b
 506 004b 0B       		.uleb128 0xb
 507 004c 01       		.uleb128 0x1
 508 004d 13       		.uleb128 0x13
 509 004e 00       		.byte	0x0
 510 004f 00       		.byte	0x0
 511 0050 07       		.uleb128 0x7
 512 0051 0D       		.uleb128 0xd
 513 0052 00       		.byte	0x0
 514 0053 03       		.uleb128 0x3
 515 0054 0E       		.uleb128 0xe
 516 0055 3A       		.uleb128 0x3a
 517 0056 0B       		.uleb128 0xb
 518 0057 3B       		.uleb128 0x3b
 519 0058 0B       		.uleb128 0xb
 520 0059 49       		.uleb128 0x49
 521 005a 13       		.uleb128 0x13
 522 005b 38       		.uleb128 0x38
 523 005c 0A       		.uleb128 0xa
 524 005d 00       		.byte	0x0
 525 005e 00       		.byte	0x0
 526 005f 08       		.uleb128 0x8
 527 0060 2E       		.uleb128 0x2e
 528 0061 00       		.byte	0x0
 529 0062 3F       		.uleb128 0x3f
 530 0063 0C       		.uleb128 0xc
 531 0064 03       		.uleb128 0x3
 532 0065 0E       		.uleb128 0xe
 533 0066 3A       		.uleb128 0x3a
 534 0067 0B       		.uleb128 0xb
 535 0068 3B       		.uleb128 0x3b
 536 0069 0B       		.uleb128 0xb
 537 006a 27       		.uleb128 0x27
 538 006b 0C       		.uleb128 0xc
 539 006c 11       		.uleb128 0x11
 540 006d 01       		.uleb128 0x1
 541 006e 12       		.uleb128 0x12
 542 006f 01       		.uleb128 0x1
 543 0070 40       		.uleb128 0x40
 544 0071 06       		.uleb128 0x6
 545 0072 00       		.byte	0x0
 546 0073 00       		.byte	0x0
 547 0074 09       		.uleb128 0x9
 548 0075 2E       		.uleb128 0x2e
 549 0076 00       		.byte	0x0
 550 0077 3F       		.uleb128 0x3f
 551 0078 0C       		.uleb128 0xc
ARM GAS  C:\Users\awkward\AppData\Local\Temp\ccopFNSE.s 			page 16


 552 0079 03       		.uleb128 0x3
 553 007a 0E       		.uleb128 0xe
 554 007b 3A       		.uleb128 0x3a
 555 007c 0B       		.uleb128 0xb
 556 007d 3B       		.uleb128 0x3b
 557 007e 05       		.uleb128 0x5
 558 007f 27       		.uleb128 0x27
 559 0080 0C       		.uleb128 0xc
 560 0081 11       		.uleb128 0x11
 561 0082 01       		.uleb128 0x1
 562 0083 12       		.uleb128 0x12
 563 0084 01       		.uleb128 0x1
 564 0085 40       		.uleb128 0x40
 565 0086 06       		.uleb128 0x6
 566 0087 00       		.byte	0x0
 567 0088 00       		.byte	0x0
 568 0089 0A       		.uleb128 0xa
 569 008a 34       		.uleb128 0x34
 570 008b 00       		.byte	0x0
 571 008c 03       		.uleb128 0x3
 572 008d 0E       		.uleb128 0xe
 573 008e 3A       		.uleb128 0x3a
 574 008f 0B       		.uleb128 0xb
 575 0090 3B       		.uleb128 0x3b
 576 0091 0B       		.uleb128 0xb
 577 0092 49       		.uleb128 0x49
 578 0093 13       		.uleb128 0x13
 579 0094 3F       		.uleb128 0x3f
 580 0095 0C       		.uleb128 0xc
 581 0096 02       		.uleb128 0x2
 582 0097 0A       		.uleb128 0xa
 583 0098 00       		.byte	0x0
 584 0099 00       		.byte	0x0
 585 009a 00       		.byte	0x0
 586              		.section	.debug_pubnames,"",%progbits
 587 0000 7C000000 		.4byte	0x7c
 588 0004 0200     		.2byte	0x2
 589 0006 00000000 		.4byte	.Ldebug_info0
 590 000a 20010000 		.4byte	0x120
 591 000e B8000000 		.4byte	0xb8
 592 0012 43617053 		.ascii	"CapSense_SaveConfig\000"
 592      656E7365 
 592      5F536176 
 592      65436F6E 
 592      66696700 
 593 0026 CD000000 		.4byte	0xcd
 594 002a 43617053 		.ascii	"CapSense_Sleep\000"
 594      656E7365 
 594      5F536C65 
 594      657000
 595 0039 E2000000 		.4byte	0xe2
 596 003d 43617053 		.ascii	"CapSense_RestoreConfig\000"
 596      656E7365 
 596      5F526573 
 596      746F7265 
 596      436F6E66 
 597 0054 F7000000 		.4byte	0xf7
ARM GAS  C:\Users\awkward\AppData\Local\Temp\ccopFNSE.s 			page 17


 598 0058 43617053 		.ascii	"CapSense_Wakeup\000"
 598      656E7365 
 598      5F57616B 
 598      65757000 
 599 0068 0D010000 		.4byte	0x10d
 600 006c 43617053 		.ascii	"CapSense_backup\000"
 600      656E7365 
 600      5F626163 
 600      6B757000 
 601 007c 00000000 		.4byte	0x0
 602              		.section	.debug_aranges,"",%progbits
 603 0000 34000000 		.4byte	0x34
 604 0004 0200     		.2byte	0x2
 605 0006 00000000 		.4byte	.Ldebug_info0
 606 000a 04       		.byte	0x4
 607 000b 00       		.byte	0x0
 608 000c 0000     		.2byte	0x0
 609 000e 0000     		.2byte	0x0
 610 0010 00000000 		.4byte	.LFB0
 611 0014 20000000 		.4byte	.LFE0-.LFB0
 612 0018 00000000 		.4byte	.LFB1
 613 001c 3E000000 		.4byte	.LFE1-.LFB1
 614 0020 00000000 		.4byte	.LFB2
 615 0024 72000000 		.4byte	.LFE2-.LFB2
 616 0028 00000000 		.4byte	.LFB3
 617 002c 1C000000 		.4byte	.LFE3-.LFB3
 618 0030 00000000 		.4byte	0x0
 619 0034 00000000 		.4byte	0x0
 620              		.section	.debug_ranges,"",%progbits
 621              	.Ldebug_ranges0:
 622 0000 00000000 		.4byte	.Ltext0
 623 0004 00000000 		.4byte	.Letext0
 624 0008 00000000 		.4byte	.LFB0
 625 000c 20000000 		.4byte	.LFE0
 626 0010 00000000 		.4byte	.LFB1
 627 0014 3E000000 		.4byte	.LFE1
 628 0018 00000000 		.4byte	.LFB2
 629 001c 72000000 		.4byte	.LFE2
 630 0020 00000000 		.4byte	.LFB3
 631 0024 1C000000 		.4byte	.LFE3
 632 0028 00000000 		.4byte	0x0
 633 002c 00000000 		.4byte	0x0
 634              		.section	.debug_str,"MS",%progbits,1
 635              	.LASF6:
 636 0000 6C6F6E67 		.ascii	"long long int\000"
 636      206C6F6E 
 636      6720696E 
 636      7400
 637              	.LASF3:
 638 000e 73686F72 		.ascii	"short unsigned int\000"
 638      7420756E 
 638      7369676E 
 638      65642069 
 638      6E7400
 639              	.LASF10:
 640 0021 656E6162 		.ascii	"enableState\000"
 640      6C655374 
ARM GAS  C:\Users\awkward\AppData\Local\Temp\ccopFNSE.s 			page 18


 640      61746500 
 641              	.LASF17:
 642 002d 43617053 		.ascii	"CapSense_Wakeup\000"
 642      656E7365 
 642      5F57616B 
 642      65757000 
 643              	.LASF13:
 644 003d 43617053 		.ascii	"CapSense_BACKUP_STRUCT\000"
 644      656E7365 
 644      5F424143 
 644      4B55505F 
 644      53545255 
 645              	.LASF12:
 646 0054 75696E74 		.ascii	"uint8\000"
 646      3800
 647              	.LASF5:
 648 005a 6C6F6E67 		.ascii	"long unsigned int\000"
 648      20756E73 
 648      69676E65 
 648      6420696E 
 648      7400
 649              	.LASF7:
 650 006c 6C6F6E67 		.ascii	"long long unsigned int\000"
 650      206C6F6E 
 650      6720756E 
 650      7369676E 
 650      65642069 
 651              	.LASF18:
 652 0083 474E5520 		.ascii	"GNU C 4.4.1\000"
 652      4320342E 
 652      342E3100 
 653              	.LASF1:
 654 008f 756E7369 		.ascii	"unsigned char\000"
 654      676E6564 
 654      20636861 
 654      7200
 655              	.LASF9:
 656 009d 63686172 		.ascii	"char\000"
 656      00
 657              	.LASF14:
 658 00a2 43617053 		.ascii	"CapSense_SaveConfig\000"
 658      656E7365 
 658      5F536176 
 658      65436F6E 
 658      66696700 
 659              	.LASF16:
 660 00b6 43617053 		.ascii	"CapSense_RestoreConfig\000"
 660      656E7365 
 660      5F526573 
 660      746F7265 
 660      436F6E66 
 661              	.LASF4:
 662 00cd 6C6F6E67 		.ascii	"long int\000"
 662      20696E74 
 662      00
 663              	.LASF22:
 664 00d6 43617053 		.ascii	"CapSense_backup\000"
ARM GAS  C:\Users\awkward\AppData\Local\Temp\ccopFNSE.s 			page 19


 664      656E7365 
 664      5F626163 
 664      6B757000 
 665              	.LASF20:
 666 00e6 493A5C43 		.ascii	"I:\\ControllerKinect\\Transmitter\\Transmitter.cyds"
 666      6F6E7472 
 666      6F6C6C65 
 666      724B696E 
 666      6563745C 
 667 0116 6E00     		.ascii	"n\000"
 668              	.LASF0:
 669 0118 7369676E 		.ascii	"signed char\000"
 669      65642063 
 669      68617200 
 670              	.LASF19:
 671 0124 2E5C4765 		.ascii	".\\Generated_Source\\PSoC5\\CapSense_PM.c\000"
 671      6E657261 
 671      7465645F 
 671      536F7572 
 671      63655C50 
 672              	.LASF2:
 673 014b 73686F72 		.ascii	"short int\000"
 673      7420696E 
 673      7400
 674              	.LASF8:
 675 0155 756E7369 		.ascii	"unsigned int\000"
 675      676E6564 
 675      20696E74 
 675      00
 676              	.LASF21:
 677 0162 5F436170 		.ascii	"_CapSense_BACKUP_STRUCT\000"
 677      53656E73 
 677      655F4241 
 677      434B5550 
 677      5F535452 
 678              	.LASF11:
 679 017a 6374726C 		.ascii	"ctrlreg\000"
 679      72656700 
 680              	.LASF15:
 681 0182 43617053 		.ascii	"CapSense_Sleep\000"
 681      656E7365 
 681      5F536C65 
 681      657000
 682              		.ident	"GCC: (Sourcery G++ Lite 2010q1-188) 4.4.1"
