Archive member included because of file (symbol)

.\ARM_GCC_441\Debug\Transmitter.a(CyDmac.o)
                              .\ARM_GCC_441\Debug\Cm3Start.o (CyDmacConfigure)
.\ARM_GCC_441\Debug\Transmitter.a(CyLib.o)
                              .\ARM_GCC_441\Debug\Cm3Start.o (CyResetStatus)
.\ARM_GCC_441\Debug\Transmitter.a(cyPm.o)
                              .\ARM_GCC_441\Debug\Transmitter.a(CyLib.o) (CyPmReadStatus)
.\ARM_GCC_441\Debug\Transmitter.a(LCD.o)
                              .\ARM_GCC_441\Debug\main.o (LCD_WriteControl)
.\ARM_GCC_441\Debug\Transmitter.a(SPIM.o)
                              .\ARM_GCC_441\Debug\main.o (SPIM_ClearFIFO)
.\ARM_GCC_441\Debug\Transmitter.a(cyfitter_cfg.o)
                              .\ARM_GCC_441\Debug\Cm3Start.o (cyfitter_cfg)
.\ARM_GCC_441\Debug\Transmitter.a(CyBootAsmGnu.o)
                              .\ARM_GCC_441\Debug\Transmitter.a(CyLib.o) (CyDelayCycles)
.\ARM_GCC_441\Debug\Transmitter.a(CyFlash.o)
                              .\ARM_GCC_441\Debug\Transmitter.a(cyPm.o) (CyFlash_SetWaitCycles)
.\ARM_GCC_441\Debug\Transmitter.a(CySpc.o)
                              .\ARM_GCC_441\Debug\Transmitter.a(CyFlash.o) (CySpcLock)
.\ARM_GCC_441\Debug\Transmitter.a(cyutils.o)
                              .\ARM_GCC_441\Debug\Transmitter.a(cyfitter_cfg.o) (CySetReg24)
c:/program files/cypress/psoc creator/2.0/psoc creator/import/gnu_cs/arm/4.4.1/bin/../lib/gcc/arm-none-eabi/4.4.1/../../../../arm-none-eabi/lib/thumb2\libc.a(lib_a-memcpy.o)
                              .\ARM_GCC_441\Debug\Transmitter.a(cyfitter_cfg.o) (memcpy)
c:/program files/cypress/psoc creator/2.0/psoc creator/import/gnu_cs/arm/4.4.1/bin/../lib/gcc/arm-none-eabi/4.4.1/../../../../arm-none-eabi/lib/thumb2\libcs3.a(start_c.o)
                              (__cs3_start_c)
c:/program files/cypress/psoc creator/2.0/psoc creator/import/gnu_cs/arm/4.4.1/bin/../lib/gcc/arm-none-eabi/4.4.1/../../../../arm-none-eabi/lib/thumb2\libcs3micro.a(micro-vector.o)
                              (__cs3_interrupt_vector_micro)
c:/program files/cypress/psoc creator/2.0/psoc creator/import/gnu_cs/arm/4.4.1/bin/../lib/gcc/arm-none-eabi/4.4.1/../../../../arm-none-eabi/lib/thumb2\libcs3micro.a(micro_isr_interrupt.o)
                              (__cs3_isr_nmi)
c:/program files/cypress/psoc creator/2.0/psoc creator/import/gnu_cs/arm/4.4.1/bin/../lib/gcc/arm-none-eabi/4.4.1/../../../../arm-none-eabi/lib/thumb2\libc.a(lib_a-init.o)
                              c:/program files/cypress/psoc creator/2.0/psoc creator/import/gnu_cs/arm/4.4.1/bin/../lib/gcc/arm-none-eabi/4.4.1/../../../../arm-none-eabi/lib/thumb2\libcs3.a(start_c.o) (__libc_init_array)

Allocating common symbols
Common symbol       size              file

cyCommand           0x10              .\ARM_GCC_441\Debug\Transmitter.a(CySpc.o)
cyCommandSize       0x1               .\ARM_GCC_441\Debug\Transmitter.a(CySpc.o)
CyResetStatus       0x1               .\ARM_GCC_441\Debug\Transmitter.a(CyLib.o)
dieTemperature      0x2               .\ARM_GCC_441\Debug\Transmitter.a(CyFlash.o)

Discarded input sections

 .text          0x00000000        0x0 c:/program files/cypress/psoc creator/2.0/psoc creator/import/gnu_cs/arm/4.4.1/bin/../lib/gcc/arm-none-eabi/4.4.1/thumb2/crti.o
 .data          0x00000000        0x0 c:/program files/cypress/psoc creator/2.0/psoc creator/import/gnu_cs/arm/4.4.1/bin/../lib/gcc/arm-none-eabi/4.4.1/thumb2/crti.o
 .bss           0x00000000        0x0 c:/program files/cypress/psoc creator/2.0/psoc creator/import/gnu_cs/arm/4.4.1/bin/../lib/gcc/arm-none-eabi/4.4.1/thumb2/crti.o
 .data          0x00000000        0x4 c:/program files/cypress/psoc creator/2.0/psoc creator/import/gnu_cs/arm/4.4.1/bin/../lib/gcc/arm-none-eabi/4.4.1/thumb2/crtbegin.o
 .text          0x00000000        0x0 .\ARM_GCC_441\Debug\main.o
 .data          0x00000000        0x0 .\ARM_GCC_441\Debug\main.o
 .text          0x00000000        0x0 .\ARM_GCC_441\Debug\Cm3Start.o
 .data          0x00000000        0x0 .\ARM_GCC_441\Debug\Cm3Start.o
 .bss           0x00000000        0x0 .\ARM_GCC_441\Debug\Cm3Start.o
 .text.IntDefaultHandler
                0x00000000        0x8 .\ARM_GCC_441\Debug\Cm3Start.o
 .text          0x00000000        0x0 .\ARM_GCC_441\Debug\Transmitter.a(CyDmac.o)
 .data          0x00000000        0x0 .\ARM_GCC_441\Debug\Transmitter.a(CyDmac.o)
 .text.CyDmacError
                0x00000000       0x1c .\ARM_GCC_441\Debug\Transmitter.a(CyDmac.o)
 .text.CyDmacClearError
                0x00000000       0x24 .\ARM_GCC_441\Debug\Transmitter.a(CyDmac.o)
 .text.CyDmacErrorAddress
                0x00000000       0x18 .\ARM_GCC_441\Debug\Transmitter.a(CyDmac.o)
 .text.CyDmaChAlloc
                0x00000000       0x84 .\ARM_GCC_441\Debug\Transmitter.a(CyDmac.o)
 .text.CyDmaChFree
                0x00000000       0x64 .\ARM_GCC_441\Debug\Transmitter.a(CyDmac.o)
 .text.CyDmaChEnable
                0x00000000       0x70 .\ARM_GCC_441\Debug\Transmitter.a(CyDmac.o)
 .text.CyDmaChDisable
                0x00000000       0x58 .\ARM_GCC_441\Debug\Transmitter.a(CyDmac.o)
 .text.CyDmaClearPendingDrq
                0x00000000       0x84 .\ARM_GCC_441\Debug\Transmitter.a(CyDmac.o)
 .text.CyDmaChPriority
                0x00000000       0x70 .\ARM_GCC_441\Debug\Transmitter.a(CyDmac.o)
 .text.CyDmaChSetExtendedAddress
                0x00000000       0x88 .\ARM_GCC_441\Debug\Transmitter.a(CyDmac.o)
 .text.CyDmaChSetInitialTd
                0x00000000       0x44 .\ARM_GCC_441\Debug\Transmitter.a(CyDmac.o)
 .text.CyDmaChSetRequest
                0x00000000       0x60 .\ARM_GCC_441\Debug\Transmitter.a(CyDmac.o)
 .text.CyDmaChGetRequest
                0x00000000       0x40 .\ARM_GCC_441\Debug\Transmitter.a(CyDmac.o)
 .text.CyDmaChStatus
                0x00000000       0x70 .\ARM_GCC_441\Debug\Transmitter.a(CyDmac.o)
 .text.CyDmaChSetConfiguration
                0x00000000       0xa0 .\ARM_GCC_441\Debug\Transmitter.a(CyDmac.o)
 .text.CyDmaTdAllocate
                0x00000000       0x7c .\ARM_GCC_441\Debug\Transmitter.a(CyDmac.o)
 .text.CyDmaTdFree
                0x00000000       0x6c .\ARM_GCC_441\Debug\Transmitter.a(CyDmac.o)
 .text.CyDmaTdFreeCount
                0x00000000       0x20 .\ARM_GCC_441\Debug\Transmitter.a(CyDmac.o)
 .text.CyDmaTdSetConfiguration
                0x00000000       0x78 .\ARM_GCC_441\Debug\Transmitter.a(CyDmac.o)
 .text.CyDmaTdGetConfiguration
                0x00000000       0x94 .\ARM_GCC_441\Debug\Transmitter.a(CyDmac.o)
 .text.CyDmaTdSetAddress
                0x00000000       0x6c .\ARM_GCC_441\Debug\Transmitter.a(CyDmac.o)
 .text.CyDmaTdGetAddress
                0x00000000       0x7c .\ARM_GCC_441\Debug\Transmitter.a(CyDmac.o)
 .text          0x00000000        0x0 .\ARM_GCC_441\Debug\Transmitter.a(CyLib.o)
 .bss           0x00000000        0x0 .\ARM_GCC_441\Debug\Transmitter.a(CyLib.o)
 .text.CyPLL_OUT_Start
                0x00000000      0x118 .\ARM_GCC_441\Debug\Transmitter.a(CyLib.o)
 .text.CyPLL_OUT_Stop
                0x00000000       0x24 .\ARM_GCC_441\Debug\Transmitter.a(CyLib.o)
 .text.CyPLL_OUT_SetPQ
                0x00000000       0xa8 .\ARM_GCC_441\Debug\Transmitter.a(CyLib.o)
 .text.CyPLL_OUT_SetSource
                0x00000000       0x70 .\ARM_GCC_441\Debug\Transmitter.a(CyLib.o)
 .text.CyIMO_Start
                0x00000000       0xd0 .\ARM_GCC_441\Debug\Transmitter.a(CyLib.o)
 .text.CyIMO_Stop
                0x00000000       0x24 .\ARM_GCC_441\Debug\Transmitter.a(CyLib.o)
 .text.CyIMO_SetTrimValue
                0x00000000      0x144 .\ARM_GCC_441\Debug\Transmitter.a(CyLib.o)
 .text.CyIMO_SetFreq
                0x00000000      0x214 .\ARM_GCC_441\Debug\Transmitter.a(CyLib.o)
 .text.CyIMO_SetSource
                0x00000000       0xb8 .\ARM_GCC_441\Debug\Transmitter.a(CyLib.o)
 .text.CyIMO_EnableDoubler
                0x00000000       0x28 .\ARM_GCC_441\Debug\Transmitter.a(CyLib.o)
 .text.CyIMO_DisableDoubler
                0x00000000       0x24 .\ARM_GCC_441\Debug\Transmitter.a(CyLib.o)
 .text.CyMasterClk_SetSource
                0x00000000       0x44 .\ARM_GCC_441\Debug\Transmitter.a(CyLib.o)
 .text.CyMasterClk_SetDivider
                0x00000000       0x20 .\ARM_GCC_441\Debug\Transmitter.a(CyLib.o)
 .text.CyBusClk_Internal_SetDivider
                0x00000000       0x84 .\ARM_GCC_441\Debug\Transmitter.a(CyLib.o)
 .text.CyBusClk_SetDivider
                0x00000000       0xa4 .\ARM_GCC_441\Debug\Transmitter.a(CyLib.o)
 .text.CyCpuClk_SetDivider
                0x00000000       0x14 .\ARM_GCC_441\Debug\Transmitter.a(CyLib.o)
 .text.CyUsbClk_SetSource
                0x00000000       0x40 .\ARM_GCC_441\Debug\Transmitter.a(CyLib.o)
 .text.CyILO_Start1K
                0x00000000       0x28 .\ARM_GCC_441\Debug\Transmitter.a(CyLib.o)
 .text.CyILO_Stop1K
                0x00000000       0x24 .\ARM_GCC_441\Debug\Transmitter.a(CyLib.o)
 .text.CyILO_Start100K
                0x00000000       0x28 .\ARM_GCC_441\Debug\Transmitter.a(CyLib.o)
 .text.CyILO_Stop100K
                0x00000000       0x24 .\ARM_GCC_441\Debug\Transmitter.a(CyLib.o)
 .text.CyILO_Enable33K
                0x00000000       0x28 .\ARM_GCC_441\Debug\Transmitter.a(CyLib.o)
 .text.CyILO_Disable33K
                0x00000000       0x24 .\ARM_GCC_441\Debug\Transmitter.a(CyLib.o)
 .text.CyILO_SetSource
                0x00000000       0x44 .\ARM_GCC_441\Debug\Transmitter.a(CyLib.o)
 .text.CyILO_SetPowerMode
                0x00000000       0x58 .\ARM_GCC_441\Debug\Transmitter.a(CyLib.o)
 .text.CyXTAL_32KHZ_Start
                0x00000000       0x7c .\ARM_GCC_441\Debug\Transmitter.a(CyLib.o)
 .text.CyXTAL_32KHZ_Stop
                0x00000000       0x24 .\ARM_GCC_441\Debug\Transmitter.a(CyLib.o)
 .text.CyXTAL_32KHZ_ReadStatus
                0x00000000       0x24 .\ARM_GCC_441\Debug\Transmitter.a(CyLib.o)
 .text.CyXTAL_32KHZ_SetPowerMode
                0x00000000       0x58 .\ARM_GCC_441\Debug\Transmitter.a(CyLib.o)
 .text.CyXTAL_Start
                0x00000000      0x15c .\ARM_GCC_441\Debug\Transmitter.a(CyLib.o)
 .text.CyXTAL_Stop
                0x00000000       0x24 .\ARM_GCC_441\Debug\Transmitter.a(CyLib.o)
 .text.CyXTAL_EnableErrStatus
                0x00000000       0x24 .\ARM_GCC_441\Debug\Transmitter.a(CyLib.o)
 .text.CyXTAL_DisableErrStatus
                0x00000000       0x28 .\ARM_GCC_441\Debug\Transmitter.a(CyLib.o)
 .text.CyXTAL_ReadStatus
                0x00000000       0x20 .\ARM_GCC_441\Debug\Transmitter.a(CyLib.o)
 .text.CyXTAL_EnableFaultRecovery
                0x00000000       0x28 .\ARM_GCC_441\Debug\Transmitter.a(CyLib.o)
 .text.CyXTAL_DisableFaultRecovery
                0x00000000       0x24 .\ARM_GCC_441\Debug\Transmitter.a(CyLib.o)
 .text.CyXTAL_SetStartup
                0x00000000       0x3c .\ARM_GCC_441\Debug\Transmitter.a(CyLib.o)
 .text.CyHalt   0x00000000       0x18 .\ARM_GCC_441\Debug\Transmitter.a(CyLib.o)
 .text.CySoftwareReset
                0x00000000       0x18 .\ARM_GCC_441\Debug\Transmitter.a(CyLib.o)
 .text.CyDelayFreq
                0x00000000       0xac .\ARM_GCC_441\Debug\Transmitter.a(CyLib.o)
 .text.CyWdtStart
                0x00000000       0xcc .\ARM_GCC_441\Debug\Transmitter.a(CyLib.o)
 .text.CyWdtClear
                0x00000000       0x44 .\ARM_GCC_441\Debug\Transmitter.a(CyLib.o)
 .text.CyDisableInts
                0x00000000       0x30 .\ARM_GCC_441\Debug\Transmitter.a(CyLib.o)
 .text.CyEnableInts
                0x00000000       0x20 .\ARM_GCC_441\Debug\Transmitter.a(CyLib.o)
 .text.CyFlushCache
                0x00000000       0x38 .\ARM_GCC_441\Debug\Transmitter.a(CyLib.o)
 .text.CyIntSetSysVector
                0x00000000       0x44 .\ARM_GCC_441\Debug\Transmitter.a(CyLib.o)
 .text.CyIntGetSysVector
                0x00000000       0x30 .\ARM_GCC_441\Debug\Transmitter.a(CyLib.o)
 .text.CyIntSetVector
                0x00000000       0x4c .\ARM_GCC_441\Debug\Transmitter.a(CyLib.o)
 .text.CyIntGetVector
                0x00000000       0x34 .\ARM_GCC_441\Debug\Transmitter.a(CyLib.o)
 .text.CyIntSetPriority
                0x00000000       0x58 .\ARM_GCC_441\Debug\Transmitter.a(CyLib.o)
 .text.CyIntGetPriority
                0x00000000       0x2c .\ARM_GCC_441\Debug\Transmitter.a(CyLib.o)
 .text.CyIntEnable
                0x00000000       0x34 .\ARM_GCC_441\Debug\Transmitter.a(CyLib.o)
 .text.CyIntGetState
                0x00000000       0x40 .\ARM_GCC_441\Debug\Transmitter.a(CyLib.o)
 .text.CyIntDisable
                0x00000000       0x34 .\ARM_GCC_441\Debug\Transmitter.a(CyLib.o)
 .text.CyIntSetPending
                0x00000000       0x34 .\ARM_GCC_441\Debug\Transmitter.a(CyLib.o)
 .text.CyIntClearPending
                0x00000000       0x34 .\ARM_GCC_441\Debug\Transmitter.a(CyLib.o)
 .text          0x00000000        0x0 .\ARM_GCC_441\Debug\Transmitter.a(cyPm.o)
 .data          0x00000000        0x0 .\ARM_GCC_441\Debug\Transmitter.a(cyPm.o)
 .bss           0x00000000       0x1c .\ARM_GCC_441\Debug\Transmitter.a(cyPm.o)
 .rodata        0x00000000       0x10 .\ARM_GCC_441\Debug\Transmitter.a(cyPm.o)
 .text.CyPmSaveClocks
                0x00000000      0x348 .\ARM_GCC_441\Debug\Transmitter.a(cyPm.o)
 .text.CyPmRestoreClocks
                0x00000000      0x2e8 .\ARM_GCC_441\Debug\Transmitter.a(cyPm.o)
 .text.CyPmAltAct
                0x00000000      0x138 .\ARM_GCC_441\Debug\Transmitter.a(cyPm.o)
 .text.CyPmSleep
                0x00000000       0xfc .\ARM_GCC_441\Debug\Transmitter.a(cyPm.o)
 .text.CyPmHibernate
                0x00000000       0x88 .\ARM_GCC_441\Debug\Transmitter.a(cyPm.o)
 .text.CyPmReadStatus
                0x00000000       0x7c .\ARM_GCC_441\Debug\Transmitter.a(cyPm.o)
 .text.CyPmHibSaveSet
                0x00000000       0x5c .\ARM_GCC_441\Debug\Transmitter.a(cyPm.o)
 .text.CyPmHibRestore
                0x00000000       0x34 .\ARM_GCC_441\Debug\Transmitter.a(cyPm.o)
 .text.CyPmCtwSaveSet
                0x00000000      0x108 .\ARM_GCC_441\Debug\Transmitter.a(cyPm.o)
 .text.CyPmOppsSaveSet
                0x00000000       0x84 .\ARM_GCC_441\Debug\Transmitter.a(cyPm.o)
 .text.CyPmFtwSaveSet
                0x00000000      0x10c .\ARM_GCC_441\Debug\Transmitter.a(cyPm.o)
 .text.CyPmHibSlpSaveSet
                0x00000000       0x54 .\ARM_GCC_441\Debug\Transmitter.a(cyPm.o)
 .text.CyPmHibSlpRestore
                0x00000000       0x20 .\ARM_GCC_441\Debug\Transmitter.a(cyPm.o)
 .text          0x00000000        0x0 .\ARM_GCC_441\Debug\Transmitter.a(LCD.o)
 .data          0x00000000        0x0 .\ARM_GCC_441\Debug\Transmitter.a(LCD.o)
 .text.LCD_Stop
                0x00000000       0x1c .\ARM_GCC_441\Debug\Transmitter.a(LCD.o)
 .text.LCD_PrintHexUint16
                0x00000000       0x2c .\ARM_GCC_441\Debug\Transmitter.a(LCD.o)
 .text.LCD_PrintDecUint16
                0x00000000      0x108 .\ARM_GCC_441\Debug\Transmitter.a(LCD.o)
 .text          0x00000000        0x0 .\ARM_GCC_441\Debug\Transmitter.a(SPIM.o)
 .data          0x00000000        0x0 .\ARM_GCC_441\Debug\Transmitter.a(SPIM.o)
 .text.SPIM_Stop
                0x00000000       0x58 .\ARM_GCC_441\Debug\Transmitter.a(SPIM.o)
 .text.SPIM_EnableTxInt
                0x00000000        0xc .\ARM_GCC_441\Debug\Transmitter.a(SPIM.o)
 .text.SPIM_EnableRxInt
                0x00000000        0xc .\ARM_GCC_441\Debug\Transmitter.a(SPIM.o)
 .text.SPIM_DisableTxInt
                0x00000000        0xc .\ARM_GCC_441\Debug\Transmitter.a(SPIM.o)
 .text.SPIM_DisableRxInt
                0x00000000        0xc .\ARM_GCC_441\Debug\Transmitter.a(SPIM.o)
 .text.SPIM_SetTxInterruptMode
                0x00000000       0x20 .\ARM_GCC_441\Debug\Transmitter.a(SPIM.o)
 .text.SPIM_SetRxInterruptMode
                0x00000000       0x20 .\ARM_GCC_441\Debug\Transmitter.a(SPIM.o)
 .text.SPIM_GetRxBufferSize
                0x00000000       0x3c .\ARM_GCC_441\Debug\Transmitter.a(SPIM.o)
 .text.SPIM_GetTxBufferSize
                0x00000000       0x50 .\ARM_GCC_441\Debug\Transmitter.a(SPIM.o)
 .text.SPIM_PutArray
                0x00000000       0x38 .\ARM_GCC_441\Debug\Transmitter.a(SPIM.o)
 .text.SPIM_EnableInt
                0x00000000        0xc .\ARM_GCC_441\Debug\Transmitter.a(SPIM.o)
 .text.SPIM_DisableInt
                0x00000000        0xc .\ARM_GCC_441\Debug\Transmitter.a(SPIM.o)
 .text.SPIM_SetInterruptMode
                0x00000000       0x30 .\ARM_GCC_441\Debug\Transmitter.a(SPIM.o)
 .text.SPIM_ReadStatus
                0x00000000       0x38 .\ARM_GCC_441\Debug\Transmitter.a(SPIM.o)
 .text          0x00000000        0x0 .\ARM_GCC_441\Debug\Transmitter.a(cyfitter_cfg.o)
 .data          0x00000000        0x0 .\ARM_GCC_441\Debug\Transmitter.a(cyfitter_cfg.o)
 .text.CyClockStartupError
                0x00000000        0xc .\ARM_GCC_441\Debug\Transmitter.a(cyfitter_cfg.o)
 .text.CapSense_AMuxCH0_Set
                0x00000000       0x50 .\ARM_GCC_441\Debug\Transmitter.a(cyfitter_cfg.o)
 .text.CapSense_AMuxCH0_Unset
                0x00000000       0x5c .\ARM_GCC_441\Debug\Transmitter.a(cyfitter_cfg.o)
 .data          0x00000000        0x0 .\ARM_GCC_441\Debug\Transmitter.a(CyBootAsmGnu.o)
 .bss           0x00000000        0x0 .\ARM_GCC_441\Debug\Transmitter.a(CyBootAsmGnu.o)
 .text          0x00000000        0x0 .\ARM_GCC_441\Debug\Transmitter.a(CyFlash.o)
 .data          0x00000000        0x0 .\ARM_GCC_441\Debug\Transmitter.a(CyFlash.o)
 .bss           0x00000000        0x4 .\ARM_GCC_441\Debug\Transmitter.a(CyFlash.o)
 .text.CyFlash_Start
                0x00000000       0x4c .\ARM_GCC_441\Debug\Transmitter.a(CyFlash.o)
 .text.CyFlash_Stop
                0x00000000       0x40 .\ARM_GCC_441\Debug\Transmitter.a(CyFlash.o)
 .text.CySetTempInt
                0x00000000       0xcc .\ARM_GCC_441\Debug\Transmitter.a(CyFlash.o)
 .text.CySetTemp
                0x00000000       0x28 .\ARM_GCC_441\Debug\Transmitter.a(CyFlash.o)
 .text.CySetFlashEEBuffer
                0x00000000       0x54 .\ARM_GCC_441\Debug\Transmitter.a(CyFlash.o)
 .text.CyWriteRowData
                0x00000000       0xa4 .\ARM_GCC_441\Debug\Transmitter.a(CyFlash.o)
 .text.CyWriteRowFull
                0x00000000      0x11c .\ARM_GCC_441\Debug\Transmitter.a(CyFlash.o)
 .text.CyFlash_SetWaitCycles
                0x00000000       0xb8 .\ARM_GCC_441\Debug\Transmitter.a(CyFlash.o)
 .text.CyEEPROM_ReadReserve
                0x00000000       0x3c .\ARM_GCC_441\Debug\Transmitter.a(CyFlash.o)
 .text.CyEEPROM_ReadRelease
                0x00000000       0x20 .\ARM_GCC_441\Debug\Transmitter.a(CyFlash.o)
 COMMON         0x00000000        0x2 .\ARM_GCC_441\Debug\Transmitter.a(CyFlash.o)
 .text          0x00000000        0x0 .\ARM_GCC_441\Debug\Transmitter.a(CySpc.o)
 .data          0x00000000        0x0 .\ARM_GCC_441\Debug\Transmitter.a(CySpc.o)
 .bss           0x00000000        0x4 .\ARM_GCC_441\Debug\Transmitter.a(CySpc.o)
 .text.CySpcLock
                0x00000000       0x4c .\ARM_GCC_441\Debug\Transmitter.a(CySpc.o)
 .text.CySpcWriteCommand
                0x00000000      0x10c .\ARM_GCC_441\Debug\Transmitter.a(CySpc.o)
 .text.CySpcReadData
                0x00000000       0x64 .\ARM_GCC_441\Debug\Transmitter.a(CySpc.o)
 .text.CySpcUnlock
                0x00000000       0x18 .\ARM_GCC_441\Debug\Transmitter.a(CySpc.o)
 .text.CySpcCreateCmdLoadMultiByte
                0x00000000       0xc8 .\ARM_GCC_441\Debug\Transmitter.a(CySpc.o)
 .text.CySpcCreateCmdLoadRow
                0x00000000       0x64 .\ARM_GCC_441\Debug\Transmitter.a(CySpc.o)
 .text.CySpcCreateCmdReadMultiByte
                0x00000000       0xa8 .\ARM_GCC_441\Debug\Transmitter.a(CySpc.o)
 .text.CySpcCreateCmdWriteRow
                0x00000000       0xa0 .\ARM_GCC_441\Debug\Transmitter.a(CySpc.o)
 .text.CySpcCreateCmdProgramRow
                0x00000000       0x88 .\ARM_GCC_441\Debug\Transmitter.a(CySpc.o)
 .text.CySpcCreateCmdEraseSector
                0x00000000       0xa4 .\ARM_GCC_441\Debug\Transmitter.a(CySpc.o)
 .text.CySpcCreateCmdGetTemp
                0x00000000       0xa8 .\ARM_GCC_441\Debug\Transmitter.a(CySpc.o)
 .text.CySpcCreateCmdSetupTs
                0x00000000       0x8c .\ARM_GCC_441\Debug\Transmitter.a(CySpc.o)
 .text.CySpcCreateCmdDisableTs
                0x00000000       0x54 .\ARM_GCC_441\Debug\Transmitter.a(CySpc.o)
 .text.CySpcActivePower
                0x00000000       0x54 .\ARM_GCC_441\Debug\Transmitter.a(CySpc.o)
 .text.CySpcStandbyPower
                0x00000000       0x54 .\ARM_GCC_441\Debug\Transmitter.a(CySpc.o)
 COMMON         0x00000000       0x11 .\ARM_GCC_441\Debug\Transmitter.a(CySpc.o)
 .text          0x00000000        0x0 .\ARM_GCC_441\Debug\Transmitter.a(cyutils.o)
 .data          0x00000000        0x0 .\ARM_GCC_441\Debug\Transmitter.a(cyutils.o)
 .bss           0x00000000        0x0 .\ARM_GCC_441\Debug\Transmitter.a(cyutils.o)
 .data          0x00000000        0x0 c:/program files/cypress/psoc creator/2.0/psoc creator/import/gnu_cs/arm/4.4.1/bin/../lib/gcc/arm-none-eabi/4.4.1/../../../../arm-none-eabi/lib/thumb2\libc.a(lib_a-memcpy.o)
 .bss           0x00000000        0x0 c:/program files/cypress/psoc creator/2.0/psoc creator/import/gnu_cs/arm/4.4.1/bin/../lib/gcc/arm-none-eabi/4.4.1/../../../../arm-none-eabi/lib/thumb2\libc.a(lib_a-memcpy.o)
 .text          0x00000000        0x0 c:/program files/cypress/psoc creator/2.0/psoc creator/import/gnu_cs/arm/4.4.1/bin/../lib/gcc/arm-none-eabi/4.4.1/thumb2/crtend.o
 .data          0x00000000        0x0 c:/program files/cypress/psoc creator/2.0/psoc creator/import/gnu_cs/arm/4.4.1/bin/../lib/gcc/arm-none-eabi/4.4.1/thumb2/crtend.o
 .bss           0x00000000        0x0 c:/program files/cypress/psoc creator/2.0/psoc creator/import/gnu_cs/arm/4.4.1/bin/../lib/gcc/arm-none-eabi/4.4.1/thumb2/crtend.o
 .text          0x00000000        0x0 c:/program files/cypress/psoc creator/2.0/psoc creator/import/gnu_cs/arm/4.4.1/bin/../lib/gcc/arm-none-eabi/4.4.1/thumb2/crtn.o
 .data          0x00000000        0x0 c:/program files/cypress/psoc creator/2.0/psoc creator/import/gnu_cs/arm/4.4.1/bin/../lib/gcc/arm-none-eabi/4.4.1/thumb2/crtn.o
 .bss           0x00000000        0x0 c:/program files/cypress/psoc creator/2.0/psoc creator/import/gnu_cs/arm/4.4.1/bin/../lib/gcc/arm-none-eabi/4.4.1/thumb2/crtn.o
 .data          0x00000000        0x0 c:/program files/cypress/psoc creator/2.0/psoc creator/import/gnu_cs/arm/4.4.1/bin/../lib/gcc/arm-none-eabi/4.4.1/../../../../arm-none-eabi/lib/thumb2\libcs3.a(start_c.o)
 .bss           0x00000000        0x0 c:/program files/cypress/psoc creator/2.0/psoc creator/import/gnu_cs/arm/4.4.1/bin/../lib/gcc/arm-none-eabi/4.4.1/../../../../arm-none-eabi/lib/thumb2\libcs3.a(start_c.o)
 .text          0x00000000        0x0 c:/program files/cypress/psoc creator/2.0/psoc creator/import/gnu_cs/arm/4.4.1/bin/../lib/gcc/arm-none-eabi/4.4.1/../../../../arm-none-eabi/lib/thumb2\libcs3micro.a(micro-vector.o)
 .data          0x00000000        0x0 c:/program files/cypress/psoc creator/2.0/psoc creator/import/gnu_cs/arm/4.4.1/bin/../lib/gcc/arm-none-eabi/4.4.1/../../../../arm-none-eabi/lib/thumb2\libcs3micro.a(micro-vector.o)
 .bss           0x00000000        0x0 c:/program files/cypress/psoc creator/2.0/psoc creator/import/gnu_cs/arm/4.4.1/bin/../lib/gcc/arm-none-eabi/4.4.1/../../../../arm-none-eabi/lib/thumb2\libcs3micro.a(micro-vector.o)
 .data          0x00000000        0x0 c:/program files/cypress/psoc creator/2.0/psoc creator/import/gnu_cs/arm/4.4.1/bin/../lib/gcc/arm-none-eabi/4.4.1/../../../../arm-none-eabi/lib/thumb2\libcs3micro.a(micro_isr_interrupt.o)
 .bss           0x00000000        0x0 c:/program files/cypress/psoc creator/2.0/psoc creator/import/gnu_cs/arm/4.4.1/bin/../lib/gcc/arm-none-eabi/4.4.1/../../../../arm-none-eabi/lib/thumb2\libcs3micro.a(micro_isr_interrupt.o)
 .data          0x00000000        0x0 c:/program files/cypress/psoc creator/2.0/psoc creator/import/gnu_cs/arm/4.4.1/bin/../lib/gcc/arm-none-eabi/4.4.1/../../../../arm-none-eabi/lib/thumb2\libc.a(lib_a-init.o)
 .bss           0x00000000        0x0 c:/program files/cypress/psoc creator/2.0/psoc creator/import/gnu_cs/arm/4.4.1/bin/../lib/gcc/arm-none-eabi/4.4.1/../../../../arm-none-eabi/lib/thumb2\libc.a(lib_a-init.o)

Memory Configuration

Name             Origin             Length             Attributes
rom              0x00000000         0x00040000         xr
ram              0x1fff8000         0x00010000         xrw
*default*        0x00000000         0xffffffff

Linker script and memory map

LOAD c:/program files/cypress/psoc creator/2.0/psoc creator/import/gnu_cs/arm/4.4.1/bin/../lib/gcc/arm-none-eabi/4.4.1/thumb2/crti.o
LOAD c:/program files/cypress/psoc creator/2.0/psoc creator/import/gnu_cs/arm/4.4.1/bin/../lib/gcc/arm-none-eabi/4.4.1/thumb2/crtbegin.o
START GROUP
LOAD .\ARM_GCC_441\Debug\main.o
LOAD .\ARM_GCC_441\Debug\Cm3Start.o
LOAD .\ARM_GCC_441\Debug\Transmitter.a
LOAD C:\Program Files\Cypress\PSoC Creator\2.0\PSoC Creator\psoc\content\cycomponentlibrary\CyComponentLibrary.cylib\CortexM3\ARM_GCC_441\Debug\CyComponentLibrary.a
END GROUP
START GROUP
LOAD c:/program files/cypress/psoc creator/2.0/psoc creator/import/gnu_cs/arm/4.4.1/bin/../lib/gcc/arm-none-eabi/4.4.1/thumb2\libgcc.a
LOAD c:/program files/cypress/psoc creator/2.0/psoc creator/import/gnu_cs/arm/4.4.1/bin/../lib/gcc/arm-none-eabi/4.4.1/../../../../arm-none-eabi/lib/thumb2\libc.a
END GROUP
LOAD c:/program files/cypress/psoc creator/2.0/psoc creator/import/gnu_cs/arm/4.4.1/bin/../lib/gcc/arm-none-eabi/4.4.1/thumb2/crtend.o
LOAD c:/program files/cypress/psoc creator/2.0/psoc creator/import/gnu_cs/arm/4.4.1/bin/../lib/gcc/arm-none-eabi/4.4.1/thumb2/crtn.o
START GROUP
LOAD c:/program files/cypress/psoc creator/2.0/psoc creator/import/gnu_cs/arm/4.4.1/bin/../lib/gcc/arm-none-eabi/4.4.1/thumb2\libgcc.a
LOAD c:/program files/cypress/psoc creator/2.0/psoc creator/import/gnu_cs/arm/4.4.1/bin/../lib/gcc/arm-none-eabi/4.4.1/../../../../arm-none-eabi/lib/thumb2\libc.a
LOAD c:/program files/cypress/psoc creator/2.0/psoc creator/import/gnu_cs/arm/4.4.1/bin/../lib/gcc/arm-none-eabi/4.4.1/../../../../arm-none-eabi/lib/thumb2\libcs3.a
LOAD c:/program files/cypress/psoc creator/2.0/psoc creator/import/gnu_cs/arm/4.4.1/bin/../lib/gcc/arm-none-eabi/4.4.1/../../../../arm-none-eabi/lib/thumb2\libcs3unhosted.a
LOAD c:/program files/cypress/psoc creator/2.0/psoc creator/import/gnu_cs/arm/4.4.1/bin/../lib/gcc/arm-none-eabi/4.4.1/../../../../arm-none-eabi/lib/thumb2\libcs3micro.a
END GROUP
                0x1fff8138                PROVIDE (__cs3_heap_start, _end)
                0x00000001                PROVIDE (__cs3_region_num, ((__cs3_regions_end - __cs3_regions) / 0x14))
                0x20008000                PROVIDE (__cs3_stack, 0x20008000)
                0x20004000                PROVIDE (__cs3_heap_end, (__cs3_stack - 0x4000))

.text           0x00000000     0x1b60
 CREATE_OBJECT_SYMBOLS
                0x00000000                __cs3_interrupt_vector = __cs3_interrupt_vector_micro
 *(.cs3.interrupt_vector)
 .cs3.interrupt_vector
                0x00000000       0xc0 c:/program files/cypress/psoc creator/2.0/psoc creator/import/gnu_cs/arm/4.4.1/bin/../lib/gcc/arm-none-eabi/4.4.1/../../../../arm-none-eabi/lib/thumb2\libcs3micro.a(micro-vector.o)
                0x00000000                __cs3_interrupt_vector_micro
                0x00000001                ASSERT ((. != __cs3_interrupt_vector_micro), No interrupt vector)
                0x000006b8                PROVIDE (__cs3_reset, Reset)
 *(.cs3.reset)
                0x00000001                ASSERT ((. != __cs3_reset), No reset code)
 *(.dma_init)
 .dma_init      0x000000c0      0x248 .\ARM_GCC_441\Debug\Transmitter.a(cyfitter_cfg.o)
                0x00000001                ASSERT (((0x0 + .) <= 0x10000), DMA Init must be within the first 64k of flash)
 *(.text.cs3.init)
 .text.cs3.init
                0x00000308       0x5c c:/program files/cypress/psoc creator/2.0/psoc creator/import/gnu_cs/arm/4.4.1/bin/../lib/gcc/arm-none-eabi/4.4.1/../../../../arm-none-eabi/lib/thumb2\libcs3.a(start_c.o)
                0x00000308                __cs3_start_c
 *(.text .text.* .gnu.linkonce.t.*)
 .text          0x00000364       0x30 c:/program files/cypress/psoc creator/2.0/psoc creator/import/gnu_cs/arm/4.4.1/bin/../lib/gcc/arm-none-eabi/4.4.1/thumb2/crtbegin.o
 .text.main     0x00000394      0x198 .\ARM_GCC_441\Debug\main.o
                0x00000394                main
 .text.prepareData
                0x0000052c       0x30 .\ARM_GCC_441\Debug\main.o
                0x0000052c                prepareData
 .text.radioInit
                0x0000055c       0x8c .\ARM_GCC_441\Debug\main.o
                0x0000055c                radioInit
 .text.radioWrite
                0x000005e8       0x44 .\ARM_GCC_441\Debug\main.o
                0x000005e8                radioWrite
 .text.radioRead
                0x0000062c       0x8c .\ARM_GCC_441\Debug\main.o
                0x0000062c                radioRead
 .text.Reset    0x000006b8       0x30 .\ARM_GCC_441\Debug\Cm3Start.o
                0x000006b8                Reset
 .text.initialize_psoc
                0x000006e8       0xa0 .\ARM_GCC_441\Debug\Cm3Start.o
                0x000006e8                initialize_psoc
 .text.CyDmacConfigure
                0x00000788       0x70 .\ARM_GCC_441\Debug\Transmitter.a(CyDmac.o)
                0x00000788                CyDmacConfigure
 .text.CyDelay  0x000007f8       0x48 .\ARM_GCC_441\Debug\Transmitter.a(CyLib.o)
                0x000007f8                CyDelay
 .text.CyDelayUs
                0x00000840       0x28 .\ARM_GCC_441\Debug\Transmitter.a(CyLib.o)
                0x00000840                CyDelayUs
 .text.LCD_Init
                0x00000868       0x90 .\ARM_GCC_441\Debug\Transmitter.a(LCD.o)
                0x00000868                LCD_Init
 .text.LCD_Enable
                0x000008f8       0x1c .\ARM_GCC_441\Debug\Transmitter.a(LCD.o)
                0x000008f8                LCD_Enable
 .text.LCD_Start
                0x00000914       0x2c .\ARM_GCC_441\Debug\Transmitter.a(LCD.o)
                0x00000914                LCD_Start
 .text.LCD_Position
                0x00000940       0x74 .\ARM_GCC_441\Debug\Transmitter.a(LCD.o)
                0x00000940                LCD_Position
 .text.LCD_PrintString
                0x000009b4       0x40 .\ARM_GCC_441\Debug\Transmitter.a(LCD.o)
                0x000009b4                LCD_PrintString
 .text.LCD_PutChar
                0x000009f4       0x1c .\ARM_GCC_441\Debug\Transmitter.a(LCD.o)
                0x000009f4                LCD_PutChar
 .text.LCD_WriteData
                0x00000a10       0x38 .\ARM_GCC_441\Debug\Transmitter.a(LCD.o)
                0x00000a10                LCD_WriteData
 .text.LCD_WriteControl
                0x00000a48       0x40 .\ARM_GCC_441\Debug\Transmitter.a(LCD.o)
                0x00000a48                LCD_WriteControl
 .text.LCD_IsReady
                0x00000a88      0x1fc .\ARM_GCC_441\Debug\Transmitter.a(LCD.o)
                0x00000a88                LCD_IsReady
 .text.LCD_WrDatNib
                0x00000c84       0xac .\ARM_GCC_441\Debug\Transmitter.a(LCD.o)
                0x00000c84                LCD_WrDatNib
 .text.LCD_WrCntrlNib
                0x00000d30       0x8c .\ARM_GCC_441\Debug\Transmitter.a(LCD.o)
                0x00000d30                LCD_WrCntrlNib
 .text.LCD_PrintHexUint8
                0x00000dbc       0x44 .\ARM_GCC_441\Debug\Transmitter.a(LCD.o)
                0x00000dbc                LCD_PrintHexUint8
 .text.SPIM_Init
                0x00000e00       0x3c .\ARM_GCC_441\Debug\Transmitter.a(SPIM.o)
                0x00000e00                SPIM_Init
 .text.SPIM_Enable
                0x00000e3c       0x78 .\ARM_GCC_441\Debug\Transmitter.a(SPIM.o)
                0x00000e3c                SPIM_Enable
 .text.SPIM_Start
                0x00000eb4       0x2c .\ARM_GCC_441\Debug\Transmitter.a(SPIM.o)
                0x00000eb4                SPIM_Start
 .text.SPIM_ReadTxStatus
                0x00000ee0       0x28 .\ARM_GCC_441\Debug\Transmitter.a(SPIM.o)
                0x00000ee0                SPIM_ReadTxStatus
 .text.SPIM_ReadRxStatus
                0x00000f08       0x28 .\ARM_GCC_441\Debug\Transmitter.a(SPIM.o)
                0x00000f08                SPIM_ReadRxStatus
 .text.SPIM_WriteTxData
                0x00000f30       0x34 .\ARM_GCC_441\Debug\Transmitter.a(SPIM.o)
                0x00000f30                SPIM_WriteTxData
 .text.SPIM_ReadRxData
                0x00000f64       0x28 .\ARM_GCC_441\Debug\Transmitter.a(SPIM.o)
                0x00000f64                SPIM_ReadRxData
 .text.SPIM_ClearRxBuffer
                0x00000f8c       0x2c .\ARM_GCC_441\Debug\Transmitter.a(SPIM.o)
                0x00000f8c                SPIM_ClearRxBuffer
 .text.SPIM_ClearTxBuffer
                0x00000fb8       0x5c .\ARM_GCC_441\Debug\Transmitter.a(SPIM.o)
                0x00000fb8                SPIM_ClearTxBuffer
 .text.SPIM_ClearFIFO
                0x00001014       0x7c .\ARM_GCC_441\Debug\Transmitter.a(SPIM.o)
                0x00001014                SPIM_ClearFIFO
 .text.cymemzero8
                0x00001090       0x44 .\ARM_GCC_441\Debug\Transmitter.a(cyfitter_cfg.o)
 .text.cymemcpy8
                0x000010d4       0x50 .\ARM_GCC_441\Debug\Transmitter.a(cyfitter_cfg.o)
 .text.cfg_dma_init
                0x00001124      0x208 .\ARM_GCC_441\Debug\Transmitter.a(cyfitter_cfg.o)
 .text.ClockSetup
                0x0000132c      0x16c .\ARM_GCC_441\Debug\Transmitter.a(cyfitter_cfg.o)
 .text.AnalogSetDefault
                0x00001498       0xc0 .\ARM_GCC_441\Debug\Transmitter.a(cyfitter_cfg.o)
                0x00001498                AnalogSetDefault
 .text.cyfitter_cfg
                0x00001558      0x274 .\ARM_GCC_441\Debug\Transmitter.a(cyfitter_cfg.o)
                0x00001558                cyfitter_cfg
 *fill*         0x000017cc       0x34 00
 .text          0x00001800      0x100 .\ARM_GCC_441\Debug\Transmitter.a(CyBootAsmGnu.o)
                0x00001800                CyDelayCycles
                0x00001810                CyEnterCriticalSection
                0x00001818                CyExitCriticalSection
 .text.CySetReg24
                0x00001900       0x4c .\ARM_GCC_441\Debug\Transmitter.a(cyutils.o)
                0x00001900                CySetReg24
 .text          0x0000194c      0x190 c:/program files/cypress/psoc creator/2.0/psoc creator/import/gnu_cs/arm/4.4.1/bin/../lib/gcc/arm-none-eabi/4.4.1/../../../../arm-none-eabi/lib/thumb2\libc.a(lib_a-memcpy.o)
                0x0000194c                memcpy
 .text          0x00001adc       0x30 c:/program files/cypress/psoc creator/2.0/psoc creator/import/gnu_cs/arm/4.4.1/bin/../lib/gcc/arm-none-eabi/4.4.1/../../../../arm-none-eabi/lib/thumb2\libcs3.a(start_c.o)
                0x00001adc                __cs3_premain
 .text          0x00001b0c        0x2 c:/program files/cypress/psoc creator/2.0/psoc creator/import/gnu_cs/arm/4.4.1/bin/../lib/gcc/arm-none-eabi/4.4.1/../../../../arm-none-eabi/lib/thumb2\libcs3micro.a(micro_isr_interrupt.o)
                0x00001b0c                __cs3_isr_external_24
                0x00001b0c                __cs3_isr_external_9
                0x00001b0c                __cs3_isr_external_14
                0x00001b0c                __cs3_isr_reserved_9
                0x00001b0c                __cs3_isr_external_4
                0x00001b0c                __cs3_isr_external_21
                0x00001b0c                __cs3_isr_external_0
                0x00001b0c                __cs3_isr_external_27
                0x00001b0c                __cs3_isr_external_11
                0x00001b0c                __cs3_isr_usage_fault
                0x00001b0c                __cs3_isr_svcall
                0x00001b0c                __cs3_isr_external_3
                0x00001b0c                __cs3_isr_mpu_fault
                0x00001b0c                __cs3_isr_external_16
                0x00001b0c                __cs3_isr_pendsv
                0x00001b0c                __cs3_isr_external_31
                0x00001b0c                __cs3_isr_nmi
                0x00001b0c                __cs3_isr_external_5
                0x00001b0c                __cs3_isr_external_6
                0x00001b0c                __cs3_isr_external_12
                0x00001b0c                __cs3_isr_hard_fault
                0x00001b0c                __cs3_isr_bus_fault
                0x00001b0c                __cs3_isr_external_1
                0x00001b0c                __cs3_isr_external_13
                0x00001b0c                __cs3_isr_external_30
                0x00001b0c                __cs3_isr_external_23
                0x00001b0c                __cs3_isr_external_20
                0x00001b0c                __cs3_isr_debug
                0x00001b0c                __cs3_isr_reserved_13
                0x00001b0c                __cs3_isr_external_8
                0x00001b0c                __cs3_isr_external_26
                0x00001b0c                __cs3_isr_reserved_8
                0x00001b0c                __cs3_isr_reserved_7
                0x00001b0c                __cs3_isr_external_7
                0x00001b0c                __cs3_isr_external_28
                0x00001b0c                __cs3_isr_systick
                0x00001b0c                __cs3_isr_external_22
                0x00001b0c                __cs3_isr_external_10
                0x00001b0c                __cs3_isr_external_15
                0x00001b0c                __cs3_isr_interrupt
                0x00001b0c                __cs3_isr_external_18
                0x00001b0c                __cs3_isr_external_29
                0x00001b0c                __cs3_isr_external_25
                0x00001b0c                __cs3_isr_reserved_10
                0x00001b0c                __cs3_isr_external_2
                0x00001b0c                __cs3_isr_external_17
                0x00001b0c                __cs3_isr_external_19
 *fill*         0x00001b0e        0x2 00
 .text          0x00001b10       0x50 c:/program files/cypress/psoc creator/2.0/psoc creator/import/gnu_cs/arm/4.4.1/bin/../lib/gcc/arm-none-eabi/4.4.1/../../../../arm-none-eabi/lib/thumb2\libc.a(lib_a-init.o)
                0x00001b10                __libc_init_array
 *(.plt)
 *(.gnu.warning)
 *(.glue_7t)
 .glue_7t       0x00000000        0x0 linker stubs
 *(.glue_7)
 .glue_7        0x00000000        0x0 linker stubs
 *(.vfp11_veneer)
 .vfp11_veneer  0x00000000        0x0 linker stubs
 *(.bootloader)
 *(.ARM.extab* .gnu.linkonce.armextab.*)
 *(.gcc_except_table)

.v4_bx          0x00001b60        0x0
 .v4_bx         0x00000000        0x0 linker stubs

.eh_frame_hdr
 *(.eh_frame_hdr)

.eh_frame
 *(.eh_frame)
                0x00001b60                PROVIDE (__exidx_start, .)

.ARM.exidx
 *(.ARM.exidx* .gnu.linkonce.armexidx.*)
                0x00001b60                __exidx_end = .

.rodata         0x00001b60      0x198
 *(.rodata .rodata.* .gnu.linkonce.r.*)
 .rodata        0x00001b60        0x8 .\ARM_GCC_441\Debug\main.o
 .rodata        0x00001b68       0x10 .\ARM_GCC_441\Debug\Transmitter.a(LCD.o)
                0x00001b68                LCD_hex
 .rodata        0x00001b78      0x144 .\ARM_GCC_441\Debug\Transmitter.a(cyfitter_cfg.o)
                0x00001c88                CapSense_AMuxCH0__addrTable
                0x00001cb0                CapSense_AMuxCH0__maskTable
                0x00001cbc                . = ALIGN (0x4)
 *(.init)
 .init          0x00001cbc        0x4 c:/program files/cypress/psoc creator/2.0/psoc creator/import/gnu_cs/arm/4.4.1/bin/../lib/gcc/arm-none-eabi/4.4.1/thumb2/crti.o
                0x00001cbc                _init
 .init          0x00001cc0        0x8 c:/program files/cypress/psoc creator/2.0/psoc creator/import/gnu_cs/arm/4.4.1/bin/../lib/gcc/arm-none-eabi/4.4.1/thumb2/crtn.o
                0x00001cc8                . = ALIGN (0x4)
                0x00001cc8                __preinit_array_start = .
 *(.preinit_array)
                0x00001cc8                __preinit_array_end = .
                0x00001cc8                . = ALIGN (0x4)
                0x00001cc8                __init_array_start = .
 *(SORT(.init_array.*))
 *(.init_array)
 .init_array    0x00001cc8        0x4 c:/program files/cypress/psoc creator/2.0/psoc creator/import/gnu_cs/arm/4.4.1/bin/../lib/gcc/arm-none-eabi/4.4.1/thumb2/crtbegin.o
 .init_array    0x00001ccc        0x4 .\ARM_GCC_441\Debug\Cm3Start.o
                0x00001cd0                __init_array_end = .
                0x00001cd0                . = ALIGN (0x4)
 *(.fini)
 .fini          0x00001cd0        0x4 c:/program files/cypress/psoc creator/2.0/psoc creator/import/gnu_cs/arm/4.4.1/bin/../lib/gcc/arm-none-eabi/4.4.1/thumb2/crti.o
                0x00001cd0                _fini
 .fini          0x00001cd4        0x8 c:/program files/cypress/psoc creator/2.0/psoc creator/import/gnu_cs/arm/4.4.1/bin/../lib/gcc/arm-none-eabi/4.4.1/thumb2/crtn.o
                0x00001cdc                . = ALIGN (0x4)
                0x00001cdc                __fini_array_start = .
 *(.fini_array)
 .fini_array    0x00001cdc        0x4 c:/program files/cypress/psoc creator/2.0/psoc creator/import/gnu_cs/arm/4.4.1/bin/../lib/gcc/arm-none-eabi/4.4.1/thumb2/crtbegin.o
 *(SORT(.fini_array.*))
                0x00001ce0                __fini_array_end = .
                0x00001ce0                . = ALIGN (0x4)
 *crtbegin.o(.ctors)
 *(EXCLUDE_FILE(*crtend.o) .ctors)
 *(SORT(.ctors.*))
 *crtend.o(.ctors)
                0x00001ce0                . = ALIGN (0x4)
 *crtbegin.o(.dtors)
 *(EXCLUDE_FILE(*crtend.o) .dtors)
 *(SORT(.dtors.*))
 *crtend.o(.dtors)
                0x00001ce0                . = ALIGN (0x4)
                0x00001ce0                __cs3_regions = .
                0x00001ce0        0x4 LONG 0x0
                0x00001ce4        0x4 LONG 0x1cf8 __cs3_region_init_ram
                0x00001ce8        0x4 LONG 0x1fff8000 __cs3_region_start_ram
                0x00001cec        0x4 LONG 0x118 __cs3_region_init_size_ram
                0x00001cf0        0x4 LONG 0x20 __cs3_region_zero_size_ram
                0x00001cf4                __cs3_regions_end = .
                0x00001cf8                . = ALIGN (0x8)
 *fill*         0x00001cf4        0x4 00
                0x00001cf8                _etext = .

.data           0x1fff8000      0x118 load address 0x00001cf8
                0x1fff8000                __cs3_region_start_ram = .
 *(.cs3.region-head.ram)
                0x1fff8001                ASSERT ((. == __cs3_region_start_ram), .cs3.region-head.ram not permitted)
 *(.ramvectors)
 .ramvectors    0x1fff8000      0x100 .\ARM_GCC_441\Debug\Cm3Start.o
                0x1fff8000                CyRamVectors
 *(.jcr)
 .jcr           0x1fff8100        0x0 c:/program files/cypress/psoc creator/2.0/psoc creator/import/gnu_cs/arm/4.4.1/bin/../lib/gcc/arm-none-eabi/4.4.1/thumb2/crtbegin.o
 .jcr           0x1fff8100        0x4 c:/program files/cypress/psoc creator/2.0/psoc creator/import/gnu_cs/arm/4.4.1/bin/../lib/gcc/arm-none-eabi/4.4.1/thumb2/crtend.o
 *(.got.plt)
 *(.got)
 *(.shdata)
 *(.data .data.* .gnu.linkonce.d.*)
 .data          0x1fff8104       0x10 .\ARM_GCC_441\Debug\Transmitter.a(CyLib.o)
                0x1fff8104                cydelay_freq_hz
                0x1fff8108                cydelay_freq_khz
                0x1fff810c                cydelay_freq_mhz
                0x1fff8110                cydelay_32k_ms
                0x1fff8118                . = ALIGN (0x8)
 *fill*         0x1fff8114        0x4 00
 *(.ram)
                0x1fff8118                _edata = .

.bss            0x1fff8118       0x20 load address 0x00001e10
 *(.shbss)
 *(.bss .bss.* .gnu.linkonce.b.*)
 .bss           0x1fff8118        0x1 c:/program files/cypress/psoc creator/2.0/psoc creator/import/gnu_cs/arm/4.4.1/bin/../lib/gcc/arm-none-eabi/4.4.1/thumb2/crtbegin.o
 *fill*         0x1fff8119        0x1 00
 .bss           0x1fff811a        0x2 .\ARM_GCC_441\Debug\main.o
                0x1fff811a                xyz
 .bss           0x1fff811c        0x8 .\ARM_GCC_441\Debug\Transmitter.a(CyDmac.o)
 .bss           0x1fff8124        0x2 .\ARM_GCC_441\Debug\Transmitter.a(LCD.o)
                0x1fff8124                LCD_enableState
                0x1fff8125                LCD_initVar
 .bss           0x1fff8126        0x1 .\ARM_GCC_441\Debug\Transmitter.a(SPIM.o)
                0x1fff8126                SPIM_initVar
 *fill*         0x1fff8127        0x1 00
 .bss           0x1fff8128        0x8 .\ARM_GCC_441\Debug\Transmitter.a(cyfitter_cfg.o)
 *(COMMON)
 COMMON         0x1fff8130        0x1 .\ARM_GCC_441\Debug\Transmitter.a(CyLib.o)
                0x1fff8130                CyResetStatus
                0x1fff8138                . = ALIGN (0x8)
 *fill*         0x1fff8131        0x7 00
 *(.ram.b)
                0x1fff8138                _end = .
                0x1fff8138                __end = .
                0x20008000                __cs3_region_end_ram = (__cs3_region_start_ram + 0x10000)
                0x00010000                __cs3_region_size_ram = 0x10000
                0x00001cf8                __cs3_region_init_ram = LOADADDR (.data)
                0x00000118                __cs3_region_init_size_ram = (_edata - ADDR (.data))
                0x00000020                __cs3_region_zero_size_ram = (_end - _edata)

.stab
 *(.stab)

.stabstr
 *(.stabstr)

.debug
 *(.debug)

.line
 *(.line)

.debug_srcinfo
 *(.debug_srcinfo)

.debug_sfnames
 *(.debug_sfnames)

.comment        0x00000000      0x1d9
 .comment       0x00000000       0x2b .\ARM_GCC_441\Debug\main.o
 .comment       0x0000002b       0x2b .\ARM_GCC_441\Debug\Cm3Start.o
 .comment       0x00000056       0x2b .\ARM_GCC_441\Debug\Transmitter.a(CyDmac.o)
 .comment       0x00000081       0x2b .\ARM_GCC_441\Debug\Transmitter.a(CyLib.o)
 .comment       0x000000ac       0x2b .\ARM_GCC_441\Debug\Transmitter.a(cyPm.o)
 .comment       0x000000d7       0x2b .\ARM_GCC_441\Debug\Transmitter.a(LCD.o)
 .comment       0x00000102       0x2b .\ARM_GCC_441\Debug\Transmitter.a(SPIM.o)
 .comment       0x0000012d       0x2b .\ARM_GCC_441\Debug\Transmitter.a(cyfitter_cfg.o)
 .comment       0x00000158       0x2b .\ARM_GCC_441\Debug\Transmitter.a(CyFlash.o)
 .comment       0x00000183       0x2b .\ARM_GCC_441\Debug\Transmitter.a(CySpc.o)
 .comment       0x000001ae       0x2b .\ARM_GCC_441\Debug\Transmitter.a(cyutils.o)

.debug_aranges  0x00000000      0x6a8
 *(.debug_aranges)
 .debug_aranges
                0x00000000       0x40 .\ARM_GCC_441\Debug\main.o
 .debug_aranges
                0x00000040       0x30 .\ARM_GCC_441\Debug\Cm3Start.o
 .debug_aranges
                0x00000070       0xd0 .\ARM_GCC_441\Debug\Transmitter.a(CyDmac.o)
 .debug_aranges
                0x00000140      0x1e8 .\ARM_GCC_441\Debug\Transmitter.a(CyLib.o)
 .debug_aranges
                0x00000328       0x80 .\ARM_GCC_441\Debug\Transmitter.a(cyPm.o)
 .debug_aranges
                0x000003a8       0x90 .\ARM_GCC_441\Debug\Transmitter.a(LCD.o)
 .debug_aranges
                0x00000438       0xd8 .\ARM_GCC_441\Debug\Transmitter.a(SPIM.o)
 .debug_aranges
                0x00000510       0x60 .\ARM_GCC_441\Debug\Transmitter.a(cyfitter_cfg.o)
 .debug_aranges
                0x00000570       0x20 .\ARM_GCC_441\Debug\Transmitter.a(CyBootAsmGnu.o)
 .debug_aranges
                0x00000590       0x68 .\ARM_GCC_441\Debug\Transmitter.a(CyFlash.o)
 .debug_aranges
                0x000005f8       0x90 .\ARM_GCC_441\Debug\Transmitter.a(CySpc.o)
 .debug_aranges
                0x00000688       0x20 .\ARM_GCC_441\Debug\Transmitter.a(cyutils.o)

.debug_pubnames
                0x00000000      0xff5
 *(.debug_pubnames)
 .debug_pubnames
                0x00000000       0x5e .\ARM_GCC_441\Debug\main.o
 .debug_pubnames
                0x0000005e       0x57 .\ARM_GCC_441\Debug\Cm3Start.o
 .debug_pubnames
                0x000000b5      0x202 .\ARM_GCC_441\Debug\Transmitter.a(CyDmac.o)
 .debug_pubnames
                0x000002b7      0x52e .\ARM_GCC_441\Debug\Transmitter.a(CyLib.o)
 .debug_pubnames
                0x000007e5      0x137 .\ARM_GCC_441\Debug\Transmitter.a(cyPm.o)
 .debug_pubnames
                0x0000091c      0x14d .\ARM_GCC_441\Debug\Transmitter.a(LCD.o)
 .debug_pubnames
                0x00000a69      0x21b .\ARM_GCC_441\Debug\Transmitter.a(SPIM.o)
 .debug_pubnames
                0x00000c84       0xac .\ARM_GCC_441\Debug\Transmitter.a(cyfitter_cfg.o)
 .debug_pubnames
                0x00000d30       0xf0 .\ARM_GCC_441\Debug\Transmitter.a(CyFlash.o)
 .debug_pubnames
                0x00000e20      0x1b4 .\ARM_GCC_441\Debug\Transmitter.a(CySpc.o)
 .debug_pubnames
                0x00000fd4       0x21 .\ARM_GCC_441\Debug\Transmitter.a(cyutils.o)

.debug_info     0x00000000     0x31db
 *(.debug_info .gnu.linkonce.wi.*)
 .debug_info    0x00000000      0x195 .\ARM_GCC_441\Debug\main.o
 .debug_info    0x00000195      0x12a .\ARM_GCC_441\Debug\Cm3Start.o
 .debug_info    0x000002bf      0x8fe .\ARM_GCC_441\Debug\Transmitter.a(CyDmac.o)
 .debug_info    0x00000bbd      0xbbc .\ARM_GCC_441\Debug\Transmitter.a(CyLib.o)
 .debug_info    0x00001779      0x45b .\ARM_GCC_441\Debug\Transmitter.a(cyPm.o)
 .debug_info    0x00001bd4      0x39e .\ARM_GCC_441\Debug\Transmitter.a(LCD.o)
 .debug_info    0x00001f72      0x3fa .\ARM_GCC_441\Debug\Transmitter.a(SPIM.o)
 .debug_info    0x0000236c      0x505 .\ARM_GCC_441\Debug\Transmitter.a(cyfitter_cfg.o)
 .debug_info    0x00002871       0x83 .\ARM_GCC_441\Debug\Transmitter.a(CyBootAsmGnu.o)
 .debug_info    0x000028f4      0x2f1 .\ARM_GCC_441\Debug\Transmitter.a(CyFlash.o)
 .debug_info    0x00002be5      0x528 .\ARM_GCC_441\Debug\Transmitter.a(CySpc.o)
 .debug_info    0x0000310d       0xce .\ARM_GCC_441\Debug\Transmitter.a(cyutils.o)

.debug_abbrev   0x00000000      0xc18
 *(.debug_abbrev)
 .debug_abbrev  0x00000000      0x114 .\ARM_GCC_441\Debug\main.o
 .debug_abbrev  0x00000114       0xe7 .\ARM_GCC_441\Debug\Cm3Start.o
 .debug_abbrev  0x000001fb      0x167 .\ARM_GCC_441\Debug\Transmitter.a(CyDmac.o)
 .debug_abbrev  0x00000362      0x167 .\ARM_GCC_441\Debug\Transmitter.a(CyLib.o)
 .debug_abbrev  0x000004c9      0x12d .\ARM_GCC_441\Debug\Transmitter.a(cyPm.o)
 .debug_abbrev  0x000005f6      0x103 .\ARM_GCC_441\Debug\Transmitter.a(LCD.o)
 .debug_abbrev  0x000006f9       0xfa .\ARM_GCC_441\Debug\Transmitter.a(SPIM.o)
 .debug_abbrev  0x000007f3      0x16e .\ARM_GCC_441\Debug\Transmitter.a(cyfitter_cfg.o)
 .debug_abbrev  0x00000961       0x14 .\ARM_GCC_441\Debug\Transmitter.a(CyBootAsmGnu.o)
 .debug_abbrev  0x00000975      0x11d .\ARM_GCC_441\Debug\Transmitter.a(CyFlash.o)
 .debug_abbrev  0x00000a92      0x117 .\ARM_GCC_441\Debug\Transmitter.a(CySpc.o)
 .debug_abbrev  0x00000ba9       0x6f .\ARM_GCC_441\Debug\Transmitter.a(cyutils.o)

.debug_line     0x00000000     0x1636
 *(.debug_line)
 .debug_line    0x00000000       0xff .\ARM_GCC_441\Debug\main.o
 .debug_line    0x000000ff       0xb4 .\ARM_GCC_441\Debug\Cm3Start.o
 .debug_line    0x000001b3      0x299 .\ARM_GCC_441\Debug\Transmitter.a(CyDmac.o)
 .debug_line    0x0000044c      0x57d .\ARM_GCC_441\Debug\Transmitter.a(CyLib.o)
 .debug_line    0x000009c9      0x267 .\ARM_GCC_441\Debug\Transmitter.a(cyPm.o)
 .debug_line    0x00000c30      0x1d6 .\ARM_GCC_441\Debug\Transmitter.a(LCD.o)
 .debug_line    0x00000e06      0x263 .\ARM_GCC_441\Debug\Transmitter.a(SPIM.o)
 .debug_line    0x00001069      0x191 .\ARM_GCC_441\Debug\Transmitter.a(cyfitter_cfg.o)
 .debug_line    0x000011fa       0x67 .\ARM_GCC_441\Debug\Transmitter.a(CyBootAsmGnu.o)
 .debug_line    0x00001261      0x16a .\ARM_GCC_441\Debug\Transmitter.a(CyFlash.o)
 .debug_line    0x000013cb      0x1eb .\ARM_GCC_441\Debug\Transmitter.a(CySpc.o)
 .debug_line    0x000015b6       0x80 .\ARM_GCC_441\Debug\Transmitter.a(cyutils.o)

.debug_frame    0x00000000     0x1558
 *(.debug_frame)
 .debug_frame   0x00000000       0xa8 .\ARM_GCC_441\Debug\main.o
 .debug_frame   0x000000a8       0x68 .\ARM_GCC_441\Debug\Cm3Start.o
 .debug_frame   0x00000110      0x2a4 .\ARM_GCC_441\Debug\Transmitter.a(CyDmac.o)
 .debug_frame   0x000003b4      0x698 .\ARM_GCC_441\Debug\Transmitter.a(CyLib.o)
 .debug_frame   0x00000a4c      0x194 .\ARM_GCC_441\Debug\Transmitter.a(cyPm.o)
 .debug_frame   0x00000be0      0x1e0 .\ARM_GCC_441\Debug\Transmitter.a(LCD.o)
 .debug_frame   0x00000dc0      0x2c4 .\ARM_GCC_441\Debug\Transmitter.a(SPIM.o)
 .debug_frame   0x00001084      0x110 .\ARM_GCC_441\Debug\Transmitter.a(cyfitter_cfg.o)
 .debug_frame   0x00001194      0x13c .\ARM_GCC_441\Debug\Transmitter.a(CyFlash.o)
 .debug_frame   0x000012d0      0x1bc .\ARM_GCC_441\Debug\Transmitter.a(CySpc.o)
 .debug_frame   0x0000148c       0x2c .\ARM_GCC_441\Debug\Transmitter.a(cyutils.o)
 .debug_frame   0x000014b8       0x34 c:/program files/cypress/psoc creator/2.0/psoc creator/import/gnu_cs/arm/4.4.1/bin/../lib/gcc/arm-none-eabi/4.4.1/../../../../arm-none-eabi/lib/thumb2\libc.a(lib_a-memcpy.o)
 .debug_frame   0x000014ec       0x40 c:/program files/cypress/psoc creator/2.0/psoc creator/import/gnu_cs/arm/4.4.1/bin/../lib/gcc/arm-none-eabi/4.4.1/../../../../arm-none-eabi/lib/thumb2\libcs3.a(start_c.o)
 .debug_frame   0x0000152c       0x2c c:/program files/cypress/psoc creator/2.0/psoc creator/import/gnu_cs/arm/4.4.1/bin/../lib/gcc/arm-none-eabi/4.4.1/../../../../arm-none-eabi/lib/thumb2\libc.a(lib_a-init.o)

.debug_str      0x00000000     0x1524
 *(.debug_str)
 .debug_str     0x00000000       0xe8 .\ARM_GCC_441\Debug\main.o
                                0x121 (size before relaxing)
 .debug_str     0x000000e8       0x91 .\ARM_GCC_441\Debug\Cm3Start.o
                                0x15e (size before relaxing)
 .debug_str     0x00000179      0x342 .\ARM_GCC_441\Debug\Transmitter.a(CyDmac.o)
                                0x42f (size before relaxing)
 .debug_str     0x000004bb      0x582 .\ARM_GCC_441\Debug\Transmitter.a(CyLib.o)
                                0x6ba (size before relaxing)
 .debug_str     0x00000a3d      0x2a2 .\ARM_GCC_441\Debug\Transmitter.a(cyPm.o)
                                0x39a (size before relaxing)
 .debug_str     0x00000cdf      0x15a .\ARM_GCC_441\Debug\Transmitter.a(LCD.o)
                                0x249 (size before relaxing)
 .debug_str     0x00000e39      0x201 .\ARM_GCC_441\Debug\Transmitter.a(SPIM.o)
                                0x2d8 (size before relaxing)
 .debug_str     0x0000103a      0x1a9 .\ARM_GCC_441\Debug\Transmitter.a(cyfitter_cfg.o)
                                0x301 (size before relaxing)
 .debug_str     0x000011e3      0x113 .\ARM_GCC_441\Debug\Transmitter.a(CyFlash.o)
                                0x216 (size before relaxing)
 .debug_str     0x000012f6      0x200 .\ARM_GCC_441\Debug\Transmitter.a(CySpc.o)
                                0x31a (size before relaxing)
 .debug_str     0x000014f6       0x2e .\ARM_GCC_441\Debug\Transmitter.a(cyutils.o)
                                0x10d (size before relaxing)

.debug_loc      0x00000000     0x2378
 *(.debug_loc)
 .debug_loc     0x00000000       0xfb .\ARM_GCC_441\Debug\main.o
 .debug_loc     0x000000fb       0x8d .\ARM_GCC_441\Debug\Cm3Start.o
 .debug_loc     0x00000188      0x4d9 .\ARM_GCC_441\Debug\Transmitter.a(CyDmac.o)
 .debug_loc     0x00000661      0xb9e .\ARM_GCC_441\Debug\Transmitter.a(CyLib.o)
 .debug_loc     0x000011ff      0x283 .\ARM_GCC_441\Debug\Transmitter.a(cyPm.o)
 .debug_loc     0x00001482      0x309 .\ARM_GCC_441\Debug\Transmitter.a(LCD.o)
 .debug_loc     0x0000178b      0x4bc .\ARM_GCC_441\Debug\Transmitter.a(SPIM.o)
 .debug_loc     0x00001c47      0x1d7 .\ARM_GCC_441\Debug\Transmitter.a(cyfitter_cfg.o)
 .debug_loc     0x00001e1e      0x1f6 .\ARM_GCC_441\Debug\Transmitter.a(CyFlash.o)
 .debug_loc     0x00002014      0x32d .\ARM_GCC_441\Debug\Transmitter.a(CySpc.o)
 .debug_loc     0x00002341       0x37 .\ARM_GCC_441\Debug\Transmitter.a(cyutils.o)

.debug_macinfo
 *(.debug_macinfo)

.debug_ranges   0x00000000      0x630
 *(.debug_ranges)
 .debug_ranges  0x00000000       0x38 .\ARM_GCC_441\Debug\main.o
 .debug_ranges  0x00000038       0x28 .\ARM_GCC_441\Debug\Cm3Start.o
 .debug_ranges  0x00000060       0xc8 .\ARM_GCC_441\Debug\Transmitter.a(CyDmac.o)
 .debug_ranges  0x00000128      0x1e0 .\ARM_GCC_441\Debug\Transmitter.a(CyLib.o)
 .debug_ranges  0x00000308       0x78 .\ARM_GCC_441\Debug\Transmitter.a(cyPm.o)
 .debug_ranges  0x00000380       0x88 .\ARM_GCC_441\Debug\Transmitter.a(LCD.o)
 .debug_ranges  0x00000408       0xd0 .\ARM_GCC_441\Debug\Transmitter.a(SPIM.o)
 .debug_ranges  0x000004d8       0x58 .\ARM_GCC_441\Debug\Transmitter.a(cyfitter_cfg.o)
 .debug_ranges  0x00000530       0x60 .\ARM_GCC_441\Debug\Transmitter.a(CyFlash.o)
 .debug_ranges  0x00000590       0x88 .\ARM_GCC_441\Debug\Transmitter.a(CySpc.o)
 .debug_ranges  0x00000618       0x18 .\ARM_GCC_441\Debug\Transmitter.a(cyutils.o)

.debug_weaknames
 *(.debug_weaknames)

.debug_funcnames
 *(.debug_funcnames)

.debug_typenames
 *(.debug_typenames)

.debug_varnames
 *(.debug_varnames)

.note.gnu.arm.ident
 *(.note.gnu.arm.ident)

.ARM.attributes
                0x00000000       0x25
 *(.ARM.attributes)
 .ARM.attributes
                0x00000000       0x19 c:/program files/cypress/psoc creator/2.0/psoc creator/import/gnu_cs/arm/4.4.1/bin/../lib/gcc/arm-none-eabi/4.4.1/thumb2/crti.o
 .ARM.attributes
                0x00000019       0x29 c:/program files/cypress/psoc creator/2.0/psoc creator/import/gnu_cs/arm/4.4.1/bin/../lib/gcc/arm-none-eabi/4.4.1/thumb2/crtbegin.o
 .ARM.attributes
                0x00000042       0x31 .\ARM_GCC_441\Debug\main.o
 .ARM.attributes
                0x00000073       0x31 .\ARM_GCC_441\Debug\Cm3Start.o
 .ARM.attributes
                0x000000a4       0x31 .\ARM_GCC_441\Debug\Transmitter.a(CyDmac.o)
 .ARM.attributes
                0x000000d5       0x31 .\ARM_GCC_441\Debug\Transmitter.a(CyLib.o)
 .ARM.attributes
                0x00000106       0x31 .\ARM_GCC_441\Debug\Transmitter.a(cyPm.o)
 .ARM.attributes
                0x00000137       0x31 .\ARM_GCC_441\Debug\Transmitter.a(LCD.o)
 .ARM.attributes
                0x00000168       0x31 .\ARM_GCC_441\Debug\Transmitter.a(SPIM.o)
 .ARM.attributes
                0x00000199       0x31 .\ARM_GCC_441\Debug\Transmitter.a(cyfitter_cfg.o)
 .ARM.attributes
                0x000001ca       0x21 .\ARM_GCC_441\Debug\Transmitter.a(CyBootAsmGnu.o)
 .ARM.attributes
                0x000001eb       0x31 .\ARM_GCC_441\Debug\Transmitter.a(CyFlash.o)
 .ARM.attributes
                0x0000021c       0x31 .\ARM_GCC_441\Debug\Transmitter.a(CySpc.o)
 .ARM.attributes
                0x0000024d       0x31 .\ARM_GCC_441\Debug\Transmitter.a(cyutils.o)
 .ARM.attributes
                0x0000027e       0x29 c:/program files/cypress/psoc creator/2.0/psoc creator/import/gnu_cs/arm/4.4.1/bin/../lib/gcc/arm-none-eabi/4.4.1/../../../../arm-none-eabi/lib/thumb2\libc.a(lib_a-memcpy.o)
 .ARM.attributes
                0x000002a7       0x29 c:/program files/cypress/psoc creator/2.0/psoc creator/import/gnu_cs/arm/4.4.1/bin/../lib/gcc/arm-none-eabi/4.4.1/thumb2/crtend.o
 .ARM.attributes
                0x000002d0       0x19 c:/program files/cypress/psoc creator/2.0/psoc creator/import/gnu_cs/arm/4.4.1/bin/../lib/gcc/arm-none-eabi/4.4.1/thumb2/crtn.o
 .ARM.attributes
                0x000002e9       0x29 c:/program files/cypress/psoc creator/2.0/psoc creator/import/gnu_cs/arm/4.4.1/bin/../lib/gcc/arm-none-eabi/4.4.1/../../../../arm-none-eabi/lib/thumb2\libcs3.a(start_c.o)
 .ARM.attributes
                0x00000312       0x19 c:/program files/cypress/psoc creator/2.0/psoc creator/import/gnu_cs/arm/4.4.1/bin/../lib/gcc/arm-none-eabi/4.4.1/../../../../arm-none-eabi/lib/thumb2\libcs3micro.a(micro-vector.o)
 .ARM.attributes
                0x0000032b       0x19 c:/program files/cypress/psoc creator/2.0/psoc creator/import/gnu_cs/arm/4.4.1/bin/../lib/gcc/arm-none-eabi/4.4.1/../../../../arm-none-eabi/lib/thumb2\libcs3micro.a(micro_isr_interrupt.o)
 .ARM.attributes
                0x00000344       0x29 c:/program files/cypress/psoc creator/2.0/psoc creator/import/gnu_cs/arm/4.4.1/bin/../lib/gcc/arm-none-eabi/4.4.1/../../../../arm-none-eabi/lib/thumb2\libc.a(lib_a-init.o)

/DISCARD/
 *(.note.GNU-stack)
OUTPUT(.\ARM_GCC_441\Debug\Transmitter.elf elf32-littlearm)
