Archive member included because of file (symbol)

./ARM_GCC_441/Debug/Receiver.a(CyDmac.o)
                              E:\ControllerKinect\capController\Receiver\Receiver.cydsn\ARM_GCC_441\Debug\Cm3Start.o (CyDmacConfigure)
./ARM_GCC_441/Debug/Receiver.a(CyLib.o)
                              E:\ControllerKinect\capController\Receiver\Receiver.cydsn\ARM_GCC_441\Debug\Cm3Start.o (CyResetStatus)
./ARM_GCC_441/Debug/Receiver.a(cyPm.o)
                              ./ARM_GCC_441/Debug/Receiver.a(CyLib.o) (CyPmReadStatus)
./ARM_GCC_441/Debug/Receiver.a(LCD.o)
                              E:\ControllerKinect\capController\Receiver\Receiver.cydsn\ARM_GCC_441\Debug\main.o (LCD_WriteControl)
./ARM_GCC_441/Debug/Receiver.a(SPIM.o)
                              E:\ControllerKinect\capController\Receiver\Receiver.cydsn\ARM_GCC_441\Debug\main.o (SPIM_ClearFIFO)
./ARM_GCC_441/Debug/Receiver.a(UART.o)
                              E:\ControllerKinect\capController\Receiver\Receiver.cydsn\ARM_GCC_441\Debug\main.o (UART_Start)
./ARM_GCC_441/Debug/Receiver.a(cyfitter_cfg.o)
                              E:\ControllerKinect\capController\Receiver\Receiver.cydsn\ARM_GCC_441\Debug\Cm3Start.o (cyfitter_cfg)
./ARM_GCC_441/Debug/Receiver.a(CyBootAsmGnu.o)
                              ./ARM_GCC_441/Debug/Receiver.a(CyLib.o) (CyDelayCycles)
./ARM_GCC_441/Debug/Receiver.a(CyFlash.o)
                              ./ARM_GCC_441/Debug/Receiver.a(cyPm.o) (CyFlash_SetWaitCycles)
./ARM_GCC_441/Debug/Receiver.a(CySpc.o)
                              ./ARM_GCC_441/Debug/Receiver.a(CyFlash.o) (CySpcLock)
./ARM_GCC_441/Debug/Receiver.a(cyutils.o)
                              ./ARM_GCC_441/Debug/Receiver.a(cyfitter_cfg.o) (CySetReg24)
c:/program files/cypress/psoc creator/1.0/psoc creator/import/gnu_cs/arm/4.4.1/bin/../lib/gcc/arm-none-eabi/4.4.1/../../../../arm-none-eabi/lib/thumb2\libc.a(lib_a-memcpy.o)
                              ./ARM_GCC_441/Debug/Receiver.a(cyfitter_cfg.o) (memcpy)
c:/program files/cypress/psoc creator/1.0/psoc creator/import/gnu_cs/arm/4.4.1/bin/../lib/gcc/arm-none-eabi/4.4.1/../../../../arm-none-eabi/lib/thumb2\libc.a(lib_a-sprintf.o)
                              E:\ControllerKinect\capController\Receiver\Receiver.cydsn\ARM_GCC_441\Debug\main.o (sprintf)
c:/program files/cypress/psoc creator/1.0/psoc creator/import/gnu_cs/arm/4.4.1/bin/../lib/gcc/arm-none-eabi/4.4.1/../../../../arm-none-eabi/lib/thumb2\libc.a(lib_a-svfprintf.o)
                              c:/program files/cypress/psoc creator/1.0/psoc creator/import/gnu_cs/arm/4.4.1/bin/../lib/gcc/arm-none-eabi/4.4.1/../../../../arm-none-eabi/lib/thumb2\libc.a(lib_a-sprintf.o) (_svfprintf_r)
c:/program files/cypress/psoc creator/1.0/psoc creator/import/gnu_cs/arm/4.4.1/bin/../lib/gcc/arm-none-eabi/4.4.1/../../../../arm-none-eabi/lib/thumb2\libc.a(lib_a-dtoa.o)
                              c:/program files/cypress/psoc creator/1.0/psoc creator/import/gnu_cs/arm/4.4.1/bin/../lib/gcc/arm-none-eabi/4.4.1/../../../../arm-none-eabi/lib/thumb2\libc.a(lib_a-svfprintf.o) (_dtoa_r)
c:/program files/cypress/psoc creator/1.0/psoc creator/import/gnu_cs/arm/4.4.1/bin/../lib/gcc/arm-none-eabi/4.4.1/../../../../arm-none-eabi/lib/thumb2\libc.a(lib_a-freer.o)
                              c:/program files/cypress/psoc creator/1.0/psoc creator/import/gnu_cs/arm/4.4.1/bin/../lib/gcc/arm-none-eabi/4.4.1/../../../../arm-none-eabi/lib/thumb2\libc.a(lib_a-svfprintf.o) (_free_r)
c:/program files/cypress/psoc creator/1.0/psoc creator/import/gnu_cs/arm/4.4.1/bin/../lib/gcc/arm-none-eabi/4.4.1/../../../../arm-none-eabi/lib/thumb2\libc.a(lib_a-impure.o)
                              c:/program files/cypress/psoc creator/1.0/psoc creator/import/gnu_cs/arm/4.4.1/bin/../lib/gcc/arm-none-eabi/4.4.1/../../../../arm-none-eabi/lib/thumb2\libc.a(lib_a-sprintf.o) (_impure_ptr)
c:/program files/cypress/psoc creator/1.0/psoc creator/import/gnu_cs/arm/4.4.1/bin/../lib/gcc/arm-none-eabi/4.4.1/../../../../arm-none-eabi/lib/thumb2\libc.a(lib_a-locale.o)
                              c:/program files/cypress/psoc creator/1.0/psoc creator/import/gnu_cs/arm/4.4.1/bin/../lib/gcc/arm-none-eabi/4.4.1/../../../../arm-none-eabi/lib/thumb2\libc.a(lib_a-svfprintf.o) (_localeconv_r)
c:/program files/cypress/psoc creator/1.0/psoc creator/import/gnu_cs/arm/4.4.1/bin/../lib/gcc/arm-none-eabi/4.4.1/../../../../arm-none-eabi/lib/thumb2\libc.a(lib_a-malloc.o)
                              c:/program files/cypress/psoc creator/1.0/psoc creator/import/gnu_cs/arm/4.4.1/bin/../lib/gcc/arm-none-eabi/4.4.1/../../../../arm-none-eabi/lib/thumb2\libc.a(lib_a-dtoa.o) (malloc)
c:/program files/cypress/psoc creator/1.0/psoc creator/import/gnu_cs/arm/4.4.1/bin/../lib/gcc/arm-none-eabi/4.4.1/../../../../arm-none-eabi/lib/thumb2\libc.a(lib_a-mallocr.o)
[...]
Memory Configuration

Name             Origin             Length             Attributes
rom              0x00000000         0x00040000         xr
ram              0x1fff8000         0x00010000         xrw
*default*        0x00000000         0xffffffff

Linker script and memory map

LOAD c:/program files/cypress/psoc creator/1.0/psoc creator/import/gnu_cs/arm/4.4.1/bin/../lib/gcc/arm-none-eabi/4.4.1/thumb2/crti.o
LOAD c:/program files/cypress/psoc creator/1.0/psoc creator/import/gnu_cs/arm/4.4.1/bin/../lib/gcc/arm-none-eabi/4.4.1/thumb2/crtbegin.o
LOAD E:\ControllerKinect\capController\Receiver\Receiver.cydsn\ARM_GCC_441\Debug\main.o
LOAD E:\ControllerKinect\capController\Receiver\Receiver.cydsn\ARM_GCC_441\Debug\Cm3Start.o
LOAD ./ARM_GCC_441/Debug/Receiver.a
LOAD C:/Program Files/Cypress/PSoC Creator/1.0/PSoC Creator/psoc/content/cycomponentlibrary/CyComponentLibrary.cylib/ARM_GCC_441/Debug/CyComponentLibrary.a
START GROUP
LOAD c:/program files/cypress/psoc creator/1.0/psoc creator/import/gnu_cs/arm/4.4.1/bin/../lib/gcc/arm-none-eabi/4.4.1/thumb2\libgcc.a
LOAD c:/program files/cypress/psoc creator/1.0/psoc creator/import/gnu_cs/arm/4.4.1/bin/../lib/gcc/arm-none-eabi/4.4.1/../../../../arm-none-eabi/lib/thumb2\libc.a
END GROUP
LOAD c:/program files/cypress/psoc creator/1.0/psoc creator/import/gnu_cs/arm/4.4.1/bin/../lib/gcc/arm-none-eabi/4.4.1/thumb2/crtend.o
LOAD c:/program files/cypress/psoc creator/1.0/psoc creator/import/gnu_cs/arm/4.4.1/bin/../lib/gcc/arm-none-eabi/4.4.1/thumb2/crtn.o
START GROUP
LOAD c:/program files/cypress/psoc creator/1.0/psoc creator/import/gnu_cs/arm/4.4.1/bin/../lib/gcc/arm-none-eabi/4.4.1/thumb2\libgcc.a
LOAD c:/program files/cypress/psoc creator/1.0/psoc creator/import/gnu_cs/arm/4.4.1/bin/../lib/gcc/arm-none-eabi/4.4.1/../../../../arm-none-eabi/lib/thumb2\libc.a
LOAD c:/program files/cypress/psoc creator/1.0/psoc creator/import/gnu_cs/arm/4.4.1/bin/../lib/gcc/arm-none-eabi/4.4.1/../../../../arm-none-eabi/lib/thumb2\libcs3.a
LOAD c:/program files/cypress/psoc creator/1.0/psoc creator/import/gnu_cs/arm/4.4.1/bin/../lib/gcc/arm-none-eabi/4.4.1/../../../../arm-none-eabi/lib/thumb2\libcs3unhosted.a
LOAD c:/program files/cypress/psoc creator/1.0/psoc creator/import/gnu_cs/arm/4.4.1/bin/../lib/gcc/arm-none-eabi/4.4.1/../../../../arm-none-eabi/lib/thumb2\libcs3micro.a
END GROUP
                0x1fff8688                PROVIDE (__cs3_heap_start, _end)
                0x00000001                PROVIDE (__cs3_region_num, ((__cs3_regions_end - __cs3_regions) / 0x14))
                0x20008000                PROVIDE (__cs3_stack, 0x20008000)
                0x20004000                PROVIDE (__cs3_heap_end, (__cs3_stack - 0x4000))

.text           0x00000000     0x71b4
 CREATE_OBJECT_SYMBOLS
                0x00000000                __cs3_interrupt_vector = __cs3_interrupt_vector_micro
 *(.cs3.interrupt_vector)
 .cs3.interrupt_vector
                0x00000000       0xc0 c:/program files/cypress/psoc creator/1.0/psoc creator/import/gnu_cs/arm/4.4.1/bin/../lib/gcc/arm-none-eabi/4.4.1/../../../../arm-none-eabi/lib/thumb2\libcs3micro.a(micro-vector.o)
                0x00000000                __cs3_interrupt_vector_micro
                0x00000001                ASSERT ((. != __cs3_interrupt_vector_micro), No interrupt vector)
                0x00000948                PROVIDE (__cs3_reset, Reset)
 *(.cs3.reset)
                0x00000001                ASSERT ((. != __cs3_reset), No reset code)
 *(.dma_init)
 .dma_init      0x000000c0      0x180 ./ARM_GCC_441/Debug/Receiver.a(cyfitter_cfg.o)
                0x00000001                ASSERT (((0x0 + .) <= 0x10000), DMA Init must be within the first 64k of flash)
 *(.text.cs3.init)
 .text.cs3.init
                0x00000240       0x5c c:/program files/cypress/psoc creator/1.0/psoc creator/import/gnu_cs/arm/4.4.1/bin/../lib/gcc/arm-none-eabi/4.4.1/../../../../arm-none-eabi/lib/thumb2\libcs3.a(start_c.o)
                0x00000240                __cs3_start_c
 *(.text .text.* .gnu.linkonce.t.*)
 .text          0x0000029c       0x30 c:/program files/cypress/psoc creator/1.0/psoc creator/import/gnu_cs/arm/4.4.1/bin/../lib/gcc/arm-none-eabi/4.4.1/thumb2/crtbegin.o
 .text.main     0x000002cc      0x128 E:\ControllerKinect\capController\Receiver\Receiver.cydsn\ARM_GCC_441\Debug\main.o
                0x000002cc                main
 .text.radioWrite
                0x000003f4       0x44 E:\ControllerKinect\capController\Receiver\Receiver.cydsn\ARM_GCC_441\Debug\main.o
                0x000003f4                radioWrite
 .text.radioReadBuf
                0x00000438      0x1a8 E:\ControllerKinect\capController\Receiver\Receiver.cydsn\ARM_GCC_441\Debug\main.o
                0x00000438                radioReadBuf
 .text.sendSerial
                0x000005e0       0xc4 E:\ControllerKinect\capController\Receiver\Receiver.cydsn\ARM_GCC_441\Debug\main.o
                0x000005e0                sendSerial
 .text.radioRead
                0x000006a4       0x8c E:\ControllerKinect\capController\Receiver\Receiver.cydsn\ARM_GCC_441\Debug\main.o
                0x000006a4                radioRead
 .text.radioInit
                0x00000730       0x98 E:\ControllerKinect\capController\Receiver\Receiver.cydsn\ARM_GCC_441\Debug\main.o
                0x00000730                radioInit
 .text.radioStartReceive
                0x000007c8       0x4c E:\ControllerKinect\capController\Receiver\Receiver.cydsn\ARM_GCC_441\Debug\main.o
                0x000007c8                radioStartReceive
 .text.radioGetState
                0x00000814       0x64 E:\ControllerKinect\capController\Receiver\Receiver.cydsn\ARM_GCC_441\Debug\main.o
                0x00000814                radioGetState
 .text.radioEndReceive
                0x00000878       0xd0 E:\ControllerKinect\capController\Receiver\Receiver.cydsn\ARM_GCC_441\Debug\main.o
                0x00000878                radioEndReceive
 .text.Reset    0x00000948       0x30 E:\ControllerKinect\capController\Receiver\Receiver.cydsn\ARM_GCC_441\Debug\Cm3Start.o
                0x00000948                Reset
 .text.initialize_psoc
                0x00000978       0xa0 E:\ControllerKinect\capController\Receiver\Receiver.cydsn\ARM_GCC_441\Debug\Cm3Start.o
                0x00000978                initialize_psoc
 .text.CyDmacConfigure
                0x00000a18       0x70 ./ARM_GCC_441/Debug/Receiver.a(CyDmac.o)
                0x00000a18                CyDmacConfigure
 .text.CyDelay  0x00000a88       0x48 ./ARM_GCC_441/Debug/Receiver.a(CyLib.o)
                0x00000a88                CyDelay
 .text.CyDelayUs
                0x00000ad0       0x28 ./ARM_GCC_441/Debug/Receiver.a(CyLib.o)
                0x00000ad0                CyDelayUs
 .text.LCD_Init
                0x00000af8       0x90 ./ARM_GCC_441/Debug/Receiver.a(LCD.o)
                0x00000af8                LCD_Init
 .text.LCD_Enable
                0x00000b88       0x1c ./ARM_GCC_441/Debug/Receiver.a(LCD.o)
                0x00000b88                LCD_Enable
 .text.LCD_Start
                0x00000ba4       0x2c ./ARM_GCC_441/Debug/Receiver.a(LCD.o)
                0x00000ba4                LCD_Start
 .text.LCD_Position
                0x00000bd0       0x74 ./ARM_GCC_441/Debug/Receiver.a(LCD.o)
                0x00000bd0                LCD_Position
 .text.LCD_PrintString
                0x00000c44       0x40 ./ARM_GCC_441/Debug/Receiver.a(LCD.o)
                0x00000c44                LCD_PrintString
 .text.LCD_PutChar
                0x00000c84       0x1c ./ARM_GCC_441/Debug/Receiver.a(LCD.o)
                0x00000c84                LCD_PutChar
 .text.LCD_WriteData
                0x00000ca0       0x38 ./ARM_GCC_441/Debug/Receiver.a(LCD.o)
                0x00000ca0                LCD_WriteData
 .text.LCD_WriteControl
                0x00000cd8       0x40 ./ARM_GCC_441/Debug/Receiver.a(LCD.o)
                0x00000cd8                LCD_WriteControl
 .text.LCD_IsReady
                0x00000d18      0x1fc ./ARM_GCC_441/Debug/Receiver.a(LCD.o)
                0x00000d18                LCD_IsReady
 .text.LCD_WrDatNib
                0x00000f14       0xac ./ARM_GCC_441/Debug/Receiver.a(LCD.o)
                0x00000f14                LCD_WrDatNib
 .text.LCD_WrCntrlNib
                0x00000fc0       0x8c ./ARM_GCC_441/Debug/Receiver.a(LCD.o)
                0x00000fc0                LCD_WrCntrlNib
 .text.LCD_PrintHexUint8
                0x0000104c       0x44 ./ARM_GCC_441/Debug/Receiver.a(LCD.o)
                0x0000104c                LCD_PrintHexUint8
 .text.SPIM_Init
                0x00001090       0x3c ./ARM_GCC_441/Debug/Receiver.a(SPIM.o)
                0x00001090                SPIM_Init
 .text.SPIM_Enable
                0x000010cc       0x78 ./ARM_GCC_441/Debug/Receiver.a(SPIM.o)
                0x000010cc                SPIM_Enable
 .text.SPIM_Start
                0x00001144       0x2c ./ARM_GCC_441/Debug/Receiver.a(SPIM.o)
                0x00001144                SPIM_Start
 .text.SPIM_ReadTxStatus
                0x00001170       0x28 ./ARM_GCC_441/Debug/Receiver.a(SPIM.o)
                0x00001170                SPIM_ReadTxStatus
 .text.SPIM_ReadRxStatus
                0x00001198       0x28 ./ARM_GCC_441/Debug/Receiver.a(SPIM.o)
                0x00001198                SPIM_ReadRxStatus
 .text.SPIM_WriteTxData
                0x000011c0       0x34 ./ARM_GCC_441/Debug/Receiver.a(SPIM.o)
                0x000011c0                SPIM_WriteTxData
 .text.SPIM_ReadRxData
                0x000011f4       0x28 ./ARM_GCC_441/Debug/Receiver.a(SPIM.o)
                0x000011f4                SPIM_ReadRxData
 .text.SPIM_ClearRxBuffer
                0x0000121c       0x2c ./ARM_GCC_441/Debug/Receiver.a(SPIM.o)
                0x0000121c                SPIM_ClearRxBuffer
 .text.SPIM_ClearTxBuffer
                0x00001248       0x5c ./ARM_GCC_441/Debug/Receiver.a(SPIM.o)
                0x00001248                SPIM_ClearTxBuffer
 .text.SPIM_ClearFIFO
                0x000012a4       0x7c ./ARM_GCC_441/Debug/Receiver.a(SPIM.o)
                0x000012a4                SPIM_ClearFIFO
 .text.UART_Start
                0x00001320       0x2c ./ARM_GCC_441/Debug/Receiver.a(UART.o)
                0x00001320                UART_Start
 .text.UART_Init
                0x0000134c       0x34 ./ARM_GCC_441/Debug/Receiver.a(UART.o)
                0x0000134c                UART_Init
 .text.UART_Enable
                0x00001380       0x58 ./ARM_GCC_441/Debug/Receiver.a(UART.o)
                0x00001380                UART_Enable
 .text.UART_PutChar
                0x000013d8       0x34 ./ARM_GCC_441/Debug/Receiver.a(UART.o)
                0x000013d8                UART_PutChar
 .text.UART_PutString
                0x0000140c       0x3c ./ARM_GCC_441/Debug/Receiver.a(UART.o)
                0x0000140c                UART_PutString
 .text.cymemzero8
                0x00001448       0x44 ./ARM_GCC_441/Debug/Receiver.a(cyfitter_cfg.o)
 .text.cymemcpy8
                0x0000148c       0x50 ./ARM_GCC_441/Debug/Receiver.a(cyfitter_cfg.o)
 .text.cfg_dma_init
                0x000014dc      0x208 ./ARM_GCC_441/Debug/Receiver.a(cyfitter_cfg.o)
 .text.ClockSetup
                0x000016e4      0x170 ./ARM_GCC_441/Debug/Receiver.a(cyfitter_cfg.o)
 .text.AnalogSetDefault
                0x00001854       0x18 ./ARM_GCC_441/Debug/Receiver.a(cyfitter_cfg.o)
                0x00001854                AnalogSetDefault
 .text.cyfitter_cfg
                0x0000186c      0x1f8 ./ARM_GCC_441/Debug/Receiver.a(cyfitter_cfg.o)
                0x0000186c                cyfitter_cfg
 *fill*         0x00001a64       0x9c 00
 .text          0x00001b00      0x100 ./ARM_GCC_441/Debug/Receiver.a(CyBootAsmGnu.o)
                0x00001b00                CyDelayCycles
                0x00001b10                CyEnterCriticalSection
                0x00001b18                CyExitCriticalSection
 .text.CySetReg24
                0x00001c00       0x4c ./ARM_GCC_441/Debug/Receiver.a(cyutils.o)
                0x00001c00                CySetReg24
 .text          0x00001c4c      0x190 c:/program files/cypress/psoc creator/1.0/psoc creator/import/gnu_cs/arm/4.4.1/bin/../lib/gcc/arm-none-eabi/4.4.1/../../../../arm-none-eabi/lib/thumb2\libc.a(lib_a-memcpy.o)
                0x00001c4c                memcpy
 .text          0x00001ddc       0x94 c:/program files/cypress/psoc creator/1.0/psoc creator/import/gnu_cs/arm/4.4.1/bin/../lib/gcc/arm-none-eabi/4.4.1/../../../../arm-none-eabi/lib/thumb2\libc.a(lib_a-sprintf.o)
                0x00001ddc                sprintf
                0x00001e2c                _sprintf_r
 .text          0x00001e70     0x15a8 c:/program files/cypress/psoc creator/1.0/psoc creator/import/gnu_cs/arm/4.4.1/bin/../lib/gcc/arm-none-eabi/4.4.1/../../../../arm-none-eabi/lib/thumb2\libc.a(lib_a-svfprintf.o)
                0x00001f8c                _svfprintf_r
 .text          0x00003418      0xfb8 c:/program files/cypress/psoc creator/1.0/psoc creator/import/gnu_cs/arm/4.4.1/bin/../lib/gcc/arm-none-eabi/4.4.1/../../../../arm-none-eabi/lib/thumb2\libc.a(lib_a-dtoa.o)
                0x00003538                _dtoa_r
 .text          0x000043d0      0x268 c:/program files/cypress/psoc creator/1.0/psoc creator/import/gnu_cs/arm/4.4.1/bin/../lib/gcc/arm-none-eabi/4.4.1/../../../../arm-none-eabi/lib/thumb2\libc.a(lib_a-freer.o)
                0x000043d0                _malloc_trim_r
                0x00004478                _free_r
 .text          0x00004638       0x74 c:/program files/cypress/psoc creator/1.0/psoc creator/import/gnu_cs/arm/4.4.1/bin/../lib/gcc/arm-none-eabi/4.4.1/../../../../arm-none-eabi/lib/thumb2\libc.a(lib_a-locale.o)
                0x00004638                __locale_charset
                0x00004644                _localeconv_r
                0x0000464c                localeconv
                0x00004654                _setlocale_r
                0x0000469c                setlocale
 .text          0x000046ac       0x20 c:/program files/cypress/psoc creator/1.0/psoc creator/import/gnu_cs/arm/4.4.1/bin/../lib/gcc/arm-none-eabi/4.4.1/../../../../arm-none-eabi/lib/thumb2\libc.a(lib_a-malloc.o)
                0x000046ac                free
                0x000046bc                malloc
 .text          0x000046cc      0x5a4 c:/program files/cypress/psoc creator/1.0/psoc creator/import/gnu_cs/arm/4.4.1/bin/../lib/gcc/arm-none-eabi/4.4.1/../../../../arm-none-eabi/lib/thumb2\libc.a(lib_a-mallocr.o)
                0x000046cc                _malloc_r
 .text          0x00004c70       0x74 c:/program files/cypress/psoc creator/1.0/psoc creator/import/gnu_cs/arm/4.4.1/bin/../lib/gcc/arm-none-eabi/4.4.1/../../../../arm-none-eabi/lib/thumb2\libc.a(lib_a-memchr.o)
                0x00004c70                memchr
 .text          0x00004ce4       0xb8 c:/program files/cypress/psoc creator/1.0/psoc creator/import/gnu_cs/arm/4.4.1/bin/../lib/gcc/arm-none-eabi/4.4.1/../../../../arm-none-eabi/lib/thumb2\libc.a(lib_a-memmove.o)
                0x00004ce4                memmove
 .text          0x00004d9c        0x8 c:/program files/cypress/psoc creator/1.0/psoc creator/import/gnu_cs/arm/4.4.1/bin/../lib/gcc/arm-none-eabi/4.4.1/../../../../arm-none-eabi/lib/thumb2\libc.a(lib_a-mlock.o)
                0x00004d9c                __malloc_lock
                0x00004da0                __malloc_unlock
 .text          0x00004da4      0x958 c:/program files/cypress/psoc creator/1.0/psoc creator/import/gnu_cs/arm/4.4.1/bin/../lib/gcc/arm-none-eabi/4.4.1/../../../../arm-none-eabi/lib/thumb2\libc.a(lib_a-mprec.o)
                0x00004da4                __hi0bits
                0x00004de4                __lo0bits
                0x00004e48                __mcmp
                0x00004e88                __ulp
                0x00004ed4                __b2d
                0x00004f7c                __ratio
                0x00004fdc                _mprec_log10
                0x00005014                __copybits
                0x00005064                __any_on
                0x000050bc                _Bfree
                0x000050f4                _Balloc
                0x00005160                __d2b
                0x00005230                __mdiff
                0x00005328                __lshift
                0x000053e4                __multiply
                0x00005518                __i2b
                0x0000552c                __multadd
                0x000055b4                __pow5mult
                0x00005660                __s2b
 .text          0x000056fc      0x3b4 c:/program files/cypress/psoc creator/1.0/psoc creator/import/gnu_cs/arm/4.4.1/bin/../lib/gcc/arm-none-eabi/4.4.1/../../../../arm-none-eabi/lib/thumb2\libc.a(lib_a-reallocr.o)
                0x000056fc                _realloc_r
 .text          0x00005ab0       0x24 c:/program files/cypress/psoc creator/1.0/psoc creator/import/gnu_cs/arm/4.4.1/bin/../lib/gcc/arm-none-eabi/4.4.1/../../../../arm-none-eabi/lib/thumb2\libc.a(lib_a-s_isinfd.o)
                0x00005ab0                __isinfd
 .text          0x00005ad4       0x1c c:/program files/cypress/psoc creator/1.0/psoc creator/import/gnu_cs/arm/4.4.1/bin/../lib/gcc/arm-none-eabi/4.4.1/../../../../arm-none-eabi/lib/thumb2\libc.a(lib_a-s_isnand.o)
                0x00005ad4                __isnand
 .text          0x00005af0       0x28 c:/program files/cypress/psoc creator/1.0/psoc creator/import/gnu_cs/arm/4.4.1/bin/../lib/gcc/arm-none-eabi/4.4.1/../../../../arm-none-eabi/lib/thumb2\libc.a(lib_a-sbrkr.o)
                0x00005af0                _sbrk_r
 .text          0x00005b18      0x1dc c:/program files/cypress/psoc creator/1.0/psoc creator/import/gnu_cs/arm/4.4.1/bin/../lib/gcc/arm-none-eabi/4.4.1/../../../../arm-none-eabi/lib/thumb2\libc.a(lib_a-strcmp.o)
                0x00005b18                strcmp
 .text          0x00005cf4       0x60 c:/program files/cypress/psoc creator/1.0/psoc creator/import/gnu_cs/arm/4.4.1/bin/../lib/gcc/arm-none-eabi/4.4.1/../../../../arm-none-eabi/lib/thumb2\libc.a(lib_a-strlen.o)
                0x00005cf4                strlen
 .text          0x00005d54       0x5c c:/program files/cypress/psoc creator/1.0/psoc creator/import/gnu_cs/arm/4.4.1/bin/../lib/gcc/arm-none-eabi/4.4.1/../../../../arm-none-eabi/lib/thumb2\libc.a(lib_a-callocr.o)
                0x00005d54                _calloc_r
 .text          0x00005db0       0xd4 c:/program files/cypress/psoc creator/1.0/psoc creator/import/gnu_cs/arm/4.4.1/bin/../lib/gcc/arm-none-eabi/4.4.1/../../../../arm-none-eabi/lib/thumb2\libc.a(lib_a-memset.o)
                0x00005db0                memset
 *fill*         0x00005e84        0x4 00
 .text          0x00005e88      0x278 c:/program files/cypress/psoc creator/1.0/psoc creator/import/gnu_cs/arm/4.4.1/bin/../lib/gcc/arm-none-eabi/4.4.1/thumb2\libgcc.a(_udivsi3.o)
                0x00005e88                __aeabi_uidiv
                0x00005e88                __udivsi3
                0x000060e4                __aeabi_uidivmod
 .text          0x00006100        0x4 c:/program files/cypress/psoc creator/1.0/psoc creator/import/gnu_cs/arm/4.4.1/bin/../lib/gcc/arm-none-eabi/4.4.1/thumb2\libgcc.a(_dvmd_tls.o)
                0x00006100                __aeabi_idiv0
                0x00006100                __aeabi_ldiv0
 .text          0x00006104      0x370 c:/program files/cypress/psoc creator/1.0/psoc creator/import/gnu_cs/arm/4.4.1/bin/../lib/gcc/arm-none-eabi/4.4.1/thumb2\libgcc.a(_arm_addsubdf3.o)
                0x00006104                __aeabi_drsub
                0x0000610c                __aeabi_dsub
                0x0000610c                __subdf3
                0x00006110                __aeabi_dadd
                0x00006110                __adddf3
                0x00006388                __floatunsidf
                0x00006388                __aeabi_ui2d
                0x000063a8                __floatsidf
                0x000063a8                __aeabi_i2d
                0x000063cc                __aeabi_f2d
                0x000063cc                __extendsfdf2
                0x00006408                __floatundidf
                0x00006408                __aeabi_ul2d
                0x00006418                __floatdidf
                0x00006418                __aeabi_l2d
 .text          0x00006474      0x424 c:/program files/cypress/psoc creator/1.0/psoc creator/import/gnu_cs/arm/4.4.1/bin/../lib/gcc/arm-none-eabi/4.4.1/thumb2\libgcc.a(_arm_muldivdf3.o)
                0x00006474                __aeabi_dmul
                0x00006474                __muldf3
                0x000066c8                __divdf3
                0x000066c8                __aeabi_ddiv
 .text          0x00006898      0x110 c:/program files/cypress/psoc creator/1.0/psoc creator/import/gnu_cs/arm/4.4.1/bin/../lib/gcc/arm-none-eabi/4.4.1/thumb2\libgcc.a(_arm_cmpdf2.o)
                0x00006898                __gtdf2
                0x00006898                __gedf2
                0x000068a0                __ltdf2
                0x000068a0                __ledf2
                0x000068a8                __nedf2
                0x000068a8                __eqdf2
                0x000068a8                __cmpdf2
                0x00006924                __aeabi_cdrcmple
                0x00006934                __aeabi_cdcmpeq
                0x00006934                __aeabi_cdcmple
                0x00006944                __aeabi_dcmpeq
                0x00006958                __aeabi_dcmplt
                0x0000696c                __aeabi_dcmple
                0x00006980                __aeabi_dcmpge
                0x00006994                __aeabi_dcmpgt
 .text          0x000069a8       0x50 c:/program files/cypress/psoc creator/1.0/psoc creator/import/gnu_cs/arm/4.4.1/bin/../lib/gcc/arm-none-eabi/4.4.1/thumb2\libgcc.a(_arm_fixdfsi.o)
                0x000069a8                __aeabi_d2iz
                0x000069a8                __fixdfsi
 .text          0x000069f8       0x2c c:/program files/cypress/psoc creator/1.0/psoc creator/import/gnu_cs/arm/4.4.1/bin/../lib/gcc/arm-none-eabi/4.4.1/thumb2\libgcc.a(_aeabi_uldivmod.o)
                0x000069f8                __aeabi_uldivmod
 .text          0x00006a24       0x58 c:/program files/cypress/psoc creator/1.0/psoc creator/import/gnu_cs/arm/4.4.1/bin/../lib/gcc/arm-none-eabi/4.4.1/thumb2\libgcc.a(bpabi.o)
                0x00006a24                __gnu_uldivmod_helper
                0x00006a50                __gnu_ldivmod_helper
 .text          0x00006a7c      0x364 c:/program files/cypress/psoc creator/1.0/psoc creator/import/gnu_cs/arm/4.4.1/bin/../lib/gcc/arm-none-eabi/4.4.1/thumb2\libgcc.a(_divdi3.o)
                0x00006a7c                __divdi3
 .text          0x00006de0      0x300 c:/program files/cypress/psoc creator/1.0/psoc creator/import/gnu_cs/arm/4.4.1/bin/../lib/gcc/arm-none-eabi/4.4.1/thumb2\libgcc.a(_udivdi3.o)
                0x00006de0                __udivdi3
 .text          0x000070e0       0x30 c:/program files/cypress/psoc creator/1.0/psoc creator/import/gnu_cs/arm/4.4.1/bin/../lib/gcc/arm-none-eabi/4.4.1/../../../../arm-none-eabi/lib/thumb2\libcs3.a(start_c.o)
                0x000070e0                __cs3_premain
 .text          0x00007110       0x44 c:/program files/cypress/psoc creator/1.0/psoc creator/import/gnu_cs/arm/4.4.1/bin/../lib/gcc/arm-none-eabi/4.4.1/../../../../arm-none-eabi/lib/thumb2\libcs3unhosted.a(unhosted-sbrk.o)
                0x00007110                _sbrk
 .text          0x00007154        0x2 c:/program files/cypress/psoc creator/1.0/psoc creator/import/gnu_cs/arm/4.4.1/bin/../lib/gcc/arm-none-eabi/4.4.1/../../../../arm-none-eabi/lib/thumb2\libcs3micro.a(micro_isr_interrupt.o)
                0x00007154                __cs3_isr_external_24
                0x00007154                __cs3_isr_external_9
                0x00007154                __cs3_isr_external_14
                0x00007154                __cs3_isr_reserved_9
                0x00007154                __cs3_isr_external_4
                0x00007154                __cs3_isr_external_21
                0x00007154                __cs3_isr_external_0
                0x00007154                __cs3_isr_external_27
                0x00007154                __cs3_isr_external_11
                0x00007154                __cs3_isr_usage_fault
                0x00007154                __cs3_isr_svcall
                0x00007154                __cs3_isr_external_3
                0x00007154                __cs3_isr_mpu_fault
                0x00007154                __cs3_isr_external_16
                0x00007154                __cs3_isr_pendsv
                0x00007154                __cs3_isr_external_31
                0x00007154                __cs3_isr_nmi
                0x00007154                __cs3_isr_external_5
                0x00007154                __cs3_isr_external_6
                0x00007154                __cs3_isr_external_12
                0x00007154                __cs3_isr_hard_fault
                0x00007154                __cs3_isr_bus_fault
                0x00007154                __cs3_isr_external_1
                0x00007154                __cs3_isr_external_13
                0x00007154                __cs3_isr_external_30
                0x00007154                __cs3_isr_external_23
                0x00007154                __cs3_isr_external_20
                0x00007154                __cs3_isr_debug
                0x00007154                __cs3_isr_reserved_13
                0x00007154                __cs3_isr_external_8
                0x00007154                __cs3_isr_external_26
                0x00007154                __cs3_isr_reserved_8
                0x00007154                __cs3_isr_reserved_7
                0x00007154                __cs3_isr_external_7
                0x00007154                __cs3_isr_external_28
                0x00007154                __cs3_isr_systick
                0x00007154                __cs3_isr_external_22
                0x00007154                __cs3_isr_external_10
                0x00007154                __cs3_isr_external_15
                0x00007154                __cs3_isr_interrupt
                0x00007154                __cs3_isr_external_18
                0x00007154                __cs3_isr_external_29
                0x00007154                __cs3_isr_external_25
                0x00007154                __cs3_isr_reserved_10
                0x00007154                __cs3_isr_external_2
                0x00007154                __cs3_isr_external_17
                0x00007154                __cs3_isr_external_19
 *fill*         0x00007156        0x2 00
 .text          0x00007158        0xc c:/program files/cypress/psoc creator/1.0/psoc creator/import/gnu_cs/arm/4.4.1/bin/../lib/gcc/arm-none-eabi/4.4.1/../../../../arm-none-eabi/lib/thumb2\libc.a(lib_a-errno.o)
                0x00007158                __errno
 .text          0x00007164       0x50 c:/program files/cypress/psoc creator/1.0/psoc creator/import/gnu_cs/arm/4.4.1/bin/../lib/gcc/arm-none-eabi/4.4.1/../../../../arm-none-eabi/lib/thumb2\libc.a(lib_a-init.o)
                0x00007164                __libc_init_array
 *(.plt)
 *(.gnu.warning)
 *(.glue_7t)
 .glue_7t       0x00000000        0x0 linker stubs
 *(.glue_7)
 .glue_7        0x00000000        0x0 linker stubs
 *(.vfp11_veneer)
 .vfp11_veneer  0x00000000        0x0 linker stubs
 *(.bootloader)
 *(.ARM.extab* .gnu.linkonce.armextab.*)
 *(.gcc_except_table)

.v4_bx          0x000071b4        0x0
 .v4_bx         0x00000000        0x0 linker stubs

.eh_frame_hdr
 *(.eh_frame_hdr)

.eh_frame
 *(.eh_frame)
                0x000071b4                PROVIDE (__exidx_start, .)

.ARM.exidx      0x000071b4        0x8
 *(.ARM.exidx* .gnu.linkonce.armexidx.*)
 .ARM.exidx     0x000071b4        0x8 c:/program files/cypress/psoc creator/1.0/psoc creator/import/gnu_cs/arm/4.4.1/bin/../lib/gcc/arm-none-eabi/4.4.1/thumb2\libgcc.a(_divdi3.o)
 .ARM.exidx     0x000071bc        0x0 c:/program files/cypress/psoc creator/1.0/psoc creator/import/gnu_cs/arm/4.4.1/bin/../lib/gcc/arm-none-eabi/4.4.1/thumb2\libgcc.a(_udivdi3.o)
                                  0x8 (size before relaxing)
                0x000071bc                __exidx_end = .

.rodata         0x000071c0      0x2f8
 *(.rodata .rodata.* .gnu.linkonce.r.*)
 .rodata        0x000071c0       0x20 E:\ControllerKinect\capController\Receiver\Receiver.cydsn\ARM_GCC_441\Debug\main.o
 .rodata        0x000071e0       0x10 ./ARM_GCC_441/Debug/Receiver.a(LCD.o)
                0x000071e0                LCD_hex
 .rodata        0x000071f0       0xac ./ARM_GCC_441/Debug/Receiver.a(cyfitter_cfg.o)
 .rodata        0x0000729c       0x20 c:/program files/cypress/psoc creator/1.0/psoc creator/import/gnu_cs/arm/4.4.1/bin/../lib/gcc/arm-none-eabi/4.4.1/../../../../arm-none-eabi/lib/thumb2\libc.a(lib_a-svfprintf.o)
 .rodata.str1.4
                0x000072bc       0x42 c:/program files/cypress/psoc creator/1.0/psoc creator/import/gnu_cs/arm/4.4.1/bin/../lib/gcc/arm-none-eabi/4.4.1/../../../../arm-none-eabi/lib/thumb2\libc.a(lib_a-svfprintf.o)
                                 0x44 (size before relaxing)
 *fill*         0x000072fe        0x2 00
 .rodata.str1.4
                0x00007300       0x10 c:/program files/cypress/psoc creator/1.0/psoc creator/import/gnu_cs/arm/4.4.1/bin/../lib/gcc/arm-none-eabi/4.4.1/../../../../arm-none-eabi/lib/thumb2\libc.a(lib_a-dtoa.o)
                                 0x14 (size before relaxing)
 .rodata.str1.4
                0x00007310        0x2 c:/program files/cypress/psoc creator/1.0/psoc creator/import/gnu_cs/arm/4.4.1/bin/../lib/gcc/arm-none-eabi/4.4.1/../../../../arm-none-eabi/lib/thumb2\libc.a(lib_a-impure.o)
                                  0x4 (size before relaxing)
 *fill*         0x00007312        0x2 00
 .rodata        0x00007314       0x34 c:/program files/cypress/psoc creator/1.0/psoc creator/import/gnu_cs/arm/4.4.1/bin/../lib/gcc/arm-none-eabi/4.4.1/../../../../arm-none-eabi/lib/thumb2\libc.a(lib_a-locale.o)
 .rodata.str1.4
                0x00007348       0x10 c:/program files/cypress/psoc creator/1.0/psoc creator/import/gnu_cs/arm/4.4.1/bin/../lib/gcc/arm-none-eabi/4.4.1/../../../../arm-none-eabi/lib/thumb2\libc.a(lib_a-locale.o)
                                 0x18 (size before relaxing)
 .rodata        0x00007358      0x128 c:/program files/cypress/psoc creator/1.0/psoc creator/import/gnu_cs/arm/4.4.1/bin/../lib/gcc/arm-none-eabi/4.4.1/../../../../arm-none-eabi/lib/thumb2\libc.a(lib_a-mprec.o)
                0x00007358                __mprec_tens
                0x00007430                __mprec_bigtens
                0x00007458                __mprec_tinytens
                0x00007480                . = ALIGN (0x4)
 *(.init)
 .init          0x00007480        0x4 c:/program files/cypress/psoc creator/1.0/psoc creator/import/gnu_cs/arm/4.4.1/bin/../lib/gcc/arm-none-eabi/4.4.1/thumb2/crti.o
                0x00007480                _init
 .init          0x00007484        0x8 c:/program files/cypress/psoc creator/1.0/psoc creator/import/gnu_cs/arm/4.4.1/bin/../lib/gcc/arm-none-eabi/4.4.1/thumb2/crtn.o
                0x0000748c                . = ALIGN (0x4)
                0x0000748c                __preinit_array_start = .
 *(.preinit_array)
                0x0000748c                __preinit_array_end = .
                0x0000748c                . = ALIGN (0x4)
                0x0000748c                __init_array_start = .
 *(SORT(.init_array.*))
 *(.init_array)
 .init_array    0x0000748c        0x4 c:/program files/cypress/psoc creator/1.0/psoc creator/import/gnu_cs/arm/4.4.1/bin/../lib/gcc/arm-none-eabi/4.4.1/thumb2/crtbegin.o
 .init_array    0x00007490        0x4 E:\ControllerKinect\capController\Receiver\Receiver.cydsn\ARM_GCC_441\Debug\Cm3Start.o
                0x00007494                __init_array_end = .
                0x00007494                . = ALIGN (0x4)
 *(.fini)
 .fini          0x00007494        0x4 c:/program files/cypress/psoc creator/1.0/psoc creator/import/gnu_cs/arm/4.4.1/bin/../lib/gcc/arm-none-eabi/4.4.1/thumb2/crti.o
                0x00007494                _fini
 .fini          0x00007498        0x8 c:/program files/cypress/psoc creator/1.0/psoc creator/import/gnu_cs/arm/4.4.1/bin/../lib/gcc/arm-none-eabi/4.4.1/thumb2/crtn.o
                0x000074a0                . = ALIGN (0x4)
                0x000074a0                __fini_array_start = .
 *(.fini_array)
 .fini_array    0x000074a0        0x4 c:/program files/cypress/psoc creator/1.0/psoc creator/import/gnu_cs/arm/4.4.1/bin/../lib/gcc/arm-none-eabi/4.4.1/thumb2/crtbegin.o
 *(SORT(.fini_array.*))
                0x000074a4                __fini_array_end = .
                0x000074a4                . = ALIGN (0x4)
 *crtbegin.o(.ctors)
 *(EXCLUDE_FILE(*crtend.o) .ctors)
 *(SORT(.ctors.*))
 *crtend.o(.ctors)
                0x000074a4                . = ALIGN (0x4)
 *crtbegin.o(.dtors)
 *(EXCLUDE_FILE(*crtend.o) .dtors)
 *(SORT(.dtors.*))
 *crtend.o(.dtors)
                0x000074a4                . = ALIGN (0x4)
                0x000074a4                __cs3_regions = .
                0x000074a4        0x4 LONG 0x0
                0x000074a8        0x4 LONG 0x74b8 __cs3_region_init_ram
                0x000074ac        0x4 LONG 0x1fff8000 __cs3_region_start_ram
                0x000074b0        0x4 LONG 0x620 __cs3_region_init_size_ram
                0x000074b4        0x4 LONG 0x68 __cs3_region_zero_size_ram
                0x000074b8                __cs3_regions_end = .
                0x000074b8                . = ALIGN (0x8)
                0x000074b8                _etext = .

.data           0x1fff8000      0x620 load address 0x000074b8
                0x1fff8000                __cs3_region_start_ram = .
 *(.cs3.region-head.ram)
                0x1fff8001                ASSERT ((. == __cs3_region_start_ram), .cs3.region-head.ram not permitted)
 *(.ramvectors)
 .ramvectors    0x1fff8000      0x100 E:\ControllerKinect\capController\Receiver\Receiver.cydsn\ARM_GCC_441\Debug\Cm3Start.o
                0x1fff8000                CyRamVectors
 *(.jcr)
 .jcr           0x1fff8100        0x0 c:/program files/cypress/psoc creator/1.0/psoc creator/import/gnu_cs/arm/4.4.1/bin/../lib/gcc/arm-none-eabi/4.4.1/thumb2/crtbegin.o
 .jcr           0x1fff8100        0x4 c:/program files/cypress/psoc creator/1.0/psoc creator/import/gnu_cs/arm/4.4.1/bin/../lib/gcc/arm-none-eabi/4.4.1/thumb2/crtend.o
 *(.got.plt)
 *(.got)
 *(.shdata)
 *(.data .data.* .gnu.linkonce.d.*)
 .data          0x1fff8104       0x10 ./ARM_GCC_441/Debug/Receiver.a(CyLib.o)
                0x1fff8104                cydelay_freq_hz
                0x1fff8108                cydelay_freq_khz
                0x1fff810c                cydelay_freq_mhz
                0x1fff8110                cydelay_32k_ms
 .data          0x1fff8114       0xf4 c:/program files/cypress/psoc creator/1.0/psoc creator/import/gnu_cs/arm/4.4.1/bin/../lib/gcc/arm-none-eabi/4.4.1/../../../../arm-none-eabi/lib/thumb2\libc.a(lib_a-impure.o)
                0x1fff8114                _impure_ptr
 .data          0x1fff8208      0x410 c:/program files/cypress/psoc creator/1.0/psoc creator/import/gnu_cs/arm/4.4.1/bin/../lib/gcc/arm-none-eabi/4.4.1/../../../../arm-none-eabi/lib/thumb2\libc.a(lib_a-mallocr.o)
                0x1fff8208                __malloc_av_
                0x1fff8610                __malloc_sbrk_base
                0x1fff8614                __malloc_trim_threshold
 .data          0x1fff8618        0x4 c:/program files/cypress/psoc creator/1.0/psoc creator/import/gnu_cs/arm/4.4.1/bin/../lib/gcc/arm-none-eabi/4.4.1/../../../../arm-none-eabi/lib/thumb2\libcs3unhosted.a(unhosted-sbrk.o)
 .data          0x1fff861c        0x4 c:/program files/cypress/psoc creator/1.0/psoc creator/import/gnu_cs/arm/4.4.1/bin/../lib/gcc/arm-none-eabi/4.4.1/../../../../arm-none-eabi/lib/thumb2\libcs3.a(heap.o)
                0x1fff861c                __cs3_heap_limit
                0x1fff8620                . = ALIGN (0x8)
 *(.ram)
                0x1fff8620                _edata = .

.bss            0x1fff8620       0x68 load address 0x00007ad8
 *(.shbss)
 *(.bss .bss.* .gnu.linkonce.b.*)
 .bss           0x1fff8620        0x1 c:/program files/cypress/psoc creator/1.0/psoc creator/import/gnu_cs/arm/4.4.1/bin/../lib/gcc/arm-none-eabi/4.4.1/thumb2/crtbegin.o
 *fill*         0x1fff8621        0x1 00
 .bss           0x1fff8622        0xe E:\ControllerKinect\capController\Receiver\Receiver.cydsn\ARM_GCC_441\Debug\main.o
                0x1fff8622                red
                0x1fff8624                green
                0x1fff8626                blue
                0x1fff8628                oldRed
                0x1fff862a                oldGreen
                0x1fff862c                oldBlue
                0x1fff862e                newData
 .bss           0x1fff8630        0x8 ./ARM_GCC_441/Debug/Receiver.a(CyDmac.o)
 .bss           0x1fff8638        0x2 ./ARM_GCC_441/Debug/Receiver.a(LCD.o)
                0x1fff8638                LCD_enableState
                0x1fff8639                LCD_initVar
 .bss           0x1fff863a        0x1 ./ARM_GCC_441/Debug/Receiver.a(SPIM.o)
                0x1fff863a                SPIM_initVar
 .bss           0x1fff863b        0x2 ./ARM_GCC_441/Debug/Receiver.a(UART.o)
                0x1fff863b                UART_initVar
 *fill*         0x1fff863d        0x3 00
 .bss           0x1fff8640        0x8 ./ARM_GCC_441/Debug/Receiver.a(cyfitter_cfg.o)
 .bss           0x1fff8648       0x34 c:/program files/cypress/psoc creator/1.0/psoc creator/import/gnu_cs/arm/4.4.1/bin/../lib/gcc/arm-none-eabi/4.4.1/../../../../arm-none-eabi/lib/thumb2\libc.a(lib_a-mallocr.o)
                0x1fff8648                __malloc_top_pad
                0x1fff864c                __malloc_current_mallinfo
                0x1fff8674                __malloc_max_sbrked_mem
                0x1fff8678                __malloc_max_total_mem
 *(COMMON)
 COMMON         0x1fff867c        0x1 ./ARM_GCC_441/Debug/Receiver.a(CyLib.o)
                0x1fff867c                CyResetStatus
 *fill*         0x1fff867d        0x3 00
 COMMON         0x1fff8680        0x4 c:/program files/cypress/psoc creator/1.0/psoc creator/import/gnu_cs/arm/4.4.1/bin/../lib/gcc/arm-none-eabi/4.4.1/../../../../arm-none-eabi/lib/thumb2\libc.a(lib_a-reent.o)
                0x1fff8680                errno
                0x1fff8688                . = ALIGN (0x8)
 *fill*         0x1fff8684        0x4 00
 *(.ram.b)
                0x1fff8688                _end = .
                0x1fff8688                __end = .
                0x20008000                __cs3_region_end_ram = (__cs3_region_start_ram + 0x10000)
                0x00010000                __cs3_region_size_ram = 0x10000
                0x000074b8                __cs3_region_init_ram = LOADADDR (.data)
                0x00000620                __cs3_region_init_size_ram = (_edata - ADDR (.data))
                0x00000068                __cs3_region_zero_size_ram = (_end - _edata)

.stab
 *(.stab)

.stabstr
 *(.stabstr)

.debug
 *(.debug)

.line
 *(.line)

.debug_srcinfo
 *(.debug_srcinfo)

.debug_sfnames
 *(.debug_sfnames)

.comment        0x00000000      0x204
 .comment       0x00000000       0x2b E:\ControllerKinect\capController\Receiver\Receiver.cydsn\ARM_GCC_441\Debug\main.o
 .comment       0x0000002b       0x2b E:\ControllerKinect\capController\Receiver\Receiver.cydsn\ARM_GCC_441\Debug\Cm3Start.o
 .comment       0x00000056       0x2b ./ARM_GCC_441/Debug/Receiver.a(CyDmac.o)
 .comment       0x00000081       0x2b ./ARM_GCC_441/Debug/Receiver.a(CyLib.o)
 .comment       0x000000ac       0x2b ./ARM_GCC_441/Debug/Receiver.a(cyPm.o)
 .comment       0x000000d7       0x2b ./ARM_GCC_441/Debug/Receiver.a(LCD.o)
 .comment       0x00000102       0x2b ./ARM_GCC_441/Debug/Receiver.a(SPIM.o)
 .comment       0x0000012d       0x2b ./ARM_GCC_441/Debug/Receiver.a(UART.o)
 .comment       0x00000158       0x2b ./ARM_GCC_441/Debug/Receiver.a(cyfitter_cfg.o)
 .comment       0x00000183       0x2b ./ARM_GCC_441/Debug/Receiver.a(CyFlash.o)
 .comment       0x000001ae       0x2b ./ARM_GCC_441/Debug/Receiver.a(CySpc.o)
 .comment       0x000001d9       0x2b ./ARM_GCC_441/Debug/Receiver.a(cyutils.o)

.debug_aranges  0x00000000      0x758
 *(.debug_aranges)
 .debug_aranges
                0x00000000       0x60 E:\ControllerKinect\capController\Receiver\Receiver.cydsn\ARM_GCC_441\Debug\main.o
 .debug_aranges
                0x00000060       0x30 E:\ControllerKinect\capController\Receiver\Receiver.cydsn\ARM_GCC_441\Debug\Cm3Start.o
 .debug_aranges
                0x00000090       0xd0 ./ARM_GCC_441/Debug/Receiver.a(CyDmac.o)
 .debug_aranges
                0x00000160      0x1e8 ./ARM_GCC_441/Debug/Receiver.a(CyLib.o)
 .debug_aranges
                0x00000348       0x80 ./ARM_GCC_441/Debug/Receiver.a(cyPm.o)
 .debug_aranges
                0x000003c8       0x90 ./ARM_GCC_441/Debug/Receiver.a(LCD.o)
 .debug_aranges
                0x00000458       0xd8 ./ARM_GCC_441/Debug/Receiver.a(SPIM.o)
 .debug_aranges
                0x00000530       0xa0 ./ARM_GCC_441/Debug/Receiver.a(UART.o)
 .debug_aranges
                0x000005d0       0x50 ./ARM_GCC_441/Debug/Receiver.a(cyfitter_cfg.o)
 .debug_aranges
                0x00000620       0x20 ./ARM_GCC_441/Debug/Receiver.a(CyBootAsmGnu.o)
 .debug_aranges
                0x00000640       0x68 ./ARM_GCC_441/Debug/Receiver.a(CyFlash.o)
 .debug_aranges
                0x000006a8       0x90 ./ARM_GCC_441/Debug/Receiver.a(CySpc.o)
 .debug_aranges
                0x00000738       0x20 ./ARM_GCC_441/Debug/Receiver.a(cyutils.o)

.debug_pubnames
                0x00000000     0x1194
 *(.debug_pubnames)
 .debug_pubnames
                0x00000000       0xed E:\ControllerKinect\capController\Receiver\Receiver.cydsn\ARM_GCC_441\Debug\main.o
 .debug_pubnames
                0x000000ed       0x57 E:\ControllerKinect\capController\Receiver\Receiver.cydsn\ARM_GCC_441\Debug\Cm3Start.o
 .debug_pubnames
                0x00000144      0x202 ./ARM_GCC_441/Debug/Receiver.a(CyDmac.o)
 .debug_pubnames
                0x00000346      0x52e ./ARM_GCC_441/Debug/Receiver.a(CyLib.o)
 .debug_pubnames
                0x00000874      0x137 ./ARM_GCC_441/Debug/Receiver.a(cyPm.o)
 .debug_pubnames
                0x000009ab      0x14d ./ARM_GCC_441/Debug/Receiver.a(LCD.o)
 .debug_pubnames
                0x00000af8      0x21b ./ARM_GCC_441/Debug/Receiver.a(SPIM.o)
 .debug_pubnames
                0x00000d13      0x184 ./ARM_GCC_441/Debug/Receiver.a(UART.o)
 .debug_pubnames
                0x00000e97       0x38 ./ARM_GCC_441/Debug/Receiver.a(cyfitter_cfg.o)
 .debug_pubnames
                0x00000ecf       0xf0 ./ARM_GCC_441/Debug/Receiver.a(CyFlash.o)
 .debug_pubnames
                0x00000fbf      0x1b4 ./ARM_GCC_441/Debug/Receiver.a(CySpc.o)
 .debug_pubnames
                0x00001173       0x21 ./ARM_GCC_441/Debug/Receiver.a(cyutils.o)

.debug_info     0x00000000     0x364e
 *(.debug_info .gnu.linkonce.wi.*)
 .debug_info    0x00000000      0x375 E:\ControllerKinect\capController\Receiver\Receiver.cydsn\ARM_GCC_441\Debug\main.o
 .debug_info    0x00000375      0x12a E:\ControllerKinect\capController\Receiver\Receiver.cydsn\ARM_GCC_441\Debug\Cm3Start.o
 .debug_info    0x0000049f      0x8fe ./ARM_GCC_441/Debug/Receiver.a(CyDmac.o)
 .debug_info    0x00000d9d      0xbbc ./ARM_GCC_441/Debug/Receiver.a(CyLib.o)
 .debug_info    0x00001959      0x45b ./ARM_GCC_441/Debug/Receiver.a(cyPm.o)
 .debug_info    0x00001db4      0x39e ./ARM_GCC_441/Debug/Receiver.a(LCD.o)
 .debug_info    0x00002152      0x3fa ./ARM_GCC_441/Debug/Receiver.a(SPIM.o)
 .debug_info    0x0000254c      0x343 ./ARM_GCC_441/Debug/Receiver.a(UART.o)
 .debug_info    0x0000288f      0x45b ./ARM_GCC_441/Debug/Receiver.a(cyfitter_cfg.o)
 .debug_info    0x00002cea       0x7d ./ARM_GCC_441/Debug/Receiver.a(CyBootAsmGnu.o)
 .debug_info    0x00002d67      0x2f1 ./ARM_GCC_441/Debug/Receiver.a(CyFlash.o)
 .debug_info    0x00003058      0x528 ./ARM_GCC_441/Debug/Receiver.a(CySpc.o)
 .debug_info    0x00003580       0xce ./ARM_GCC_441/Debug/Receiver.a(cyutils.o)

.debug_abbrev   0x00000000      0xd6f
 *(.debug_abbrev)
 .debug_abbrev  0x00000000      0x188 E:\ControllerKinect\capController\Receiver\Receiver.cydsn\ARM_GCC_441\Debug\main.o
 .debug_abbrev  0x00000188       0xe7 E:\ControllerKinect\capController\Receiver\Receiver.cydsn\ARM_GCC_441\Debug\Cm3Start.o
 .debug_abbrev  0x0000026f      0x167 ./ARM_GCC_441/Debug/Receiver.a(CyDmac.o)
 .debug_abbrev  0x000003d6      0x167 ./ARM_GCC_441/Debug/Receiver.a(CyLib.o)
 .debug_abbrev  0x0000053d      0x12d ./ARM_GCC_441/Debug/Receiver.a(cyPm.o)
 .debug_abbrev  0x0000066a      0x103 ./ARM_GCC_441/Debug/Receiver.a(LCD.o)
 .debug_abbrev  0x0000076d       0xfa ./ARM_GCC_441/Debug/Receiver.a(SPIM.o)
 .debug_abbrev  0x00000867      0x11a ./ARM_GCC_441/Debug/Receiver.a(UART.o)
 .debug_abbrev  0x00000981      0x137 ./ARM_GCC_441/Debug/Receiver.a(cyfitter_cfg.o)
 .debug_abbrev  0x00000ab8       0x14 ./ARM_GCC_441/Debug/Receiver.a(CyBootAsmGnu.o)
 .debug_abbrev  0x00000acc      0x11d ./ARM_GCC_441/Debug/Receiver.a(CyFlash.o)
 .debug_abbrev  0x00000be9      0x117 ./ARM_GCC_441/Debug/Receiver.a(CySpc.o)
 .debug_abbrev  0x00000d00       0x6f ./ARM_GCC_441/Debug/Receiver.a(cyutils.o)

.debug_line     0x00000000     0x1751
 *(.debug_line)
 .debug_line    0x00000000      0x18f E:\ControllerKinect\capController\Receiver\Receiver.cydsn\ARM_GCC_441\Debug\main.o
 .debug_line    0x0000018f       0x9b E:\ControllerKinect\capController\Receiver\Receiver.cydsn\ARM_GCC_441\Debug\Cm3Start.o
 .debug_line    0x0000022a      0x280 ./ARM_GCC_441/Debug/Receiver.a(CyDmac.o)
 .debug_line    0x000004aa      0x564 ./ARM_GCC_441/Debug/Receiver.a(CyLib.o)
 .debug_line    0x00000a0e      0x24d ./ARM_GCC_441/Debug/Receiver.a(cyPm.o)
 .debug_line    0x00000c5b      0x1bd ./ARM_GCC_441/Debug/Receiver.a(LCD.o)
 .debug_line    0x00000e18      0x24a ./ARM_GCC_441/Debug/Receiver.a(SPIM.o)
 .debug_line    0x00001062      0x1c2 ./ARM_GCC_441/Debug/Receiver.a(UART.o)
 .debug_line    0x00001224      0x13c ./ARM_GCC_441/Debug/Receiver.a(cyfitter_cfg.o)
 .debug_line    0x00001360       0x67 ./ARM_GCC_441/Debug/Receiver.a(CyBootAsmGnu.o)
 .debug_line    0x000013c7      0x151 ./ARM_GCC_441/Debug/Receiver.a(CyFlash.o)
 .debug_line    0x00001518      0x1d2 ./ARM_GCC_441/Debug/Receiver.a(CySpc.o)
 .debug_line    0x000016ea       0x67 ./ARM_GCC_441/Debug/Receiver.a(cyutils.o)

.debug_frame    0x00000000     0x1f9c
 *(.debug_frame)
 .debug_frame   0x00000000      0x12c E:\ControllerKinect\capController\Receiver\Receiver.cydsn\ARM_GCC_441\Debug\main.o
 .debug_frame   0x0000012c       0x68 E:\ControllerKinect\capController\Receiver\Receiver.cydsn\ARM_GCC_441\Debug\Cm3Start.o
 .debug_frame   0x00000194      0x2a4 ./ARM_GCC_441/Debug/Receiver.a(CyDmac.o)
 .debug_frame   0x00000438      0x698 ./ARM_GCC_441/Debug/Receiver.a(CyLib.o)
 .debug_frame   0x00000ad0      0x194 ./ARM_GCC_441/Debug/Receiver.a(cyPm.o)
 .debug_frame   0x00000c64      0x1e0 ./ARM_GCC_441/Debug/Receiver.a(LCD.o)
 .debug_frame   0x00000e44      0x2c4 ./ARM_GCC_441/Debug/Receiver.a(SPIM.o)
 .debug_frame   0x00001108      0x204 ./ARM_GCC_441/Debug/Receiver.a(UART.o)
 .debug_frame   0x0000130c       0xd8 ./ARM_GCC_441/Debug/Receiver.a(cyfitter_cfg.o)
 .debug_frame   0x000013e4      0x13c ./ARM_GCC_441/Debug/Receiver.a(CyFlash.o)
 .debug_frame   0x00001520      0x1bc ./ARM_GCC_441/Debug/Receiver.a(CySpc.o)
 .debug_frame   0x000016dc       0x2c ./ARM_GCC_441/Debug/Receiver.a(cyutils.o)
 .debug_frame   0x00001708       0x34 c:/program files/cypress/psoc creator/1.0/psoc creator/import/gnu_cs/arm/4.4.1/bin/../lib/gcc/arm-none-eabi/4.4.1/../../../../arm-none-eabi/lib/thumb2\libc.a(lib_a-memcpy.o)
 .debug_frame   0x0000173c       0x5c c:/program files/cypress/psoc creator/1.0/psoc creator/import/gnu_cs/arm/4.4.1/bin/../lib/gcc/arm-none-eabi/4.4.1/../../../../arm-none-eabi/lib/thumb2\libc.a(lib_a-sprintf.o)
 .debug_frame   0x00001798       0x68 c:/program files/cypress/psoc creator/1.0/psoc creator/import/gnu_cs/arm/4.4.1/bin/../lib/gcc/arm-none-eabi/4.4.1/../../../../arm-none-eabi/lib/thumb2\libc.a(lib_a-svfprintf.o)
 .debug_frame   0x00001800       0x64 c:/program files/cypress/psoc creator/1.0/psoc creator/import/gnu_cs/arm/4.4.1/bin/../lib/gcc/arm-none-eabi/4.4.1/../../../../arm-none-eabi/lib/thumb2\libc.a(lib_a-dtoa.o)
 .debug_frame   0x00001864       0x50 c:/program files/cypress/psoc creator/1.0/psoc creator/import/gnu_cs/arm/4.4.1/bin/../lib/gcc/arm-none-eabi/4.4.1/../../../../arm-none-eabi/lib/thumb2\libc.a(lib_a-freer.o)
 .debug_frame   0x000018b4       0x6c c:/program files/cypress/psoc creator/1.0/psoc creator/import/gnu_cs/arm/4.4.1/bin/../lib/gcc/arm-none-eabi/4.4.1/../../../../arm-none-eabi/lib/thumb2\libc.a(lib_a-locale.o)
 .debug_frame   0x00001920       0x30 c:/program files/cypress/psoc creator/1.0/psoc creator/import/gnu_cs/arm/4.4.1/bin/../lib/gcc/arm-none-eabi/4.4.1/../../../../arm-none-eabi/lib/thumb2\libc.a(lib_a-malloc.o)
 .debug_frame   0x00001950       0x3c c:/program files/cypress/psoc creator/1.0/psoc creator/import/gnu_cs/arm/4.4.1/bin/../lib/gcc/arm-none-eabi/4.4.1/../../../../arm-none-eabi/lib/thumb2\libc.a(lib_a-mallocr.o)
 .debug_frame   0x0000198c       0x28 c:/program files/cypress/psoc creator/1.0/psoc creator/import/gnu_cs/arm/4.4.1/bin/../lib/gcc/arm-none-eabi/4.4.1/../../../../arm-none-eabi/lib/thumb2\libc.a(lib_a-memchr.o)
 .debug_frame   0x000019b4       0x2c c:/program files/cypress/psoc creator/1.0/psoc creator/import/gnu_cs/arm/4.4.1/bin/../lib/gcc/arm-none-eabi/4.4.1/../../../../arm-none-eabi/lib/thumb2\libc.a(lib_a-memmove.o)
 .debug_frame   0x000019e0       0x30 c:/program files/cypress/psoc creator/1.0/psoc creator/import/gnu_cs/arm/4.4.1/bin/../lib/gcc/arm-none-eabi/4.4.1/../../../../arm-none-eabi/lib/thumb2\libc.a(lib_a-mlock.o)
 .debug_frame   0x00001a10      0x240 c:/program files/cypress/psoc creator/1.0/psoc creator/import/gnu_cs/arm/4.4.1/bin/../lib/gcc/arm-none-eabi/4.4.1/../../../../arm-none-eabi/lib/thumb2\libc.a(lib_a-mprec.o)
 .debug_frame   0x00001c50       0x3c c:/program files/cypress/psoc creator/1.0/psoc creator/import/gnu_cs/arm/4.4.1/bin/../lib/gcc/arm-none-eabi/4.4.1/../../../../arm-none-eabi/lib/thumb2\libc.a(lib_a-reallocr.o)
 .debug_frame   0x00001c8c       0x20 c:/program files/cypress/psoc creator/1.0/psoc creator/import/gnu_cs/arm/4.4.1/bin/../lib/gcc/arm-none-eabi/4.4.1/../../../../arm-none-eabi/lib/thumb2\libc.a(lib_a-s_isinfd.o)
 .debug_frame   0x00001cac       0x20 c:/program files/cypress/psoc creator/1.0/psoc creator/import/gnu_cs/arm/4.4.1/bin/../lib/gcc/arm-none-eabi/4.4.1/../../../../arm-none-eabi/lib/thumb2\libc.a(lib_a-s_isnand.o)
 .debug_frame   0x00001ccc       0x2c c:/program files/cypress/psoc creator/1.0/psoc creator/import/gnu_cs/arm/4.4.1/bin/../lib/gcc/arm-none-eabi/4.4.1/../../../../arm-none-eabi/lib/thumb2\libc.a(lib_a-sbrkr.o)
 .debug_frame   0x00001cf8       0x30 c:/program files/cypress/psoc creator/1.0/psoc creator/import/gnu_cs/arm/4.4.1/bin/../lib/gcc/arm-none-eabi/4.4.1/../../../../arm-none-eabi/lib/thumb2\libc.a(lib_a-strcmp.o)
 .debug_frame   0x00001d28       0x20 c:/program files/cypress/psoc creator/1.0/psoc creator/import/gnu_cs/arm/4.4.1/bin/../lib/gcc/arm-none-eabi/4.4.1/../../../../arm-none-eabi/lib/thumb2\libc.a(lib_a-strlen.o)
 .debug_frame   0x00001d48       0x2c c:/program files/cypress/psoc creator/1.0/psoc creator/import/gnu_cs/arm/4.4.1/bin/../lib/gcc/arm-none-eabi/4.4.1/../../../../arm-none-eabi/lib/thumb2\libc.a(lib_a-callocr.o)
 .debug_frame   0x00001d74       0x28 c:/program files/cypress/psoc creator/1.0/psoc creator/import/gnu_cs/arm/4.4.1/bin/../lib/gcc/arm-none-eabi/4.4.1/../../../../arm-none-eabi/lib/thumb2\libc.a(lib_a-memset.o)
 .debug_frame   0x00001d9c       0x64 c:/program files/cypress/psoc creator/1.0/psoc creator/import/gnu_cs/arm/4.4.1/bin/../lib/gcc/arm-none-eabi/4.4.1/../../../../arm-none-eabi/lib/thumb2\libc.a(lib_a-reent.o)
 .debug_frame   0x00001e00       0x20 c:/program files/cypress/psoc creator/1.0/psoc creator/import/gnu_cs/arm/4.4.1/bin/../lib/gcc/arm-none-eabi/4.4.1/thumb2\libgcc.a(_udivsi3.o)
 .debug_frame   0x00001e20       0x50 c:/program files/cypress/psoc creator/1.0/psoc creator/import/gnu_cs/arm/4.4.1/bin/../lib/gcc/arm-none-eabi/4.4.1/thumb2\libgcc.a(bpabi.o)
 .debug_frame   0x00001e70       0x3c c:/program files/cypress/psoc creator/1.0/psoc creator/import/gnu_cs/arm/4.4.1/bin/../lib/gcc/arm-none-eabi/4.4.1/thumb2\libgcc.a(_divdi3.o)
 .debug_frame   0x00001eac       0x3c c:/program files/cypress/psoc creator/1.0/psoc creator/import/gnu_cs/arm/4.4.1/bin/../lib/gcc/arm-none-eabi/4.4.1/thumb2\libgcc.a(_udivdi3.o)
 .debug_frame   0x00001ee8       0x40 c:/program files/cypress/psoc creator/1.0/psoc creator/import/gnu_cs/arm/4.4.1/bin/../lib/gcc/arm-none-eabi/4.4.1/../../../../arm-none-eabi/lib/thumb2\libcs3.a(start_c.o)
 .debug_frame   0x00001f28       0x28 c:/program files/cypress/psoc creator/1.0/psoc creator/import/gnu_cs/arm/4.4.1/bin/../lib/gcc/arm-none-eabi/4.4.1/../../../../arm-none-eabi/lib/thumb2\libcs3unhosted.a(unhosted-sbrk.o)
 .debug_frame   0x00001f50       0x20 c:/program files/cypress/psoc creator/1.0/psoc creator/import/gnu_cs/arm/4.4.1/bin/../lib/gcc/arm-none-eabi/4.4.1/../../../../arm-none-eabi/lib/thumb2\libc.a(lib_a-errno.o)
 .debug_frame   0x00001f70       0x2c c:/program files/cypress/psoc creator/1.0/psoc creator/import/gnu_cs/arm/4.4.1/bin/../lib/gcc/arm-none-eabi/4.4.1/../../../../arm-none-eabi/lib/thumb2\libc.a(lib_a-init.o)

.debug_str      0x00000000     0x16f1
 *(.debug_str)
 .debug_str     0x00000000      0x176 E:\ControllerKinect\capController\Receiver\Receiver.cydsn\ARM_GCC_441\Debug\main.o
                                0x1bc (size before relaxing)
 .debug_str     0x00000176       0x85 E:\ControllerKinect\capController\Receiver\Receiver.cydsn\ARM_GCC_441\Debug\Cm3Start.o
                                0x166 (size before relaxing)
 .debug_str     0x000001fb      0x342 ./ARM_GCC_441/Debug/Receiver.a(CyDmac.o)
                                0x437 (size before relaxing)
 .debug_str     0x0000053d      0x582 ./ARM_GCC_441/Debug/Receiver.a(CyLib.o)
                                0x6c2 (size before relaxing)
 .debug_str     0x00000abf      0x2a2 ./ARM_GCC_441/Debug/Receiver.a(cyPm.o)
                                0x3a2 (size before relaxing)
 .debug_str     0x00000d61      0x15a ./ARM_GCC_441/Debug/Receiver.a(LCD.o)
                                0x251 (size before relaxing)
 .debug_str     0x00000ebb      0x201 ./ARM_GCC_441/Debug/Receiver.a(SPIM.o)
                                0x2e0 (size before relaxing)
 .debug_str     0x000010bc      0x183 ./ARM_GCC_441/Debug/Receiver.a(UART.o)
                                0x286 (size before relaxing)
 .debug_str     0x0000123f      0x145 ./ARM_GCC_441/Debug/Receiver.a(cyfitter_cfg.o)
                                0x29d (size before relaxing)
 .debug_str     0x00001384      0x113 ./ARM_GCC_441/Debug/Receiver.a(CyFlash.o)
                                0x21e (size before relaxing)
 .debug_str     0x00001497      0x200 ./ARM_GCC_441/Debug/Receiver.a(CySpc.o)
                                0x322 (size before relaxing)
 .debug_str     0x00001697       0x5a ./ARM_GCC_441/Debug/Receiver.a(cyutils.o)
                                0x107 (size before relaxing)

.debug_loc      0x00000000     0x275d
 *(.debug_loc)
 .debug_loc     0x00000000      0x1e3 E:\ControllerKinect\capController\Receiver\Receiver.cydsn\ARM_GCC_441\Debug\main.o
 .debug_loc     0x000001e3       0x8d E:\ControllerKinect\capController\Receiver\Receiver.cydsn\ARM_GCC_441\Debug\Cm3Start.o
 .debug_loc     0x00000270      0x4d9 ./ARM_GCC_441/Debug/Receiver.a(CyDmac.o)
 .debug_loc     0x00000749      0xb9e ./ARM_GCC_441/Debug/Receiver.a(CyLib.o)
 .debug_loc     0x000012e7      0x283 ./ARM_GCC_441/Debug/Receiver.a(cyPm.o)
 .debug_loc     0x0000156a      0x309 ./ARM_GCC_441/Debug/Receiver.a(LCD.o)
 .debug_loc     0x00001873      0x4bc ./ARM_GCC_441/Debug/Receiver.a(SPIM.o)
 .debug_loc     0x00001d2f      0x36b ./ARM_GCC_441/Debug/Receiver.a(UART.o)
 .debug_loc     0x0000209a      0x169 ./ARM_GCC_441/Debug/Receiver.a(cyfitter_cfg.o)
 .debug_loc     0x00002203      0x1f6 ./ARM_GCC_441/Debug/Receiver.a(CyFlash.o)
 .debug_loc     0x000023f9      0x32d ./ARM_GCC_441/Debug/Receiver.a(CySpc.o)
 .debug_loc     0x00002726       0x37 ./ARM_GCC_441/Debug/Receiver.a(cyutils.o)

.debug_macinfo
 *(.debug_macinfo)

.debug_ranges   0x00000000      0x6d8
 *(.debug_ranges)
 .debug_ranges  0x00000000       0x58 E:\ControllerKinect\capController\Receiver\Receiver.cydsn\ARM_GCC_441\Debug\main.o
 .debug_ranges  0x00000058       0x28 E:\ControllerKinect\capController\Receiver\Receiver.cydsn\ARM_GCC_441\Debug\Cm3Start.o
 .debug_ranges  0x00000080       0xc8 ./ARM_GCC_441/Debug/Receiver.a(CyDmac.o)
 .debug_ranges  0x00000148      0x1e0 ./ARM_GCC_441/Debug/Receiver.a(CyLib.o)
 .debug_ranges  0x00000328       0x78 ./ARM_GCC_441/Debug/Receiver.a(cyPm.o)
 .debug_ranges  0x000003a0       0x88 ./ARM_GCC_441/Debug/Receiver.a(LCD.o)
 .debug_ranges  0x00000428       0xd0 ./ARM_GCC_441/Debug/Receiver.a(SPIM.o)
 .debug_ranges  0x000004f8       0x98 ./ARM_GCC_441/Debug/Receiver.a(UART.o)
 .debug_ranges  0x00000590       0x48 ./ARM_GCC_441/Debug/Receiver.a(cyfitter_cfg.o)
 .debug_ranges  0x000005d8       0x60 ./ARM_GCC_441/Debug/Receiver.a(CyFlash.o)
 .debug_ranges  0x00000638       0x88 ./ARM_GCC_441/Debug/Receiver.a(CySpc.o)
 .debug_ranges  0x000006c0       0x18 ./ARM_GCC_441/Debug/Receiver.a(cyutils.o)

.debug_weaknames
 *(.debug_weaknames)

.debug_funcnames
 *(.debug_funcnames)

.debug_typenames
 *(.debug_typenames)

.debug_varnames
 *(.debug_varnames)

.note.gnu.arm.ident
 *(.note.gnu.arm.ident)

.ARM.attributes
                0x00000000       0x25
 *(.ARM.attributes)
 .ARM.attributes
                0x00000000       0x19 c:/program files/cypress/psoc creator/1.0/psoc creator/import/gnu_cs/arm/4.4.1/bin/../lib/gcc/arm-none-eabi/4.4.1/thumb2/crti.o
 .ARM.attributes
                0x00000019       0x29 c:/program files/cypress/psoc creator/1.0/psoc creator/import/gnu_cs/arm/4.4.1/bin/../lib/gcc/arm-none-eabi/4.4.1/thumb2/crtbegin.o
 .ARM.attributes
                0x00000042       0x31 E:\ControllerKinect\capController\Receiver\Receiver.cydsn\ARM_GCC_441\Debug\main.o
 .ARM.attributes
                0x00000073       0x31 E:\ControllerKinect\capController\Receiver\Receiver.cydsn\ARM_GCC_441\Debug\Cm3Start.o
 .ARM.attributes
                0x000000a4       0x31 ./ARM_GCC_441/Debug/Receiver.a(CyDmac.o)
 .ARM.attributes
                0x000000d5       0x31 ./ARM_GCC_441/Debug/Receiver.a(CyLib.o)
 .ARM.attributes
                0x00000106       0x31 ./ARM_GCC_441/Debug/Receiver.a(cyPm.o)
 .ARM.attributes
                0x00000137       0x31 ./ARM_GCC_441/Debug/Receiver.a(LCD.o)
 .ARM.attributes
                0x00000168       0x31 ./ARM_GCC_441/Debug/Receiver.a(SPIM.o)
 .ARM.attributes
                0x00000199       0x31 ./ARM_GCC_441/Debug/Receiver.a(UART.o)
 .ARM.attributes
                0x000001ca       0x31 ./ARM_GCC_441/Debug/Receiver.a(cyfitter_cfg.o)
 .ARM.attributes
                0x000001fb       0x21 ./ARM_GCC_441/Debug/Receiver.a(CyBootAsmGnu.o)
 .ARM.attributes
                0x0000021c       0x31 ./ARM_GCC_441/Debug/Receiver.a(CyFlash.o)
 .ARM.attributes
                0x0000024d       0x31 ./ARM_GCC_441/Debug/Receiver.a(CySpc.o)
 .ARM.attributes
                0x0000027e       0x31 ./ARM_GCC_441/Debug/Receiver.a(cyutils.o)
 .ARM.attributes
                0x000002af       0x29 c:/program files/cypress/psoc creator/1.0/psoc creator/import/gnu_cs/arm/4.4.1/bin/../lib/gcc/arm-none-eabi/4.4.1/../../../../arm-none-eabi/lib/thumb2\libc.a(lib_a-memcpy.o)
 .ARM.attributes
                0x000002d8       0x29 c:/program files/cypress/psoc creator/1.0/psoc creator/import/gnu_cs/arm/4.4.1/bin/../lib/gcc/arm-none-eabi/4.4.1/../../../../arm-none-eabi/lib/thumb2\libc.a(lib_a-sprintf.o)
 .ARM.attributes
                0x00000301       0x29 c:/program files/cypress/psoc creator/1.0/psoc creator/import/gnu_cs/arm/4.4.1/bin/../lib/gcc/arm-none-eabi/4.4.1/../../../../arm-none-eabi/lib/thumb2\libc.a(lib_a-svfprintf.o)
 .ARM.attributes
                0x0000032a       0x29 c:/program files/cypress/psoc creator/1.0/psoc creator/import/gnu_cs/arm/4.4.1/bin/../lib/gcc/arm-none-eabi/4.4.1/../../../../arm-none-eabi/lib/thumb2\libc.a(lib_a-dtoa.o)
 .ARM.attributes
                0x00000353       0x29 c:/program files/cypress/psoc creator/1.0/psoc creator/import/gnu_cs/arm/4.4.1/bin/../lib/gcc/arm-none-eabi/4.4.1/../../../../arm-none-eabi/lib/thumb2\libc.a(lib_a-freer.o)
 .ARM.attributes
                0x0000037c       0x29 c:/program files/cypress/psoc creator/1.0/psoc creator/import/gnu_cs/arm/4.4.1/bin/../lib/gcc/arm-none-eabi/4.4.1/../../../../arm-none-eabi/lib/thumb2\libc.a(lib_a-impure.o)
 .ARM.attributes
                0x000003a5       0x29 c:/program files/cypress/psoc creator/1.0/psoc creator/import/gnu_cs/arm/4.4.1/bin/../lib/gcc/arm-none-eabi/4.4.1/../../../../arm-none-eabi/lib/thumb2\libc.a(lib_a-locale.o)
 .ARM.attributes
                0x000003ce       0x29 c:/program files/cypress/psoc creator/1.0/psoc creator/import/gnu_cs/arm/4.4.1/bin/../lib/gcc/arm-none-eabi/4.4.1/../../../../arm-none-eabi/lib/thumb2\libc.a(lib_a-malloc.o)
 .ARM.attributes
                0x000003f7       0x29 c:/program files/cypress/psoc creator/1.0/psoc creator/import/gnu_cs/arm/4.4.1/bin/../lib/gcc/arm-none-eabi/4.4.1/../../../../arm-none-eabi/lib/thumb2\libc.a(lib_a-mallocr.o)
 .ARM.attributes
                0x00000420       0x29 c:/program files/cypress/psoc creator/1.0/psoc creator/import/gnu_cs/arm/4.4.1/bin/../lib/gcc/arm-none-eabi/4.4.1/../../../../arm-none-eabi/lib/thumb2\libc.a(lib_a-memchr.o)
 .ARM.attributes
                0x00000449       0x29 c:/program files/cypress/psoc creator/1.0/psoc creator/import/gnu_cs/arm/4.4.1/bin/../lib/gcc/arm-none-eabi/4.4.1/../../../../arm-none-eabi/lib/thumb2\libc.a(lib_a-memmove.o)
 .ARM.attributes
                0x00000472       0x29 c:/program files/cypress/psoc creator/1.0/psoc creator/import/gnu_cs/arm/4.4.1/bin/../lib/gcc/arm-none-eabi/4.4.1/../../../../arm-none-eabi/lib/thumb2\libc.a(lib_a-mlock.o)
 .ARM.attributes
                0x0000049b       0x29 c:/program files/cypress/psoc creator/1.0/psoc creator/import/gnu_cs/arm/4.4.1/bin/../lib/gcc/arm-none-eabi/4.4.1/../../../../arm-none-eabi/lib/thumb2\libc.a(lib_a-mprec.o)
 .ARM.attributes
                0x000004c4       0x29 c:/program files/cypress/psoc creator/1.0/psoc creator/import/gnu_cs/arm/4.4.1/bin/../lib/gcc/arm-none-eabi/4.4.1/../../../../arm-none-eabi/lib/thumb2\libc.a(lib_a-reallocr.o)
 .ARM.attributes
                0x000004ed       0x29 c:/program files/cypress/psoc creator/1.0/psoc creator/import/gnu_cs/arm/4.4.1/bin/../lib/gcc/arm-none-eabi/4.4.1/../../../../arm-none-eabi/lib/thumb2\libc.a(lib_a-s_isinfd.o)
 .ARM.attributes
                0x00000516       0x29 c:/program files/cypress/psoc creator/1.0/psoc creator/import/gnu_cs/arm/4.4.1/bin/../lib/gcc/arm-none-eabi/4.4.1/../../../../arm-none-eabi/lib/thumb2\libc.a(lib_a-s_isnand.o)
 .ARM.attributes
                0x0000053f       0x29 c:/program files/cypress/psoc creator/1.0/psoc creator/import/gnu_cs/arm/4.4.1/bin/../lib/gcc/arm-none-eabi/4.4.1/../../../../arm-none-eabi/lib/thumb2\libc.a(lib_a-sbrkr.o)
 .ARM.attributes
                0x00000568       0x29 c:/program files/cypress/psoc creator/1.0/psoc creator/import/gnu_cs/arm/4.4.1/bin/../lib/gcc/arm-none-eabi/4.4.1/../../../../arm-none-eabi/lib/thumb2\libc.a(lib_a-strcmp.o)
 .ARM.attributes
                0x00000591       0x29 c:/program files/cypress/psoc creator/1.0/psoc creator/import/gnu_cs/arm/4.4.1/bin/../lib/gcc/arm-none-eabi/4.4.1/../../../../arm-none-eabi/lib/thumb2\libc.a(lib_a-strlen.o)
 .ARM.attributes
                0x000005ba       0x29 c:/program files/cypress/psoc creator/1.0/psoc creator/import/gnu_cs/arm/4.4.1/bin/../lib/gcc/arm-none-eabi/4.4.1/../../../../arm-none-eabi/lib/thumb2\libc.a(lib_a-callocr.o)
 .ARM.attributes
                0x000005e3       0x29 c:/program files/cypress/psoc creator/1.0/psoc creator/import/gnu_cs/arm/4.4.1/bin/../lib/gcc/arm-none-eabi/4.4.1/../../../../arm-none-eabi/lib/thumb2\libc.a(lib_a-memset.o)
 .ARM.attributes
                0x0000060c       0x29 c:/program files/cypress/psoc creator/1.0/psoc creator/import/gnu_cs/arm/4.4.1/bin/../lib/gcc/arm-none-eabi/4.4.1/../../../../arm-none-eabi/lib/thumb2\libc.a(lib_a-reent.o)
 .ARM.attributes
                0x00000635       0x1b c:/program files/cypress/psoc creator/1.0/psoc creator/import/gnu_cs/arm/4.4.1/bin/../lib/gcc/arm-none-eabi/4.4.1/thumb2\libgcc.a(_udivsi3.o)
 .ARM.attributes
                0x00000650       0x1b c:/program files/cypress/psoc creator/1.0/psoc creator/import/gnu_cs/arm/4.4.1/bin/../lib/gcc/arm-none-eabi/4.4.1/thumb2\libgcc.a(_dvmd_tls.o)
 .ARM.attributes
                0x0000066b       0x1b c:/program files/cypress/psoc creator/1.0/psoc creator/import/gnu_cs/arm/4.4.1/bin/../lib/gcc/arm-none-eabi/4.4.1/thumb2\libgcc.a(_arm_addsubdf3.o)
 .ARM.attributes
                0x00000686       0x1b c:/program files/cypress/psoc creator/1.0/psoc creator/import/gnu_cs/arm/4.4.1/bin/../lib/gcc/arm-none-eabi/4.4.1/thumb2\libgcc.a(_arm_muldivdf3.o)
 .ARM.attributes
                0x000006a1       0x1b c:/program files/cypress/psoc creator/1.0/psoc creator/import/gnu_cs/arm/4.4.1/bin/../lib/gcc/arm-none-eabi/4.4.1/thumb2\libgcc.a(_arm_cmpdf2.o)
 .ARM.attributes
                0x000006bc       0x1b c:/program files/cypress/psoc creator/1.0/psoc creator/import/gnu_cs/arm/4.4.1/bin/../lib/gcc/arm-none-eabi/4.4.1/thumb2\libgcc.a(_arm_fixdfsi.o)
 .ARM.attributes
                0x000006d7       0x1b c:/program files/cypress/psoc creator/1.0/psoc creator/import/gnu_cs/arm/4.4.1/bin/../lib/gcc/arm-none-eabi/4.4.1/thumb2\libgcc.a(_aeabi_uldivmod.o)
 .ARM.attributes
                0x000006f2       0x29 c:/program files/cypress/psoc creator/1.0/psoc creator/import/gnu_cs/arm/4.4.1/bin/../lib/gcc/arm-none-eabi/4.4.1/thumb2\libgcc.a(bpabi.o)
 .ARM.attributes
                0x0000071b       0x29 c:/program files/cypress/psoc creator/1.0/psoc creator/import/gnu_cs/arm/4.4.1/bin/../lib/gcc/arm-none-eabi/4.4.1/thumb2\libgcc.a(_divdi3.o)
 .ARM.attributes
                0x00000744       0x29 c:/program files/cypress/psoc creator/1.0/psoc creator/import/gnu_cs/arm/4.4.1/bin/../lib/gcc/arm-none-eabi/4.4.1/thumb2\libgcc.a(_udivdi3.o)
 .ARM.attributes
                0x0000076d       0x29 c:/program files/cypress/psoc creator/1.0/psoc creator/import/gnu_cs/arm/4.4.1/bin/../lib/gcc/arm-none-eabi/4.4.1/thumb2/crtend.o
 .ARM.attributes
                0x00000796       0x19 c:/program files/cypress/psoc creator/1.0/psoc creator/import/gnu_cs/arm/4.4.1/bin/../lib/gcc/arm-none-eabi/4.4.1/thumb2/crtn.o
 .ARM.attributes
                0x000007af       0x29 c:/program files/cypress/psoc creator/1.0/psoc creator/import/gnu_cs/arm/4.4.1/bin/../lib/gcc/arm-none-eabi/4.4.1/../../../../arm-none-eabi/lib/thumb2\libcs3.a(start_c.o)
 .ARM.attributes
                0x000007d8       0x29 c:/program files/cypress/psoc creator/1.0/psoc creator/import/gnu_cs/arm/4.4.1/bin/../lib/gcc/arm-none-eabi/4.4.1/../../../../arm-none-eabi/lib/thumb2\libcs3unhosted.a(unhosted-sbrk.o)
 .ARM.attributes
                0x00000801       0x19 c:/program files/cypress/psoc creator/1.0/psoc creator/import/gnu_cs/arm/4.4.1/bin/../lib/gcc/arm-none-eabi/4.4.1/../../../../arm-none-eabi/lib/thumb2\libcs3micro.a(micro-vector.o)
 .ARM.attributes
                0x0000081a       0x19 c:/program files/cypress/psoc creator/1.0/psoc creator/import/gnu_cs/arm/4.4.1/bin/../lib/gcc/arm-none-eabi/4.4.1/../../../../arm-none-eabi/lib/thumb2\libcs3micro.a(micro_isr_interrupt.o)
 .ARM.attributes
                0x00000833       0x29 c:/program files/cypress/psoc creator/1.0/psoc creator/import/gnu_cs/arm/4.4.1/bin/../lib/gcc/arm-none-eabi/4.4.1/../../../../arm-none-eabi/lib/thumb2\libc.a(lib_a-errno.o)
 .ARM.attributes
                0x0000085c       0x29 c:/program files/cypress/psoc creator/1.0/psoc creator/import/gnu_cs/arm/4.4.1/bin/../lib/gcc/arm-none-eabi/4.4.1/../../../../arm-none-eabi/lib/thumb2\libc.a(lib_a-init.o)
 .ARM.attributes
                0x00000885       0x29 c:/program files/cypress/psoc creator/1.0/psoc creator/import/gnu_cs/arm/4.4.1/bin/../lib/gcc/arm-none-eabi/4.4.1/../../../../arm-none-eabi/lib/thumb2\libcs3.a(heap.o)

/DISCARD/
 *(.note.GNU-stack)
OUTPUT(E:/ControllerKinect/capController/Receiver/Receiver.cydsn/ARM_GCC_441/Debug/Receiver.elf elf32-littlearm)
