Archive member included because of file (symbol)

./ARM_GCC_441/Debug/Transmitter.a(CapSense.o)
                              E:\ControllerKinect\capController\Transmitter\Transmitter.cydsn\ARM_GCC_441\Debug\main.o (CapSense_Start)
./ARM_GCC_441/Debug/Transmitter.a(CapSense_CSHL.o)
                              E:\ControllerKinect\capController\Transmitter\Transmitter.cydsn\ARM_GCC_441\Debug\main.o (CapSense_InitializeAllBaselines)
./ARM_GCC_441/Debug/Transmitter.a(CapSense_INT.o)
                              ./ARM_GCC_441/Debug/Transmitter.a(CapSense.o) (CapSense_IsrCH0_ISR)
./ARM_GCC_441/Debug/Transmitter.a(CapSense_SMS_Wrapper.o)
                              ./ARM_GCC_441/Debug/Transmitter.a(CapSense_CSHL.o) (CapSense_CalculateThresholds)
./ARM_GCC_441/Debug/Transmitter.a(CapSense_AMuxCH0.o)
                              ./ARM_GCC_441/Debug/Transmitter.a(CapSense.o) (CapSense_AMuxCH0_Init)
./ARM_GCC_441/Debug/Transmitter.a(CapSense_CompCH0.o)
                              ./ARM_GCC_441/Debug/Transmitter.a(CapSense.o) (CapSense_CompCH0_Init)
./ARM_GCC_441/Debug/Transmitter.a(CapSense_IntClock.o)
                              ./ARM_GCC_441/Debug/Transmitter.a(CapSense.o) (CapSense_IntClock_Start)
./ARM_GCC_441/Debug/Transmitter.a(CyBootAsmGnu.o)
                              ./ARM_GCC_441/Debug/Transmitter.a(CapSense.o) (CyEnterCriticalSection)
./ARM_GCC_441/Debug/Transmitter.a(CyDmac.o)
                              E:\ControllerKinect\capController\Transmitter\Transmitter.cydsn\ARM_GCC_441\Debug\Cm3Start.o (CyDmacConfigure)
./ARM_GCC_441/Debug/Transmitter.a(CyLib.o)
                              E:\ControllerKinect\capController\Transmitter\Transmitter.cydsn\ARM_GCC_441\Debug\Cm3Start.o (CyResetStatus)
./ARM_GCC_441/Debug/Transmitter.a(cyPm.o)
                              ./ARM_GCC_441/Debug/Transmitter.a(CyLib.o) (CyPmReadStatus)
./ARM_GCC_441/Debug/Transmitter.a(LCD.o)
                              E:\ControllerKinect\capController\Transmitter\Transmitter.cydsn\ARM_GCC_441\Debug\main.o (LCD_WriteControl)
./ARM_GCC_441/Debug/Transmitter.a(SPIM.o)
                              E:\ControllerKinect\capController\Transmitter\Transmitter.cydsn\ARM_GCC_441\Debug\main.o (SPIM_ClearFIFO)
./ARM_GCC_441/Debug/Transmitter.a(cyfitter_cfg.o)
                              ./ARM_GCC_441/Debug/Transmitter.a(CapSense.o) (CapSense_AMuxCH0_Set)
./ARM_GCC_441/Debug/Transmitter.a(CyFlash.o)
                              ./ARM_GCC_441/Debug/Transmitter.a(cyPm.o) (CyFlash_SetWaitCycles)
./ARM_GCC_441/Debug/Transmitter.a(CySpc.o)
                              ./ARM_GCC_441/Debug/Transmitter.a(CyFlash.o) (CySpcLock)
./ARM_GCC_441/Debug/Transmitter.a(cyutils.o)
                              ./ARM_GCC_441/Debug/Transmitter.a(cyfitter_cfg.o) (CySetReg24)
C:/Program Files/Cypress/PSoC Creator/1.0/PSoC Creator/psoc/content/cycomponentlibrary/CyComponentLibrary.cylib/ARM_GCC_441/Debug/CyComponentLibrary.a(CapSense_CSD_SmartSense_v2_10.o)
                              ./ARM_GCC_441/Debug/Transmitter.a(CapSense_SMS_Wrapper.o) (SMS_LIB_CalculateThresholds)
c:/program files/cypress/psoc creator/1.0/psoc creator/import/gnu_cs/arm/4.4.1/bin/../lib/gcc/arm-none-eabi/4.4.1/../../../../arm-none-eabi/lib/thumb2\libc.a(lib_a-memcpy.o)
                              ./ARM_GCC_441/Debug/Transmitter.a(cyfitter_cfg.o) (memcpy)
c:/program files/cypress/psoc creator/1.0/psoc creator/import/gnu_cs/arm/4.4.1/bin/../lib/gcc/arm-none-eabi/4.4.1/../../../../arm-none-eabi/lib/thumb2\libcs3.a(start_c.o)
                              (__cs3_start_c)
c:/program files/cypress/psoc creator/1.0/psoc creator/import/gnu_cs/arm/4.4.1/bin/../lib/gcc/arm-none-eabi/4.4.1/../../../../arm-none-eabi/lib/thumb2\libcs3micro.a(micro-vector.o)
                              (__cs3_interrupt_vector_micro)
c:/program files/cypress/psoc creator/1.0/psoc creator/import/gnu_cs/arm/4.4.1/bin/../lib/gcc/arm-none-eabi/4.4.1/../../../../arm-none-eabi/lib/thumb2\libcs3micro.a(micro_isr_interrupt.o)
                              (__cs3_isr_nmi)
c:/program files/cypress/psoc creator/1.0/psoc creator/import/gnu_cs/arm/4.4.1/bin/../lib/gcc/arm-none-eabi/4.4.1/../../../../arm-none-eabi/lib/thumb2\libc.a(lib_a-init.o)
                              c:/program files/cypress/psoc creator/1.0/psoc creator/import/gnu_cs/arm/4.4.1/bin/../lib/gcc/arm-none-eabi/4.4.1/../../../../arm-none-eabi/lib/thumb2\libcs3.a(start_c.o) (__libc_init_array)

Allocating common symbols
Common symbol       size              file

SMS_LIB_Table4      0xe               ./ARM_GCC_441/Debug/Transmitter.a(CapSense_SMS_Wrapper.o)
cyCommand           0x10              ./ARM_GCC_441/Debug/Transmitter.a(CySpc.o)
SMS_LIB_Table7      0x7               ./ARM_GCC_441/Debug/Transmitter.a(CapSense_SMS_Wrapper.o)
SMS_LIB_Table8      0x3               ./ARM_GCC_441/Debug/Transmitter.a(CapSense_SMS_Wrapper.o)
SMS_LIB_Table2      0x7               ./ARM_GCC_441/Debug/Transmitter.a(CapSense_SMS_Wrapper.o)
cyCommandSize       0x1               ./ARM_GCC_441/Debug/Transmitter.a(CySpc.o)
SMS_LIB_Table5      0xe               ./ARM_GCC_441/Debug/Transmitter.a(CapSense_SMS_Wrapper.o)
SMS_LIB_Table9      0x3               ./ARM_GCC_441/Debug/Transmitter.a(CapSense_SMS_Wrapper.o)
SMS_LIB_Table6      0x7               ./ARM_GCC_441/Debug/Transmitter.a(CapSense_SMS_Wrapper.o)
CapSense_rawFilterData1
                    0xe               ./ARM_GCC_441/Debug/Transmitter.a(CapSense_CSHL.o)
CyResetStatus       0x1               ./ARM_GCC_441/Debug/Transmitter.a(CyLib.o)
dieTemperature      0x2               ./ARM_GCC_441/Debug/Transmitter.a(CyFlash.o)
SMS_LIB_Table1      0x7               ./ARM_GCC_441/Debug/Transmitter.a(CapSense_SMS_Wrapper.o)
SMS_LIB_Table10     0x3               ./ARM_GCC_441/Debug/Transmitter.a(CapSense_SMS_Wrapper.o)
SMS_LIB_Table3      0x7               ./ARM_GCC_441/Debug/Transmitter.a(CapSense_SMS_Wrapper.o)

Discarded input sections

 .text          0x00000000        0x0 c:/program files/cypress/psoc creator/1.0/psoc creator/import/gnu_cs/arm/4.4.1/bin/../lib/gcc/arm-none-eabi/4.4.1/thumb2/crti.o
 .data          0x00000000        0x0 c:/program files/cypress/psoc creator/1.0/psoc creator/import/gnu_cs/arm/4.4.1/bin/../lib/gcc/arm-none-eabi/4.4.1/thumb2/crti.o
 .bss           0x00000000        0x0 c:/program files/cypress/psoc creator/1.0/psoc creator/import/gnu_cs/arm/4.4.1/bin/../lib/gcc/arm-none-eabi/4.4.1/thumb2/crti.o
 .data          0x00000000        0x4 c:/program files/cypress/psoc creator/1.0/psoc creator/import/gnu_cs/arm/4.4.1/bin/../lib/gcc/arm-none-eabi/4.4.1/thumb2/crtbegin.o
 .text          0x00000000        0x0 E:\ControllerKinect\capController\Transmitter\Transmitter.cydsn\ARM_GCC_441\Debug\main.o
 .data          0x00000000        0x0 E:\ControllerKinect\capController\Transmitter\Transmitter.cydsn\ARM_GCC_441\Debug\main.o
 .text.prepareData
                0x00000000       0x4c E:\ControllerKinect\capController\Transmitter\Transmitter.cydsn\ARM_GCC_441\Debug\main.o
 .text          0x00000000        0x0 E:\ControllerKinect\capController\Transmitter\Transmitter.cydsn\ARM_GCC_441\Debug\Cm3Start.o
 .data          0x00000000        0x0 E:\ControllerKinect\capController\Transmitter\Transmitter.cydsn\ARM_GCC_441\Debug\Cm3Start.o
 .bss           0x00000000        0x0 E:\ControllerKinect\capController\Transmitter\Transmitter.cydsn\ARM_GCC_441\Debug\Cm3Start.o
 .text.IntDefaultHandler
                0x00000000        0x8 E:\ControllerKinect\capController\Transmitter\Transmitter.cydsn\ARM_GCC_441\Debug\Cm3Start.o
 .text          0x00000000        0x0 ./ARM_GCC_441/Debug/Transmitter.a(CapSense.o)
 .text.CapSense_Stop
                0x00000000       0xbc ./ARM_GCC_441/Debug/Transmitter.a(CapSense.o)
 .text.CapSense_ReadSensorRaw
                0x00000000       0x24 ./ARM_GCC_441/Debug/Transmitter.a(CapSense.o)
 .text.CapSense_IdacCH0_Stop
                0x00000000       0x58 ./ARM_GCC_441/Debug/Transmitter.a(CapSense.o)
 .text.CapSense_SetIdacRange
                0x00000000       0x1c ./ARM_GCC_441/Debug/Transmitter.a(CapSense.o)
 .text.CapSense_GetPrescaler
                0x00000000       0x28 ./ARM_GCC_441/Debug/Transmitter.a(CapSense.o)
 .text.CapSense_SetScanSpeed
                0x00000000       0x20 ./ARM_GCC_441/Debug/Transmitter.a(CapSense.o)
 .text          0x00000000        0x0 ./ARM_GCC_441/Debug/Transmitter.a(CapSense_CSHL.o)
 .text.CapSense_CheckIsAnyWidgetActive
                0x00000000       0x44 ./ARM_GCC_441/Debug/Transmitter.a(CapSense_CSHL.o)
 .text.CapSense_EnableWidget
                0x00000000       0x7c ./ARM_GCC_441/Debug/Transmitter.a(CapSense_CSHL.o)
 .text.CapSense_DisableWidget
                0x00000000       0x88 ./ARM_GCC_441/Debug/Transmitter.a(CapSense_CSHL.o)
 .text          0x00000000        0x0 ./ARM_GCC_441/Debug/Transmitter.a(CapSense_INT.o)
 .data          0x00000000        0x0 ./ARM_GCC_441/Debug/Transmitter.a(CapSense_INT.o)
 .bss           0x00000000        0x0 ./ARM_GCC_441/Debug/Transmitter.a(CapSense_INT.o)
 .text          0x00000000        0x0 ./ARM_GCC_441/Debug/Transmitter.a(CapSense_SMS_Wrapper.o)
 .bss           0x00000000        0x2 ./ARM_GCC_441/Debug/Transmitter.a(CapSense_SMS_Wrapper.o)
 .text          0x00000000        0x0 ./ARM_GCC_441/Debug/Transmitter.a(CapSense_AMuxCH0.o)
 .data          0x00000000        0x1 ./ARM_GCC_441/Debug/Transmitter.a(CapSense_AMuxCH0.o)
 .bss           0x00000000        0x1 ./ARM_GCC_441/Debug/Transmitter.a(CapSense_AMuxCH0.o)
 .text.CapSense_AMuxCH0_Start
                0x00000000       0x18 ./ARM_GCC_441/Debug/Transmitter.a(CapSense_AMuxCH0.o)
 .text.CapSense_AMuxCH0_Stop
                0x00000000        0xc ./ARM_GCC_441/Debug/Transmitter.a(CapSense_AMuxCH0.o)
 .text.CapSense_AMuxCH0_Select
                0x00000000       0x2c ./ARM_GCC_441/Debug/Transmitter.a(CapSense_AMuxCH0.o)
 .text.CapSense_AMuxCH0_FastSelect
                0x00000000       0x44 ./ARM_GCC_441/Debug/Transmitter.a(CapSense_AMuxCH0.o)
 .text          0x00000000        0x0 ./ARM_GCC_441/Debug/Transmitter.a(CapSense_CompCH0.o)
 .data          0x00000000        0x0 ./ARM_GCC_441/Debug/Transmitter.a(CapSense_CompCH0.o)
 .bss           0x00000000        0x1 ./ARM_GCC_441/Debug/Transmitter.a(CapSense_CompCH0.o)
 .text.CapSense_CompCH0_Start
                0x00000000       0x2c ./ARM_GCC_441/Debug/Transmitter.a(CapSense_CompCH0.o)
 .text.CapSense_CompCH0_Stop
                0x00000000       0x40 ./ARM_GCC_441/Debug/Transmitter.a(CapSense_CompCH0.o)
 .text.CapSense_CompCH0_GetCompare
                0x00000000       0x1c ./ARM_GCC_441/Debug/Transmitter.a(CapSense_CompCH0.o)
 .text.CapSense_CompCH0_trimAdjust
                0x00000000       0xf0 ./ARM_GCC_441/Debug/Transmitter.a(CapSense_CompCH0.o)
 .text.CapSense_CompCH0_ZeroCal
                0x00000000      0x108 ./ARM_GCC_441/Debug/Transmitter.a(CapSense_CompCH0.o)
 .text.CapSense_CompCH0_LoadTrim
                0x00000000       0x24 ./ARM_GCC_441/Debug/Transmitter.a(CapSense_CompCH0.o)
 .text.CapSense_CompCH0_PwrDwnOverrideEnable
                0x00000000       0x28 ./ARM_GCC_441/Debug/Transmitter.a(CapSense_CompCH0.o)
 .text.CapSense_CompCH0_PwrDwnOverrideDisable
                0x00000000       0x24 ./ARM_GCC_441/Debug/Transmitter.a(CapSense_CompCH0.o)
 .text          0x00000000        0x0 ./ARM_GCC_441/Debug/Transmitter.a(CapSense_IntClock.o)
 .data          0x00000000        0x0 ./ARM_GCC_441/Debug/Transmitter.a(CapSense_IntClock.o)
 .bss           0x00000000        0x0 ./ARM_GCC_441/Debug/Transmitter.a(CapSense_IntClock.o)
 .text.CapSense_IntClock_Stop
                0x00000000       0x24 ./ARM_GCC_441/Debug/Transmitter.a(CapSense_IntClock.o)
 .text.CapSense_IntClock_StandbyPower
                0x00000000       0x54 ./ARM_GCC_441/Debug/Transmitter.a(CapSense_IntClock.o)
 .text.CapSense_IntClock_SetDividerRegister
                0x00000000      0x1d8 ./ARM_GCC_441/Debug/Transmitter.a(CapSense_IntClock.o)
 .text.CapSense_IntClock_GetDividerRegister
                0x00000000       0x18 ./ARM_GCC_441/Debug/Transmitter.a(CapSense_IntClock.o)
 .text.CapSense_IntClock_SetModeRegister
                0x00000000       0x38 ./ARM_GCC_441/Debug/Transmitter.a(CapSense_IntClock.o)
 .text.CapSense_IntClock_ClearModeRegister
                0x00000000       0x40 ./ARM_GCC_441/Debug/Transmitter.a(CapSense_IntClock.o)
 .text.CapSense_IntClock_GetModeRegister
                0x00000000       0x1c ./ARM_GCC_441/Debug/Transmitter.a(CapSense_IntClock.o)
 .text.CapSense_IntClock_SetSourceRegister
                0x00000000       0xe8 ./ARM_GCC_441/Debug/Transmitter.a(CapSense_IntClock.o)
 .text.CapSense_IntClock_GetSourceRegister
                0x00000000       0x1c ./ARM_GCC_441/Debug/Transmitter.a(CapSense_IntClock.o)
 .data          0x00000000        0x0 ./ARM_GCC_441/Debug/Transmitter.a(CyBootAsmGnu.o)
 .bss           0x00000000        0x0 ./ARM_GCC_441/Debug/Transmitter.a(CyBootAsmGnu.o)
 .text          0x00000000        0x0 ./ARM_GCC_441/Debug/Transmitter.a(CyDmac.o)
 .data          0x00000000        0x0 ./ARM_GCC_441/Debug/Transmitter.a(CyDmac.o)
 .text.CyDmacError
                0x00000000       0x1c ./ARM_GCC_441/Debug/Transmitter.a(CyDmac.o)
 .text.CyDmacClearError
                0x00000000       0x24 ./ARM_GCC_441/Debug/Transmitter.a(CyDmac.o)
 .text.CyDmacErrorAddress
                0x00000000       0x18 ./ARM_GCC_441/Debug/Transmitter.a(CyDmac.o)
 .text.CyDmaChAlloc
                0x00000000       0x84 ./ARM_GCC_441/Debug/Transmitter.a(CyDmac.o)
 .text.CyDmaChFree
                0x00000000       0x64 ./ARM_GCC_441/Debug/Transmitter.a(CyDmac.o)
 .text.CyDmaChEnable
                0x00000000       0x70 ./ARM_GCC_441/Debug/Transmitter.a(CyDmac.o)
 .text.CyDmaChDisable
                0x00000000       0x58 ./ARM_GCC_441/Debug/Transmitter.a(CyDmac.o)
 .text.CyDmaClearPendingDrq
                0x00000000       0x84 ./ARM_GCC_441/Debug/Transmitter.a(CyDmac.o)
 .text.CyDmaChPriority
                0x00000000       0x70 ./ARM_GCC_441/Debug/Transmitter.a(CyDmac.o)
 .text.CyDmaChSetExtendedAddress
                0x00000000       0x88 ./ARM_GCC_441/Debug/Transmitter.a(CyDmac.o)
 .text.CyDmaChSetInitialTd
                0x00000000       0x44 ./ARM_GCC_441/Debug/Transmitter.a(CyDmac.o)
 .text.CyDmaChSetRequest
                0x00000000       0x60 ./ARM_GCC_441/Debug/Transmitter.a(CyDmac.o)
 .text.CyDmaChGetRequest
                0x00000000       0x40 ./ARM_GCC_441/Debug/Transmitter.a(CyDmac.o)
 .text.CyDmaChStatus
                0x00000000       0x70 ./ARM_GCC_441/Debug/Transmitter.a(CyDmac.o)
 .text.CyDmaChSetConfiguration
                0x00000000       0xa0 ./ARM_GCC_441/Debug/Transmitter.a(CyDmac.o)
 .text.CyDmaTdAllocate
                0x00000000       0x7c ./ARM_GCC_441/Debug/Transmitter.a(CyDmac.o)
 .text.CyDmaTdFree
                0x00000000       0x6c ./ARM_GCC_441/Debug/Transmitter.a(CyDmac.o)
 .text.CyDmaTdFreeCount
                0x00000000       0x20 ./ARM_GCC_441/Debug/Transmitter.a(CyDmac.o)
 .text.CyDmaTdSetConfiguration
                0x00000000       0x78 ./ARM_GCC_441/Debug/Transmitter.a(CyDmac.o)
 .text.CyDmaTdGetConfiguration
                0x00000000       0x94 ./ARM_GCC_441/Debug/Transmitter.a(CyDmac.o)
 .text.CyDmaTdSetAddress
                0x00000000       0x6c ./ARM_GCC_441/Debug/Transmitter.a(CyDmac.o)
 .text.CyDmaTdGetAddress
                0x00000000       0x7c ./ARM_GCC_441/Debug/Transmitter.a(CyDmac.o)
 .text          0x00000000        0x0 ./ARM_GCC_441/Debug/Transmitter.a(CyLib.o)
 .bss           0x00000000        0x0 ./ARM_GCC_441/Debug/Transmitter.a(CyLib.o)
 .text.CyPLL_OUT_Start
                0x00000000      0x118 ./ARM_GCC_441/Debug/Transmitter.a(CyLib.o)
 .text.CyPLL_OUT_Stop
                0x00000000       0x24 ./ARM_GCC_441/Debug/Transmitter.a(CyLib.o)
 .text.CyPLL_OUT_SetPQ
                0x00000000       0xa8 ./ARM_GCC_441/Debug/Transmitter.a(CyLib.o)
 .text.CyPLL_OUT_SetSource
                0x00000000       0x70 ./ARM_GCC_441/Debug/Transmitter.a(CyLib.o)
 .text.CyIMO_Start
                0x00000000       0xd0 ./ARM_GCC_441/Debug/Transmitter.a(CyLib.o)
 .text.CyIMO_Stop
                0x00000000       0x24 ./ARM_GCC_441/Debug/Transmitter.a(CyLib.o)
 .text.CyIMO_SetTrimValue
                0x00000000      0x144 ./ARM_GCC_441/Debug/Transmitter.a(CyLib.o)
 .text.CyIMO_SetFreq
                0x00000000      0x214 ./ARM_GCC_441/Debug/Transmitter.a(CyLib.o)
 .text.CyIMO_SetSource
                0x00000000       0xb8 ./ARM_GCC_441/Debug/Transmitter.a(CyLib.o)
 .text.CyIMO_EnableDoubler
                0x00000000       0x28 ./ARM_GCC_441/Debug/Transmitter.a(CyLib.o)
 .text.CyIMO_DisableDoubler
                0x00000000       0x24 ./ARM_GCC_441/Debug/Transmitter.a(CyLib.o)
 .text.CyMasterClk_SetSource
                0x00000000       0x44 ./ARM_GCC_441/Debug/Transmitter.a(CyLib.o)
 .text.CyMasterClk_SetDivider
                0x00000000       0x20 ./ARM_GCC_441/Debug/Transmitter.a(CyLib.o)
 .text.CyBusClk_Internal_SetDivider
                0x00000000       0x84 ./ARM_GCC_441/Debug/Transmitter.a(CyLib.o)
 .text.CyBusClk_SetDivider
                0x00000000       0xa4 ./ARM_GCC_441/Debug/Transmitter.a(CyLib.o)
 .text.CyCpuClk_SetDivider
                0x00000000       0x14 ./ARM_GCC_441/Debug/Transmitter.a(CyLib.o)
 .text.CyUsbClk_SetSource
                0x00000000       0x40 ./ARM_GCC_441/Debug/Transmitter.a(CyLib.o)
 .text.CyILO_Start1K
                0x00000000       0x28 ./ARM_GCC_441/Debug/Transmitter.a(CyLib.o)
 .text.CyILO_Stop1K
                0x00000000       0x24 ./ARM_GCC_441/Debug/Transmitter.a(CyLib.o)
 .text.CyILO_Start100K
                0x00000000       0x28 ./ARM_GCC_441/Debug/Transmitter.a(CyLib.o)
 .text.CyILO_Stop100K
                0x00000000       0x24 ./ARM_GCC_441/Debug/Transmitter.a(CyLib.o)
 .text.CyILO_Enable33K
                0x00000000       0x28 ./ARM_GCC_441/Debug/Transmitter.a(CyLib.o)
 .text.CyILO_Disable33K
                0x00000000       0x24 ./ARM_GCC_441/Debug/Transmitter.a(CyLib.o)
 .text.CyILO_SetSource
                0x00000000       0x44 ./ARM_GCC_441/Debug/Transmitter.a(CyLib.o)
 .text.CyILO_SetPowerMode
                0x00000000       0x58 ./ARM_GCC_441/Debug/Transmitter.a(CyLib.o)
 .text.CyXTAL_32KHZ_Start
                0x00000000       0x7c ./ARM_GCC_441/Debug/Transmitter.a(CyLib.o)
 .text.CyXTAL_32KHZ_Stop
                0x00000000       0x24 ./ARM_GCC_441/Debug/Transmitter.a(CyLib.o)
 .text.CyXTAL_32KHZ_ReadStatus
                0x00000000       0x24 ./ARM_GCC_441/Debug/Transmitter.a(CyLib.o)
 .text.CyXTAL_32KHZ_SetPowerMode
                0x00000000       0x58 ./ARM_GCC_441/Debug/Transmitter.a(CyLib.o)
 .text.CyXTAL_Start
                0x00000000      0x15c ./ARM_GCC_441/Debug/Transmitter.a(CyLib.o)
 .text.CyXTAL_Stop
                0x00000000       0x24 ./ARM_GCC_441/Debug/Transmitter.a(CyLib.o)
 .text.CyXTAL_EnableErrStatus
                0x00000000       0x24 ./ARM_GCC_441/Debug/Transmitter.a(CyLib.o)
 .text.CyXTAL_DisableErrStatus
                0x00000000       0x28 ./ARM_GCC_441/Debug/Transmitter.a(CyLib.o)
 .text.CyXTAL_ReadStatus
                0x00000000       0x20 ./ARM_GCC_441/Debug/Transmitter.a(CyLib.o)
 .text.CyXTAL_EnableFaultRecovery
                0x00000000       0x28 ./ARM_GCC_441/Debug/Transmitter.a(CyLib.o)
 .text.CyXTAL_DisableFaultRecovery
                0x00000000       0x24 ./ARM_GCC_441/Debug/Transmitter.a(CyLib.o)
 .text.CyXTAL_SetStartup
                0x00000000       0x3c ./ARM_GCC_441/Debug/Transmitter.a(CyLib.o)
 .text.CySoftwareReset
                0x00000000       0x18 ./ARM_GCC_441/Debug/Transmitter.a(CyLib.o)
 .text.CyDelayFreq
                0x00000000       0xac ./ARM_GCC_441/Debug/Transmitter.a(CyLib.o)
 .text.CyWdtStart
                0x00000000       0xcc ./ARM_GCC_441/Debug/Transmitter.a(CyLib.o)
 .text.CyWdtClear
                0x00000000       0x44 ./ARM_GCC_441/Debug/Transmitter.a(CyLib.o)
 .text.CyDisableInts
                0x00000000       0x30 ./ARM_GCC_441/Debug/Transmitter.a(CyLib.o)
 .text.CyEnableInts
                0x00000000       0x20 ./ARM_GCC_441/Debug/Transmitter.a(CyLib.o)
 .text.CyFlushCache
                0x00000000       0x38 ./ARM_GCC_441/Debug/Transmitter.a(CyLib.o)
 .text.CyIntSetSysVector
                0x00000000       0x44 ./ARM_GCC_441/Debug/Transmitter.a(CyLib.o)
 .text.CyIntGetSysVector
                0x00000000       0x30 ./ARM_GCC_441/Debug/Transmitter.a(CyLib.o)
 .text.CyIntGetVector
                0x00000000       0x34 ./ARM_GCC_441/Debug/Transmitter.a(CyLib.o)
 .text.CyIntGetPriority
                0x00000000       0x2c ./ARM_GCC_441/Debug/Transmitter.a(CyLib.o)
 .text.CyIntGetState
                0x00000000       0x40 ./ARM_GCC_441/Debug/Transmitter.a(CyLib.o)
 .text.CyIntSetPending
                0x00000000       0x34 ./ARM_GCC_441/Debug/Transmitter.a(CyLib.o)
 .text.CyIntClearPending
                0x00000000       0x34 ./ARM_GCC_441/Debug/Transmitter.a(CyLib.o)
 .text          0x00000000        0x0 ./ARM_GCC_441/Debug/Transmitter.a(cyPm.o)
 .data          0x00000000        0x0 ./ARM_GCC_441/Debug/Transmitter.a(cyPm.o)
 .bss           0x00000000       0x1c ./ARM_GCC_441/Debug/Transmitter.a(cyPm.o)
 .rodata        0x00000000       0x10 ./ARM_GCC_441/Debug/Transmitter.a(cyPm.o)
 .text.CyPmSaveClocks
                0x00000000      0x348 ./ARM_GCC_441/Debug/Transmitter.a(cyPm.o)
 .text.CyPmRestoreClocks
                0x00000000      0x2e8 ./ARM_GCC_441/Debug/Transmitter.a(cyPm.o)
 .text.CyPmAltAct
                0x00000000      0x138 ./ARM_GCC_441/Debug/Transmitter.a(cyPm.o)
 .text.CyPmSleep
                0x00000000       0xfc ./ARM_GCC_441/Debug/Transmitter.a(cyPm.o)
 .text.CyPmHibernate
                0x00000000       0x88 ./ARM_GCC_441/Debug/Transmitter.a(cyPm.o)
 .text.CyPmReadStatus
                0x00000000       0x7c ./ARM_GCC_441/Debug/Transmitter.a(cyPm.o)
 .text.CyPmHibSaveSet
                0x00000000       0x5c ./ARM_GCC_441/Debug/Transmitter.a(cyPm.o)
 .text.CyPmHibRestore
                0x00000000       0x34 ./ARM_GCC_441/Debug/Transmitter.a(cyPm.o)
 .text.CyPmCtwSaveSet
                0x00000000      0x108 ./ARM_GCC_441/Debug/Transmitter.a(cyPm.o)
 .text.CyPmOppsSaveSet
                0x00000000       0x84 ./ARM_GCC_441/Debug/Transmitter.a(cyPm.o)
 .text.CyPmFtwSaveSet
                0x00000000      0x10c ./ARM_GCC_441/Debug/Transmitter.a(cyPm.o)
 .text.CyPmHibSlpSaveSet
                0x00000000       0x54 ./ARM_GCC_441/Debug/Transmitter.a(cyPm.o)
 .text.CyPmHibSlpRestore
                0x00000000       0x20 ./ARM_GCC_441/Debug/Transmitter.a(cyPm.o)
 .text          0x00000000        0x0 ./ARM_GCC_441/Debug/Transmitter.a(LCD.o)
 .data          0x00000000        0x0 ./ARM_GCC_441/Debug/Transmitter.a(LCD.o)
 .text.LCD_Stop
                0x00000000       0x1c ./ARM_GCC_441/Debug/Transmitter.a(LCD.o)
 .text.LCD_PrintHexUint16
                0x00000000       0x2c ./ARM_GCC_441/Debug/Transmitter.a(LCD.o)
 .text          0x00000000        0x0 ./ARM_GCC_441/Debug/Transmitter.a(SPIM.o)
 .data          0x00000000        0x0 ./ARM_GCC_441/Debug/Transmitter.a(SPIM.o)
 .text.SPIM_Stop
                0x00000000       0x58 ./ARM_GCC_441/Debug/Transmitter.a(SPIM.o)
 .text.SPIM_EnableTxInt
                0x00000000        0xc ./ARM_GCC_441/Debug/Transmitter.a(SPIM.o)
 .text.SPIM_EnableRxInt
                0x00000000        0xc ./ARM_GCC_441/Debug/Transmitter.a(SPIM.o)
 .text.SPIM_DisableTxInt
                0x00000000        0xc ./ARM_GCC_441/Debug/Transmitter.a(SPIM.o)
 .text.SPIM_DisableRxInt
                0x00000000        0xc ./ARM_GCC_441/Debug/Transmitter.a(SPIM.o)
 .text.SPIM_SetTxInterruptMode
                0x00000000       0x20 ./ARM_GCC_441/Debug/Transmitter.a(SPIM.o)
 .text.SPIM_SetRxInterruptMode
                0x00000000       0x20 ./ARM_GCC_441/Debug/Transmitter.a(SPIM.o)
 .text.SPIM_GetRxBufferSize
                0x00000000       0x3c ./ARM_GCC_441/Debug/Transmitter.a(SPIM.o)
 .text.SPIM_GetTxBufferSize
                0x00000000       0x50 ./ARM_GCC_441/Debug/Transmitter.a(SPIM.o)
 .text.SPIM_PutArray
                0x00000000       0x38 ./ARM_GCC_441/Debug/Transmitter.a(SPIM.o)
 .text.SPIM_EnableInt
                0x00000000        0xc ./ARM_GCC_441/Debug/Transmitter.a(SPIM.o)
 .text.SPIM_DisableInt
                0x00000000        0xc ./ARM_GCC_441/Debug/Transmitter.a(SPIM.o)
 .text.SPIM_SetInterruptMode
                0x00000000       0x30 ./ARM_GCC_441/Debug/Transmitter.a(SPIM.o)
 .text.SPIM_ReadStatus
                0x00000000       0x38 ./ARM_GCC_441/Debug/Transmitter.a(SPIM.o)
 .text          0x00000000        0x0 ./ARM_GCC_441/Debug/Transmitter.a(cyfitter_cfg.o)
 .data          0x00000000        0x0 ./ARM_GCC_441/Debug/Transmitter.a(cyfitter_cfg.o)
 .text.CyClockStartupError
                0x00000000        0xc ./ARM_GCC_441/Debug/Transmitter.a(cyfitter_cfg.o)
 .text          0x00000000        0x0 ./ARM_GCC_441/Debug/Transmitter.a(CyFlash.o)
 .data          0x00000000        0x0 ./ARM_GCC_441/Debug/Transmitter.a(CyFlash.o)
 .bss           0x00000000        0x4 ./ARM_GCC_441/Debug/Transmitter.a(CyFlash.o)
 .text.CyFlash_Start
                0x00000000       0x4c ./ARM_GCC_441/Debug/Transmitter.a(CyFlash.o)
 .text.CyFlash_Stop
                0x00000000       0x40 ./ARM_GCC_441/Debug/Transmitter.a(CyFlash.o)
 .text.CySetTempInt
                0x00000000       0xcc ./ARM_GCC_441/Debug/Transmitter.a(CyFlash.o)
 .text.CySetTemp
                0x00000000       0x28 ./ARM_GCC_441/Debug/Transmitter.a(CyFlash.o)
 .text.CySetFlashEEBuffer
                0x00000000       0x54 ./ARM_GCC_441/Debug/Transmitter.a(CyFlash.o)
 .text.CyWriteRowData
                0x00000000       0xa4 ./ARM_GCC_441/Debug/Transmitter.a(CyFlash.o)
 .text.CyWriteRowFull
                0x00000000      0x11c ./ARM_GCC_441/Debug/Transmitter.a(CyFlash.o)
 .text.CyFlash_SetWaitCycles
                0x00000000       0xb8 ./ARM_GCC_441/Debug/Transmitter.a(CyFlash.o)
 .text.CyEEPROM_ReadReserve
                0x00000000       0x3c ./ARM_GCC_441/Debug/Transmitter.a(CyFlash.o)
 .text.CyEEPROM_ReadRelease
                0x00000000       0x20 ./ARM_GCC_441/Debug/Transmitter.a(CyFlash.o)
 COMMON         0x00000000        0x2 ./ARM_GCC_441/Debug/Transmitter.a(CyFlash.o)
 .text          0x00000000        0x0 ./ARM_GCC_441/Debug/Transmitter.a(CySpc.o)
 .data          0x00000000        0x0 ./ARM_GCC_441/Debug/Transmitter.a(CySpc.o)
 .bss           0x00000000        0x4 ./ARM_GCC_441/Debug/Transmitter.a(CySpc.o)
 .text.CySpcLock
                0x00000000       0x4c ./ARM_GCC_441/Debug/Transmitter.a(CySpc.o)
 .text.CySpcWriteCommand
                0x00000000      0x10c ./ARM_GCC_441/Debug/Transmitter.a(CySpc.o)
 .text.CySpcReadData
                0x00000000       0x64 ./ARM_GCC_441/Debug/Transmitter.a(CySpc.o)
 .text.CySpcUnlock
                0x00000000       0x18 ./ARM_GCC_441/Debug/Transmitter.a(CySpc.o)
 .text.CySpcCreateCmdLoadMultiByte
                0x00000000       0xc8 ./ARM_GCC_441/Debug/Transmitter.a(CySpc.o)
 .text.CySpcCreateCmdLoadRow
                0x00000000       0x64 ./ARM_GCC_441/Debug/Transmitter.a(CySpc.o)
 .text.CySpcCreateCmdReadMultiByte
                0x00000000       0xa8 ./ARM_GCC_441/Debug/Transmitter.a(CySpc.o)
 .text.CySpcCreateCmdWriteRow
                0x00000000       0xa0 ./ARM_GCC_441/Debug/Transmitter.a(CySpc.o)
 .text.CySpcCreateCmdProgramRow
                0x00000000       0x88 ./ARM_GCC_441/Debug/Transmitter.a(CySpc.o)
 .text.CySpcCreateCmdEraseSector
                0x00000000       0xa4 ./ARM_GCC_441/Debug/Transmitter.a(CySpc.o)
 .text.CySpcCreateCmdGetTemp
                0x00000000       0xa8 ./ARM_GCC_441/Debug/Transmitter.a(CySpc.o)
 .text.CySpcCreateCmdSetupTs
                0x00000000       0x8c ./ARM_GCC_441/Debug/Transmitter.a(CySpc.o)
 .text.CySpcCreateCmdDisableTs
                0x00000000       0x54 ./ARM_GCC_441/Debug/Transmitter.a(CySpc.o)
 .text.CySpcActivePower
                0x00000000       0x54 ./ARM_GCC_441/Debug/Transmitter.a(CySpc.o)
 .text.CySpcStandbyPower
                0x00000000       0x54 ./ARM_GCC_441/Debug/Transmitter.a(CySpc.o)
 COMMON         0x00000000       0x11 ./ARM_GCC_441/Debug/Transmitter.a(CySpc.o)
 .text          0x00000000        0x0 ./ARM_GCC_441/Debug/Transmitter.a(cyutils.o)
 .data          0x00000000        0x0 ./ARM_GCC_441/Debug/Transmitter.a(cyutils.o)
 .bss           0x00000000        0x0 ./ARM_GCC_441/Debug/Transmitter.a(cyutils.o)
 .text          0x00000000        0x0 C:/Program Files/Cypress/PSoC Creator/1.0/PSoC Creator/psoc/content/cycomponentlibrary/CyComponentLibrary.cylib/ARM_GCC_441/Debug/CyComponentLibrary.a(CapSense_CSD_SmartSense_v2_10.o)
 .data          0x00000000        0x0 C:/Program Files/Cypress/PSoC Creator/1.0/PSoC Creator/psoc/content/cycomponentlibrary/CyComponentLibrary.cylib/ARM_GCC_441/Debug/CyComponentLibrary.a(CapSense_CSD_SmartSense_v2_10.o)
 .bss           0x00000000        0x0 C:/Program Files/Cypress/PSoC Creator/1.0/PSoC Creator/psoc/content/cycomponentlibrary/CyComponentLibrary.cylib/ARM_GCC_441/Debug/CyComponentLibrary.a(CapSense_CSD_SmartSense_v2_10.o)
 .text.SMS_LIB_CallibrateSensor2Ch
                0x00000000      0x10c C:/Program Files/Cypress/PSoC Creator/1.0/PSoC Creator/psoc/content/cycomponentlibrary/CyComponentLibrary.cylib/ARM_GCC_441/Debug/CyComponentLibrary.a(CapSense_CSD_SmartSense_v2_10.o)
 .text.SMS_LIB_AutoTuneSensor2Ch
                0x00000000       0xf4 C:/Program Files/Cypress/PSoC Creator/1.0/PSoC Creator/psoc/content/cycomponentlibrary/CyComponentLibrary.cylib/ARM_GCC_441/Debug/CyComponentLibrary.a(CapSense_CSD_SmartSense_v2_10.o)
 .text.SMS_LIB_AutoTune2Ch
                0x00000000       0x7c C:/Program Files/Cypress/PSoC Creator/1.0/PSoC Creator/psoc/content/cycomponentlibrary/CyComponentLibrary.cylib/ARM_GCC_441/Debug/CyComponentLibrary.a(CapSense_CSD_SmartSense_v2_10.o)
 .data          0x00000000        0x0 c:/program files/cypress/psoc creator/1.0/psoc creator/import/gnu_cs/arm/4.4.1/bin/../lib/gcc/arm-none-eabi/4.4.1/../../../../arm-none-eabi/lib/thumb2\libc.a(lib_a-memcpy.o)
 .bss           0x00000000        0x0 c:/program files/cypress/psoc creator/1.0/psoc creator/import/gnu_cs/arm/4.4.1/bin/../lib/gcc/arm-none-eabi/4.4.1/../../../../arm-none-eabi/lib/thumb2\libc.a(lib_a-memcpy.o)
 .text          0x00000000        0x0 c:/program files/cypress/psoc creator/1.0/psoc creator/import/gnu_cs/arm/4.4.1/bin/../lib/gcc/arm-none-eabi/4.4.1/thumb2/crtend.o
 .data          0x00000000        0x0 c:/program files/cypress/psoc creator/1.0/psoc creator/import/gnu_cs/arm/4.4.1/bin/../lib/gcc/arm-none-eabi/4.4.1/thumb2/crtend.o
 .bss           0x00000000        0x0 c:/program files/cypress/psoc creator/1.0/psoc creator/import/gnu_cs/arm/4.4.1/bin/../lib/gcc/arm-none-eabi/4.4.1/thumb2/crtend.o
 .text          0x00000000        0x0 c:/program files/cypress/psoc creator/1.0/psoc creator/import/gnu_cs/arm/4.4.1/bin/../lib/gcc/arm-none-eabi/4.4.1/thumb2/crtn.o
 .data          0x00000000        0x0 c:/program files/cypress/psoc creator/1.0/psoc creator/import/gnu_cs/arm/4.4.1/bin/../lib/gcc/arm-none-eabi/4.4.1/thumb2/crtn.o
 .bss           0x00000000        0x0 c:/program files/cypress/psoc creator/1.0/psoc creator/import/gnu_cs/arm/4.4.1/bin/../lib/gcc/arm-none-eabi/4.4.1/thumb2/crtn.o
 .data          0x00000000        0x0 c:/program files/cypress/psoc creator/1.0/psoc creator/import/gnu_cs/arm/4.4.1/bin/../lib/gcc/arm-none-eabi/4.4.1/../../../../arm-none-eabi/lib/thumb2\libcs3.a(start_c.o)
 .bss           0x00000000        0x0 c:/program files/cypress/psoc creator/1.0/psoc creator/import/gnu_cs/arm/4.4.1/bin/../lib/gcc/arm-none-eabi/4.4.1/../../../../arm-none-eabi/lib/thumb2\libcs3.a(start_c.o)
 .text          0x00000000        0x0 c:/program files/cypress/psoc creator/1.0/psoc creator/import/gnu_cs/arm/4.4.1/bin/../lib/gcc/arm-none-eabi/4.4.1/../../../../arm-none-eabi/lib/thumb2\libcs3micro.a(micro-vector.o)
 .data          0x00000000        0x0 c:/program files/cypress/psoc creator/1.0/psoc creator/import/gnu_cs/arm/4.4.1/bin/../lib/gcc/arm-none-eabi/4.4.1/../../../../arm-none-eabi/lib/thumb2\libcs3micro.a(micro-vector.o)
 .bss           0x00000000        0x0 c:/program files/cypress/psoc creator/1.0/psoc creator/import/gnu_cs/arm/4.4.1/bin/../lib/gcc/arm-none-eabi/4.4.1/../../../../arm-none-eabi/lib/thumb2\libcs3micro.a(micro-vector.o)
 .data          0x00000000        0x0 c:/program files/cypress/psoc creator/1.0/psoc creator/import/gnu_cs/arm/4.4.1/bin/../lib/gcc/arm-none-eabi/4.4.1/../../../../arm-none-eabi/lib/thumb2\libcs3micro.a(micro_isr_interrupt.o)
 .bss           0x00000000        0x0 c:/program files/cypress/psoc creator/1.0/psoc creator/import/gnu_cs/arm/4.4.1/bin/../lib/gcc/arm-none-eabi/4.4.1/../../../../arm-none-eabi/lib/thumb2\libcs3micro.a(micro_isr_interrupt.o)
 .data          0x00000000        0x0 c:/program files/cypress/psoc creator/1.0/psoc creator/import/gnu_cs/arm/4.4.1/bin/../lib/gcc/arm-none-eabi/4.4.1/../../../../arm-none-eabi/lib/thumb2\libc.a(lib_a-init.o)
 .bss           0x00000000        0x0 c:/program files/cypress/psoc creator/1.0/psoc creator/import/gnu_cs/arm/4.4.1/bin/../lib/gcc/arm-none-eabi/4.4.1/../../../../arm-none-eabi/lib/thumb2\libc.a(lib_a-init.o)

Memory Configuration

Name             Origin             Length             Attributes
rom              0x00000000         0x00040000         xr
ram              0x1fff8000         0x00010000         xrw
*default*        0x00000000         0xffffffff

Linker script and memory map

LOAD c:/program files/cypress/psoc creator/1.0/psoc creator/import/gnu_cs/arm/4.4.1/bin/../lib/gcc/arm-none-eabi/4.4.1/thumb2/crti.o
LOAD c:/program files/cypress/psoc creator/1.0/psoc creator/import/gnu_cs/arm/4.4.1/bin/../lib/gcc/arm-none-eabi/4.4.1/thumb2/crtbegin.o
LOAD E:\ControllerKinect\capController\Transmitter\Transmitter.cydsn\ARM_GCC_441\Debug\main.o
LOAD E:\ControllerKinect\capController\Transmitter\Transmitter.cydsn\ARM_GCC_441\Debug\Cm3Start.o
LOAD ./ARM_GCC_441/Debug/Transmitter.a
LOAD C:/Program Files/Cypress/PSoC Creator/1.0/PSoC Creator/psoc/content/cycomponentlibrary/CyComponentLibrary.cylib/ARM_GCC_441/Debug/CyComponentLibrary.a
START GROUP
LOAD c:/program files/cypress/psoc creator/1.0/psoc creator/import/gnu_cs/arm/4.4.1/bin/../lib/gcc/arm-none-eabi/4.4.1/thumb2\libgcc.a
LOAD c:/program files/cypress/psoc creator/1.0/psoc creator/import/gnu_cs/arm/4.4.1/bin/../lib/gcc/arm-none-eabi/4.4.1/../../../../arm-none-eabi/lib/thumb2\libc.a
END GROUP
LOAD c:/program files/cypress/psoc creator/1.0/psoc creator/import/gnu_cs/arm/4.4.1/bin/../lib/gcc/arm-none-eabi/4.4.1/thumb2/crtend.o
LOAD c:/program files/cypress/psoc creator/1.0/psoc creator/import/gnu_cs/arm/4.4.1/bin/../lib/gcc/arm-none-eabi/4.4.1/thumb2/crtn.o
START GROUP
LOAD c:/program files/cypress/psoc creator/1.0/psoc creator/import/gnu_cs/arm/4.4.1/bin/../lib/gcc/arm-none-eabi/4.4.1/thumb2\libgcc.a
LOAD c:/program files/cypress/psoc creator/1.0/psoc creator/import/gnu_cs/arm/4.4.1/bin/../lib/gcc/arm-none-eabi/4.4.1/../../../../arm-none-eabi/lib/thumb2\libc.a
LOAD c:/program files/cypress/psoc creator/1.0/psoc creator/import/gnu_cs/arm/4.4.1/bin/../lib/gcc/arm-none-eabi/4.4.1/../../../../arm-none-eabi/lib/thumb2\libcs3.a
LOAD c:/program files/cypress/psoc creator/1.0/psoc creator/import/gnu_cs/arm/4.4.1/bin/../lib/gcc/arm-none-eabi/4.4.1/../../../../arm-none-eabi/lib/thumb2\libcs3unhosted.a
LOAD c:/program files/cypress/psoc creator/1.0/psoc creator/import/gnu_cs/arm/4.4.1/bin/../lib/gcc/arm-none-eabi/4.4.1/../../../../arm-none-eabi/lib/thumb2\libcs3micro.a
END GROUP
                0x1fff8238                PROVIDE (__cs3_heap_start, _end)
                0x00000001                PROVIDE (__cs3_region_num, ((__cs3_regions_end - __cs3_regions) / 0x14))
                0x20008000                PROVIDE (__cs3_stack, 0x20008000)
                0x20004000                PROVIDE (__cs3_heap_end, (__cs3_stack - 0x4000))

.text           0x00000000     0x3670
 CREATE_OBJECT_SYMBOLS
                0x00000000                __cs3_interrupt_vector = __cs3_interrupt_vector_micro
 *(.cs3.interrupt_vector)
 .cs3.interrupt_vector
                0x00000000       0xc0 c:/program files/cypress/psoc creator/1.0/psoc creator/import/gnu_cs/arm/4.4.1/bin/../lib/gcc/arm-none-eabi/4.4.1/../../../../arm-none-eabi/lib/thumb2\libcs3micro.a(micro-vector.o)
                0x00000000                __cs3_interrupt_vector_micro
                0x00000001                ASSERT ((. != __cs3_interrupt_vector_micro), No interrupt vector)
                0x00000810                PROVIDE (__cs3_reset, Reset)
 *(.cs3.reset)
                0x00000001                ASSERT ((. != __cs3_reset), No reset code)
 *(.dma_init)
 .dma_init      0x000000c0      0x250 ./ARM_GCC_441/Debug/Transmitter.a(cyfitter_cfg.o)
                0x00000001                ASSERT (((0x0 + .) <= 0x10000), DMA Init must be within the first 64k of flash)
 *(.text.cs3.init)
 .text.cs3.init
                0x00000310       0x5c c:/program files/cypress/psoc creator/1.0/psoc creator/import/gnu_cs/arm/4.4.1/bin/../lib/gcc/arm-none-eabi/4.4.1/../../../../arm-none-eabi/lib/thumb2\libcs3.a(start_c.o)
                0x00000310                __cs3_start_c
 *(.text .text.* .gnu.linkonce.t.*)
 .text          0x0000036c       0x30 c:/program files/cypress/psoc creator/1.0/psoc creator/import/gnu_cs/arm/4.4.1/bin/../lib/gcc/arm-none-eabi/4.4.1/thumb2/crtbegin.o
 .text.main     0x0000039c      0x318 E:\ControllerKinect\capController\Transmitter\Transmitter.cydsn\ARM_GCC_441\Debug\main.o
                0x0000039c                main
 .text.radioInit
                0x000006b4       0x8c E:\ControllerKinect\capController\Transmitter\Transmitter.cydsn\ARM_GCC_441\Debug\main.o
                0x000006b4                radioInit
 .text.radioWrite
                0x00000740       0x44 E:\ControllerKinect\capController\Transmitter\Transmitter.cydsn\ARM_GCC_441\Debug\main.o
                0x00000740                radioWrite
 .text.radioRead
                0x00000784       0x8c E:\ControllerKinect\capController\Transmitter\Transmitter.cydsn\ARM_GCC_441\Debug\main.o
                0x00000784                radioRead
 .text.Reset    0x00000810       0x30 E:\ControllerKinect\capController\Transmitter\Transmitter.cydsn\ARM_GCC_441\Debug\Cm3Start.o
                0x00000810                Reset
 .text.initialize_psoc
                0x00000840       0xa0 E:\ControllerKinect\capController\Transmitter\Transmitter.cydsn\ARM_GCC_441\Debug\Cm3Start.o
                0x00000840                initialize_psoc
 .text.CapSense_Init
                0x000008e0      0x194 ./ARM_GCC_441/Debug/Transmitter.a(CapSense.o)
                0x000008e0                CapSense_Init
 .text.CapSense_Enable
                0x00000a74       0xc4 ./ARM_GCC_441/Debug/Transmitter.a(CapSense.o)
                0x00000a74                CapSense_Enable
 .text.CapSense_Start
                0x00000b38       0x3c ./ARM_GCC_441/Debug/Transmitter.a(CapSense.o)
                0x00000b38                CapSense_Start
 .text.CapSense_FindNextSensor
                0x00000b74       0x5c ./ARM_GCC_441/Debug/Transmitter.a(CapSense.o)
                0x00000b74                CapSense_FindNextSensor
 .text.CapSense_SetScanSlotSettings
                0x00000bd0       0x48 ./ARM_GCC_441/Debug/Transmitter.a(CapSense.o)
                0x00000bd0                CapSense_SetScanSlotSettings
 .text.CapSense_ScanSensor
                0x00000c18       0x44 ./ARM_GCC_441/Debug/Transmitter.a(CapSense.o)
                0x00000c18                CapSense_ScanSensor
 .text.CapSense_ScanEnabledWidgets
                0x00000c5c       0x80 ./ARM_GCC_441/Debug/Transmitter.a(CapSense.o)
                0x00000c5c                CapSense_ScanEnabledWidgets
 .text.CapSense_IsBusy
                0x00000cdc       0x2c ./ARM_GCC_441/Debug/Transmitter.a(CapSense.o)
                0x00000cdc                CapSense_IsBusy
 .text.CapSense_ClearSensors
                0x00000d08       0x2c ./ARM_GCC_441/Debug/Transmitter.a(CapSense.o)
                0x00000d08                CapSense_ClearSensors
 .text.CapSense_EnableSensor
                0x00000d34       0x74 ./ARM_GCC_441/Debug/Transmitter.a(CapSense.o)
                0x00000d34                CapSense_EnableSensor
 .text.CapSense_DisableSensor
                0x00000da8       0x7c ./ARM_GCC_441/Debug/Transmitter.a(CapSense.o)
                0x00000da8                CapSense_DisableSensor
 .text.CapSense_PreScan
                0x00000e24       0x74 ./ARM_GCC_441/Debug/Transmitter.a(CapSense.o)
                0x00000e24                CapSense_PreScan
 .text.CapSense_PostScan
                0x00000e98       0xc8 ./ARM_GCC_441/Debug/Transmitter.a(CapSense.o)
                0x00000e98                CapSense_PostScan
 .text.CapSense_IdacCH0_Init
                0x00000f60       0x34 ./ARM_GCC_441/Debug/Transmitter.a(CapSense.o)
                0x00000f60                CapSense_IdacCH0_Init
 .text.CapSense_IdacCH0_Enable
                0x00000f94       0x60 ./ARM_GCC_441/Debug/Transmitter.a(CapSense.o)
                0x00000f94                CapSense_IdacCH0_Enable
 .text.CapSense_IdacCH0_SetValue
                0x00000ff4       0x2c ./ARM_GCC_441/Debug/Transmitter.a(CapSense.o)
                0x00000ff4                CapSense_IdacCH0_SetValue
 .text.CapSense_IdacCH0_DacTrim
                0x00001020       0x5c ./ARM_GCC_441/Debug/Transmitter.a(CapSense.o)
                0x00001020                CapSense_IdacCH0_DacTrim
 .text.CapSense_IdacCH0_SetRange
                0x0000107c       0x54 ./ARM_GCC_441/Debug/Transmitter.a(CapSense.o)
                0x0000107c                CapSense_IdacCH0_SetRange
 .text.CapSense_SetPrescaler
                0x000010d0       0x34 ./ARM_GCC_441/Debug/Transmitter.a(CapSense.o)
                0x000010d0                CapSense_SetPrescaler
 .text.CapSense_BaseInit
                0x00001104       0x9c ./ARM_GCC_441/Debug/Transmitter.a(CapSense_CSHL.o)
                0x00001104                CapSense_BaseInit
 .text.CapSense_InitializeSensorBaseline
                0x000011a0       0x2c ./ARM_GCC_441/Debug/Transmitter.a(CapSense_CSHL.o)
                0x000011a0                CapSense_InitializeSensorBaseline
 .text.CapSense_InitializeAllBaselines
                0x000011cc       0x2c ./ARM_GCC_441/Debug/Transmitter.a(CapSense_CSHL.o)
                0x000011cc                CapSense_InitializeAllBaselines
 .text.CapSense_UpdateSensorBaseline
                0x000011f8      0x1a8 ./ARM_GCC_441/Debug/Transmitter.a(CapSense_CSHL.o)
                0x000011f8                CapSense_UpdateSensorBaseline
 .text.CapSense_UpdateEnabledBaselines
                0x000013a0       0x5c ./ARM_GCC_441/Debug/Transmitter.a(CapSense_CSHL.o)
                0x000013a0                CapSense_UpdateEnabledBaselines
 .text.CapSense_CheckIsSensorActive
                0x000013fc      0x194 ./ARM_GCC_441/Debug/Transmitter.a(CapSense_CSHL.o)
                0x000013fc                CapSense_CheckIsSensorActive
 .text.CapSense_CheckIsWidgetActive
                0x00001590       0x60 ./ARM_GCC_441/Debug/Transmitter.a(CapSense_CSHL.o)
                0x00001590                CapSense_CheckIsWidgetActive
 .text.CapSense_FindMaximum
                0x000015f0       0x7c ./ARM_GCC_441/Debug/Transmitter.a(CapSense_CSHL.o)
                0x000015f0                CapSense_FindMaximum
 .text.CapSense_CalcCentroid
                0x0000166c      0x1e4 ./ARM_GCC_441/Debug/Transmitter.a(CapSense_CSHL.o)
                0x0000166c                CapSense_CalcCentroid
 .text.CapSense_GetCentroidPos
                0x00001850      0x148 ./ARM_GCC_441/Debug/Transmitter.a(CapSense_CSHL.o)
                0x00001850                CapSense_GetCentroidPos
 .text.CapSense_IIR4Filter
                0x00001998       0x3c ./ARM_GCC_441/Debug/Transmitter.a(CapSense_CSHL.o)
                0x00001998                CapSense_IIR4Filter
 .text.CapSense_IsrCH0_ISR
                0x000019d4       0xa8 ./ARM_GCC_441/Debug/Transmitter.a(CapSense_INT.o)
                0x000019d4                CapSense_IsrCH0_ISR
 .text.SMS_LIB_ScanSensor
                0x00001a7c       0x1c ./ARM_GCC_441/Debug/Transmitter.a(CapSense_SMS_Wrapper.o)
                0x00001a7c                SMS_LIB_ScanSensor
 .text.SMS_LIB_IsBusy
                0x00001a98       0x10 ./ARM_GCC_441/Debug/Transmitter.a(CapSense_SMS_Wrapper.o)
                0x00001a98                SMS_LIB_IsBusy
 .text.SMS_LIB_SetPrescaler
                0x00001aa8       0x1c ./ARM_GCC_441/Debug/Transmitter.a(CapSense_SMS_Wrapper.o)
                0x00001aa8                SMS_LIB_SetPrescaler
 .text.CapSense_CalculateThresholds
                0x00001ac4       0x1c ./ARM_GCC_441/Debug/Transmitter.a(CapSense_SMS_Wrapper.o)
                0x00001ac4                CapSense_CalculateThresholds
 .text.CapSense_AutoTune
                0x00001ae0        0xc ./ARM_GCC_441/Debug/Transmitter.a(CapSense_SMS_Wrapper.o)
                0x00001ae0                CapSense_AutoTune
 .text.CapSense_AMuxCH0_Init
                0x00001aec        0xc ./ARM_GCC_441/Debug/Transmitter.a(CapSense_AMuxCH0.o)
                0x00001aec                CapSense_AMuxCH0_Init
 .text.CapSense_AMuxCH0_DisconnectAll
                0x00001af8       0x2c ./ARM_GCC_441/Debug/Transmitter.a(CapSense_AMuxCH0.o)
                0x00001af8                CapSense_AMuxCH0_DisconnectAll
 .text.CapSense_CompCH0_Init
                0x00001b24       0x7c ./ARM_GCC_441/Debug/Transmitter.a(CapSense_CompCH0.o)
                0x00001b24                CapSense_CompCH0_Init
 .text.CapSense_CompCH0_Enable
                0x00001ba0       0x44 ./ARM_GCC_441/Debug/Transmitter.a(CapSense_CompCH0.o)
                0x00001ba0                CapSense_CompCH0_Enable
 .text.CapSense_CompCH0_SetSpeed
                0x00001be4       0x3c ./ARM_GCC_441/Debug/Transmitter.a(CapSense_CompCH0.o)
                0x00001be4                CapSense_CompCH0_SetSpeed
 .text.CapSense_IntClock_Start
                0x00001c20       0x28 ./ARM_GCC_441/Debug/Transmitter.a(CapSense_IntClock.o)
                0x00001c20                CapSense_IntClock_Start
 *fill*         0x00001c48       0xb8 00
 .text          0x00001d00      0x100 ./ARM_GCC_441/Debug/Transmitter.a(CyBootAsmGnu.o)
                0x00001d00                CyDelayCycles
                0x00001d10                CyEnterCriticalSection
                0x00001d18                CyExitCriticalSection
 .text.CyDmacConfigure
                0x00001e00       0x70 ./ARM_GCC_441/Debug/Transmitter.a(CyDmac.o)
                0x00001e00                CyDmacConfigure
 .text.CyHalt   0x00001e70       0x18 ./ARM_GCC_441/Debug/Transmitter.a(CyLib.o)
                0x00001e70                CyHalt
 .text.CyDelay  0x00001e88       0x48 ./ARM_GCC_441/Debug/Transmitter.a(CyLib.o)
                0x00001e88                CyDelay
 .text.CyDelayUs
                0x00001ed0       0x28 ./ARM_GCC_441/Debug/Transmitter.a(CyLib.o)
                0x00001ed0                CyDelayUs
 .text.CyIntSetVector
                0x00001ef8       0x4c ./ARM_GCC_441/Debug/Transmitter.a(CyLib.o)
                0x00001ef8                CyIntSetVector
 .text.CyIntSetPriority
                0x00001f44       0x58 ./ARM_GCC_441/Debug/Transmitter.a(CyLib.o)
                0x00001f44                CyIntSetPriority
 .text.CyIntEnable
                0x00001f9c       0x34 ./ARM_GCC_441/Debug/Transmitter.a(CyLib.o)
                0x00001f9c                CyIntEnable
 .text.CyIntDisable
                0x00001fd0       0x34 ./ARM_GCC_441/Debug/Transmitter.a(CyLib.o)
                0x00001fd0                CyIntDisable
 .text.LCD_Init
                0x00002004       0x90 ./ARM_GCC_441/Debug/Transmitter.a(LCD.o)
                0x00002004                LCD_Init
 .text.LCD_Enable
                0x00002094       0x1c ./ARM_GCC_441/Debug/Transmitter.a(LCD.o)
                0x00002094                LCD_Enable
 .text.LCD_Start
                0x000020b0       0x2c ./ARM_GCC_441/Debug/Transmitter.a(LCD.o)
                0x000020b0                LCD_Start
 .text.LCD_Position
                0x000020dc       0x74 ./ARM_GCC_441/Debug/Transmitter.a(LCD.o)
                0x000020dc                LCD_Position
 .text.LCD_PrintString
                0x00002150       0x40 ./ARM_GCC_441/Debug/Transmitter.a(LCD.o)
                0x00002150                LCD_PrintString
 .text.LCD_PutChar
                0x00002190       0x1c ./ARM_GCC_441/Debug/Transmitter.a(LCD.o)
                0x00002190                LCD_PutChar
 .text.LCD_WriteData
                0x000021ac       0x38 ./ARM_GCC_441/Debug/Transmitter.a(LCD.o)
                0x000021ac                LCD_WriteData
 .text.LCD_WriteControl
                0x000021e4       0x40 ./ARM_GCC_441/Debug/Transmitter.a(LCD.o)
                0x000021e4                LCD_WriteControl
 .text.LCD_IsReady
                0x00002224      0x1fc ./ARM_GCC_441/Debug/Transmitter.a(LCD.o)
                0x00002224                LCD_IsReady
 .text.LCD_WrDatNib
                0x00002420       0xac ./ARM_GCC_441/Debug/Transmitter.a(LCD.o)
                0x00002420                LCD_WrDatNib
 .text.LCD_WrCntrlNib
                0x000024cc       0x8c ./ARM_GCC_441/Debug/Transmitter.a(LCD.o)
                0x000024cc                LCD_WrCntrlNib
 .text.LCD_PrintHexUint8
                0x00002558       0x44 ./ARM_GCC_441/Debug/Transmitter.a(LCD.o)
                0x00002558                LCD_PrintHexUint8
 .text.LCD_PrintDecUint16
                0x0000259c      0x108 ./ARM_GCC_441/Debug/Transmitter.a(LCD.o)
                0x0000259c                LCD_PrintDecUint16
 .text.SPIM_Init
                0x000026a4       0x3c ./ARM_GCC_441/Debug/Transmitter.a(SPIM.o)
                0x000026a4                SPIM_Init
 .text.SPIM_Enable
                0x000026e0       0x78 ./ARM_GCC_441/Debug/Transmitter.a(SPIM.o)
                0x000026e0                SPIM_Enable
 .text.SPIM_Start
                0x00002758       0x2c ./ARM_GCC_441/Debug/Transmitter.a(SPIM.o)
                0x00002758                SPIM_Start
 .text.SPIM_ReadTxStatus
                0x00002784       0x28 ./ARM_GCC_441/Debug/Transmitter.a(SPIM.o)
                0x00002784                SPIM_ReadTxStatus
 .text.SPIM_ReadRxStatus
                0x000027ac       0x28 ./ARM_GCC_441/Debug/Transmitter.a(SPIM.o)
                0x000027ac                SPIM_ReadRxStatus
 .text.SPIM_WriteTxData
                0x000027d4       0x34 ./ARM_GCC_441/Debug/Transmitter.a(SPIM.o)
                0x000027d4                SPIM_WriteTxData
 .text.SPIM_ReadRxData
                0x00002808       0x28 ./ARM_GCC_441/Debug/Transmitter.a(SPIM.o)
                0x00002808                SPIM_ReadRxData
 .text.SPIM_ClearRxBuffer
                0x00002830       0x2c ./ARM_GCC_441/Debug/Transmitter.a(SPIM.o)
                0x00002830                SPIM_ClearRxBuffer
 .text.SPIM_ClearTxBuffer
                0x0000285c       0x5c ./ARM_GCC_441/Debug/Transmitter.a(SPIM.o)
                0x0000285c                SPIM_ClearTxBuffer
 .text.SPIM_ClearFIFO
                0x000028b8       0x7c ./ARM_GCC_441/Debug/Transmitter.a(SPIM.o)
                0x000028b8                SPIM_ClearFIFO
 .text.cymemzero8
                0x00002934       0x44 ./ARM_GCC_441/Debug/Transmitter.a(cyfitter_cfg.o)
 .text.cymemcpy8
                0x00002978       0x50 ./ARM_GCC_441/Debug/Transmitter.a(cyfitter_cfg.o)
 .text.cfg_dma_init
                0x000029c8      0x208 ./ARM_GCC_441/Debug/Transmitter.a(cyfitter_cfg.o)
 .text.ClockSetup
                0x00002bd0      0x170 ./ARM_GCC_441/Debug/Transmitter.a(cyfitter_cfg.o)
 .text.AnalogSetDefault
                0x00002d40       0x50 ./ARM_GCC_441/Debug/Transmitter.a(cyfitter_cfg.o)
                0x00002d40                AnalogSetDefault
 .text.CapSense_AMuxCH0_Set
                0x00002d90       0x50 ./ARM_GCC_441/Debug/Transmitter.a(cyfitter_cfg.o)
                0x00002d90                CapSense_AMuxCH0_Set
 .text.CapSense_AMuxCH0_Unset
                0x00002de0       0x5c ./ARM_GCC_441/Debug/Transmitter.a(cyfitter_cfg.o)
                0x00002de0                CapSense_AMuxCH0_Unset
 .text.cyfitter_cfg
                0x00002e3c      0x24c ./ARM_GCC_441/Debug/Transmitter.a(cyfitter_cfg.o)
                0x00002e3c                cyfitter_cfg
 .text.CySetReg24
                0x00003088       0x4c ./ARM_GCC_441/Debug/Transmitter.a(cyutils.o)
                0x00003088                CySetReg24
 .text.SMS_LIB_MeasureNoiseEnvelope
                0x000030d4       0xa4 C:/Program Files/Cypress/PSoC Creator/1.0/PSoC Creator/psoc/content/cycomponentlibrary/CyComponentLibrary.cylib/ARM_GCC_441/Debug/CyComponentLibrary.a(CapSense_CSD_SmartSense_v2_10.o)
                0x000030d4                SMS_LIB_MeasureNoiseEnvelope
 .text.SMS_LIB_CalculateThresholds
                0x00003178       0xcc C:/Program Files/Cypress/PSoC Creator/1.0/PSoC Creator/psoc/content/cycomponentlibrary/CyComponentLibrary.cylib/ARM_GCC_441/Debug/CyComponentLibrary.a(CapSense_CSD_SmartSense_v2_10.o)
                0x00003178                SMS_LIB_CalculateThresholds
 .text.SMS_LIB_Sensors2WidgetResolutionTransform
                0x00003244       0xa8 C:/Program Files/Cypress/PSoC Creator/1.0/PSoC Creator/psoc/content/cycomponentlibrary/CyComponentLibrary.cylib/ARM_GCC_441/Debug/CyComponentLibrary.a(CapSense_CSD_SmartSense_v2_10.o)
                0x00003244                SMS_LIB_Sensors2WidgetResolutionTransform
 .text.SMS_LIB_CallibrateSensor1Ch
                0x000032ec       0x80 C:/Program Files/Cypress/PSoC Creator/1.0/PSoC Creator/psoc/content/cycomponentlibrary/CyComponentLibrary.cylib/ARM_GCC_441/Debug/CyComponentLibrary.a(CapSense_CSD_SmartSense_v2_10.o)
                0x000032ec                SMS_LIB_CallibrateSensor1Ch
 .text.SMS_LIB_AutoTuneSensor1Ch
                0x0000336c       0x74 C:/Program Files/Cypress/PSoC Creator/1.0/PSoC Creator/psoc/content/cycomponentlibrary/CyComponentLibrary.cylib/ARM_GCC_441/Debug/CyComponentLibrary.a(CapSense_CSD_SmartSense_v2_10.o)
                0x0000336c                SMS_LIB_AutoTuneSensor1Ch
 .text.SMS_LIB_AutoTune1Ch
                0x000033e0       0x7c C:/Program Files/Cypress/PSoC Creator/1.0/PSoC Creator/psoc/content/cycomponentlibrary/CyComponentLibrary.cylib/ARM_GCC_441/Debug/CyComponentLibrary.a(CapSense_CSD_SmartSense_v2_10.o)
                0x000033e0                SMS_LIB_AutoTune1Ch
 .text          0x0000345c      0x190 c:/program files/cypress/psoc creator/1.0/psoc creator/import/gnu_cs/arm/4.4.1/bin/../lib/gcc/arm-none-eabi/4.4.1/../../../../arm-none-eabi/lib/thumb2\libc.a(lib_a-memcpy.o)
                0x0000345c                memcpy
 .text          0x000035ec       0x30 c:/program files/cypress/psoc creator/1.0/psoc creator/import/gnu_cs/arm/4.4.1/bin/../lib/gcc/arm-none-eabi/4.4.1/../../../../arm-none-eabi/lib/thumb2\libcs3.a(start_c.o)
                0x000035ec                __cs3_premain
 .text          0x0000361c        0x2 c:/program files/cypress/psoc creator/1.0/psoc creator/import/gnu_cs/arm/4.4.1/bin/../lib/gcc/arm-none-eabi/4.4.1/../../../../arm-none-eabi/lib/thumb2\libcs3micro.a(micro_isr_interrupt.o)
                0x0000361c                __cs3_isr_external_24
                0x0000361c                __cs3_isr_external_9
                0x0000361c                __cs3_isr_external_14
                0x0000361c                __cs3_isr_reserved_9
                0x0000361c                __cs3_isr_external_4
                0x0000361c                __cs3_isr_external_21
                0x0000361c                __cs3_isr_external_0
                0x0000361c                __cs3_isr_external_27
                0x0000361c                __cs3_isr_external_11
                0x0000361c                __cs3_isr_usage_fault
                0x0000361c                __cs3_isr_svcall
                0x0000361c                __cs3_isr_external_3
                0x0000361c                __cs3_isr_mpu_fault
                0x0000361c                __cs3_isr_external_16
                0x0000361c                __cs3_isr_pendsv
                0x0000361c                __cs3_isr_external_31
                0x0000361c                __cs3_isr_nmi
                0x0000361c                __cs3_isr_external_5
                0x0000361c                __cs3_isr_external_6
                0x0000361c                __cs3_isr_external_12
                0x0000361c                __cs3_isr_hard_fault
                0x0000361c                __cs3_isr_bus_fault
                0x0000361c                __cs3_isr_external_1
                0x0000361c                __cs3_isr_external_13
                0x0000361c                __cs3_isr_external_30
                0x0000361c                __cs3_isr_external_23
                0x0000361c                __cs3_isr_external_20
                0x0000361c                __cs3_isr_debug
                0x0000361c                __cs3_isr_reserved_13
                0x0000361c                __cs3_isr_external_8
                0x0000361c                __cs3_isr_external_26
                0x0000361c                __cs3_isr_reserved_8
                0x0000361c                __cs3_isr_reserved_7
                0x0000361c                __cs3_isr_external_7
                0x0000361c                __cs3_isr_external_28
                0x0000361c                __cs3_isr_systick
                0x0000361c                __cs3_isr_external_22
                0x0000361c                __cs3_isr_external_10
                0x0000361c                __cs3_isr_external_15
                0x0000361c                __cs3_isr_interrupt
                0x0000361c                __cs3_isr_external_18
                0x0000361c                __cs3_isr_external_29
                0x0000361c                __cs3_isr_external_25
                0x0000361c                __cs3_isr_reserved_10
                0x0000361c                __cs3_isr_external_2
                0x0000361c                __cs3_isr_external_17
                0x0000361c                __cs3_isr_external_19
 *fill*         0x0000361e        0x2 00
 .text          0x00003620       0x50 c:/program files/cypress/psoc creator/1.0/psoc creator/import/gnu_cs/arm/4.4.1/bin/../lib/gcc/arm-none-eabi/4.4.1/../../../../arm-none-eabi/lib/thumb2\libc.a(lib_a-init.o)
                0x00003620                __libc_init_array
 *(.plt)
 *(.gnu.warning)
 *(.glue_7t)
 .glue_7t       0x00000000        0x0 linker stubs
 *(.glue_7)
 .glue_7        0x00000000        0x0 linker stubs
 *(.vfp11_veneer)
 .vfp11_veneer  0x00000000        0x0 linker stubs
 *(.bootloader)
 *(.ARM.extab* .gnu.linkonce.armextab.*)
 *(.gcc_except_table)

.v4_bx          0x00003670        0x0
 .v4_bx         0x00000000        0x0 linker stubs

.eh_frame_hdr
 *(.eh_frame_hdr)

.eh_frame
 *(.eh_frame)
                0x00003670                PROVIDE (__exidx_start, .)

.ARM.exidx
 *(.ARM.exidx* .gnu.linkonce.armexidx.*)
                0x00003670                __exidx_end = .

.rodata         0x00003670      0x230
 *(.rodata .rodata.* .gnu.linkonce.r.*)
 .rodata        0x00003670       0x20 E:\ControllerKinect\capController\Transmitter\Transmitter.cydsn\ARM_GCC_441\Debug\main.o
 .rodata        0x00003690       0x54 ./ARM_GCC_441/Debug/Transmitter.a(CapSense.o)
                0x00003690                CapSense_pcTable
                0x000036ac                CapSense_portTable
                0x000036b4                CapSense_maskTable
                0x000036bc                CapSense_csTable
                0x000036dc                CapSense_widgetNumber
 .rodata        0x000036e4       0x10 ./ARM_GCC_441/Debug/Transmitter.a(CapSense_CSHL.o)
                0x000036e4                CapSense_rawDataIndex
                0x000036e8                CapSense_numberOfSensors
                0x000036ec                CapSense_centroidMult
                0x000036f0                CapSense_posFiltersMask
 .rodata        0x000036f4       0x18 ./ARM_GCC_441/Debug/Transmitter.a(CapSense_SMS_Wrapper.o)
                0x000036f4                SMS_LIB_SensorSensitivity
                0x000036fc                SMS_LIB_PrescalerTbl
 .rodata        0x0000370c       0x10 ./ARM_GCC_441/Debug/Transmitter.a(LCD.o)
                0x0000370c                LCD_hex
 .rodata        0x0000371c      0x148 ./ARM_GCC_441/Debug/Transmitter.a(cyfitter_cfg.o)
                0x00003830                CapSense_AMuxCH0__addrTable
                0x00003858                CapSense_AMuxCH0__maskTable
                0x00003864                . = ALIGN (0x4)
 *(.init)
 .init          0x00003864        0x4 c:/program files/cypress/psoc creator/1.0/psoc creator/import/gnu_cs/arm/4.4.1/bin/../lib/gcc/arm-none-eabi/4.4.1/thumb2/crti.o
                0x00003864                _init
 .init          0x00003868        0x8 c:/program files/cypress/psoc creator/1.0/psoc creator/import/gnu_cs/arm/4.4.1/bin/../lib/gcc/arm-none-eabi/4.4.1/thumb2/crtn.o
                0x00003870                . = ALIGN (0x4)
                0x00003870                __preinit_array_start = .
 *(.preinit_array)
                0x00003870                __preinit_array_end = .
                0x00003870                . = ALIGN (0x4)
                0x00003870                __init_array_start = .
 *(SORT(.init_array.*))
 *(.init_array)
 .init_array    0x00003870        0x4 c:/program files/cypress/psoc creator/1.0/psoc creator/import/gnu_cs/arm/4.4.1/bin/../lib/gcc/arm-none-eabi/4.4.1/thumb2/crtbegin.o
 .init_array    0x00003874        0x4 E:\ControllerKinect\capController\Transmitter\Transmitter.cydsn\ARM_GCC_441\Debug\Cm3Start.o
                0x00003878                __init_array_end = .
                0x00003878                . = ALIGN (0x4)
 *(.fini)
 .fini          0x00003878        0x4 c:/program files/cypress/psoc creator/1.0/psoc creator/import/gnu_cs/arm/4.4.1/bin/../lib/gcc/arm-none-eabi/4.4.1/thumb2/crti.o
                0x00003878                _fini
 .fini          0x0000387c        0x8 c:/program files/cypress/psoc creator/1.0/psoc creator/import/gnu_cs/arm/4.4.1/bin/../lib/gcc/arm-none-eabi/4.4.1/thumb2/crtn.o
                0x00003884                . = ALIGN (0x4)
                0x00003884                __fini_array_start = .
 *(.fini_array)
 .fini_array    0x00003884        0x4 c:/program files/cypress/psoc creator/1.0/psoc creator/import/gnu_cs/arm/4.4.1/bin/../lib/gcc/arm-none-eabi/4.4.1/thumb2/crtbegin.o
 *(SORT(.fini_array.*))
                0x00003888                __fini_array_end = .
                0x00003888                . = ALIGN (0x4)
 *crtbegin.o(.ctors)
 *(EXCLUDE_FILE(*crtend.o) .ctors)
 *(SORT(.ctors.*))
 *crtend.o(.ctors)
                0x00003888                . = ALIGN (0x4)
 *crtbegin.o(.dtors)
 *(EXCLUDE_FILE(*crtend.o) .dtors)
 *(SORT(.dtors.*))
 *crtend.o(.dtors)
                0x00003888                . = ALIGN (0x4)
                0x00003888                __cs3_regions = .
                0x00003888        0x4 LONG 0x0
                0x0000388c        0x4 LONG 0x38a0 __cs3_region_init_ram
                0x00003890        0x4 LONG 0x1fff8000 __cs3_region_start_ram
                0x00003894        0x4 LONG 0x168 __cs3_region_init_size_ram
                0x00003898        0x4 LONG 0xd0 __cs3_region_zero_size_ram
                0x0000389c                __cs3_regions_end = .
                0x000038a0                . = ALIGN (0x8)
 *fill*         0x0000389c        0x4 00
                0x000038a0                _etext = .

.data           0x1fff8000      0x168 load address 0x000038a0
                0x1fff8000                __cs3_region_start_ram = .
 *(.cs3.region-head.ram)
                0x1fff8001                ASSERT ((. == __cs3_region_start_ram), .cs3.region-head.ram not permitted)
 *(.ramvectors)
 .ramvectors    0x1fff8000      0x100 E:\ControllerKinect\capController\Transmitter\Transmitter.cydsn\ARM_GCC_441\Debug\Cm3Start.o
                0x1fff8000                CyRamVectors
 *(.jcr)
 .jcr           0x1fff8100        0x0 c:/program files/cypress/psoc creator/1.0/psoc creator/import/gnu_cs/arm/4.4.1/bin/../lib/gcc/arm-none-eabi/4.4.1/thumb2/crtbegin.o
 .jcr           0x1fff8100        0x4 c:/program files/cypress/psoc creator/1.0/psoc creator/import/gnu_cs/arm/4.4.1/bin/../lib/gcc/arm-none-eabi/4.4.1/thumb2/crtend.o
 *(.got.plt)
 *(.got)
 *(.shdata)
 *(.data .data.* .gnu.linkonce.d.*)
 .data          0x1fff8104       0x10 ./ARM_GCC_441/Debug/Transmitter.a(CapSense.o)
                0x1fff8104                CapSense_SensorEnableMask
                0x1fff8108                CapSense_idacSettings
                0x1fff8110                CapSense_widgetResolution
 .data          0x1fff8114       0x14 ./ARM_GCC_441/Debug/Transmitter.a(CapSense_CSHL.o)
                0x1fff8114                CapSense_fingerThreshold
                0x1fff8118                CapSense_noiseThreshold
                0x1fff811c                CapSense_hysteresis
                0x1fff8120                CapSense_debounce
                0x1fff8124                CapSense_posFiltersData
 .data          0x1fff8128       0x2c ./ARM_GCC_441/Debug/Transmitter.a(CapSense_SMS_Wrapper.o)
                0x1fff8128                SMS_LIB_noiseThreshold
                0x1fff812c                SMS_LIB_hysteresis
                0x1fff8130                SMS_LIB_widgetResolution
                0x1fff8134                SMS_LIB_widgetNumber
                0x1fff8138                SMS_LIB_numberOfSensors
                0x1fff813c                SMS_LIB_fingerThreshold
                0x1fff8140                SMS_LIB_idacSettings
                0x1fff8144                SMS_LIB_SensorRaw
                0x1fff8148                SMS_LIB_SensorBaseline
                0x1fff814c                SMS_LIB_Var1
                0x1fff814e                SMS_LIB_Var2
                0x1fff8150                SMS_LIB_TotalSnsCnt
                0x1fff8151                SMS_LIB_TotalScanSlCnt
                0x1fff8152                SMS_LIB_EndOfWidgInd
 .data          0x1fff8154       0x10 ./ARM_GCC_441/Debug/Transmitter.a(CyLib.o)
                0x1fff8154                cydelay_freq_hz
                0x1fff8158                cydelay_freq_khz
                0x1fff815c                cydelay_freq_mhz
                0x1fff8160                cydelay_32k_ms
                0x1fff8168                . = ALIGN (0x8)
 *fill*         0x1fff8164        0x4 00
 *(.ram)
                0x1fff8168                _edata = .

.bss            0x1fff8168       0xd0 load address 0x00003a08
 *(.shbss)
 *(.bss .bss.* .gnu.linkonce.b.*)
 .bss           0x1fff8168        0x1 c:/program files/cypress/psoc creator/1.0/psoc creator/import/gnu_cs/arm/4.4.1/bin/../lib/gcc/arm-none-eabi/4.4.1/thumb2/crtbegin.o
 *fill*         0x1fff8169        0x1 00
 .bss           0x1fff816a        0xc E:\ControllerKinect\capController\Transmitter\Transmitter.cydsn\ARM_GCC_441\Debug\main.o
                0x1fff816a                xyz
                0x1fff816c                red
                0x1fff816e                green
                0x1fff8170                blue
                0x1fff8172                active
                0x1fff8174                newData
 *fill*         0x1fff8176        0x2 00
 .bss           0x1fff8178       0x14 ./ARM_GCC_441/Debug/Transmitter.a(CapSense.o)
                0x1fff8178                CapSense_lowLevelTuningDone
                0x1fff8179                CapSense_initVar
                0x1fff817a                CapSense_csv
                0x1fff817b                CapSense_sensorIndex
                0x1fff817c                CapSense_SensorRaw
 .bss           0x1fff818c       0x2c ./ARM_GCC_441/Debug/Transmitter.a(CapSense_CSHL.o)
                0x1fff818c                CapSense_SensorBaseline
                0x1fff819c                CapSense_SensorBaselineLow
                0x1fff81a4                CapSense_SensorSignal
                0x1fff81ac                CapSense_SensorOnMask
                0x1fff81b4                CapSense_debounceCounter
 .bss           0x1fff81b8        0x8 ./ARM_GCC_441/Debug/Transmitter.a(CyDmac.o)
 .bss           0x1fff81c0        0x2 ./ARM_GCC_441/Debug/Transmitter.a(LCD.o)
                0x1fff81c0                LCD_enableState
                0x1fff81c1                LCD_initVar
 .bss           0x1fff81c2        0x1 ./ARM_GCC_441/Debug/Transmitter.a(SPIM.o)
                0x1fff81c2                SPIM_initVar
 *fill*         0x1fff81c3        0x5 00
 .bss           0x1fff81c8        0x8 ./ARM_GCC_441/Debug/Transmitter.a(cyfitter_cfg.o)
 *(COMMON)
 COMMON         0x1fff81d0        0xe ./ARM_GCC_441/Debug/Transmitter.a(CapSense_CSHL.o)
                0x1fff81d0                CapSense_rawFilterData1
 *fill*         0x1fff81de        0x2 00
 COMMON         0x1fff81e0       0x53 ./ARM_GCC_441/Debug/Transmitter.a(CapSense_SMS_Wrapper.o)
                0x1fff81e0                SMS_LIB_Table4
                0x1fff81f0                SMS_LIB_Table7
                0x1fff81f8                SMS_LIB_Table8
                0x1fff81fc                SMS_LIB_Table2
                0x1fff8204                SMS_LIB_Table5
                0x1fff8214                SMS_LIB_Table9
                0x1fff8218                SMS_LIB_Table6
                0x1fff8220                SMS_LIB_Table1
                0x1fff8228                SMS_LIB_Table10
                0x1fff822c                SMS_LIB_Table3
 COMMON         0x1fff8233        0x1 ./ARM_GCC_441/Debug/Transmitter.a(CyLib.o)
                0x1fff8233                CyResetStatus
                0x1fff8238                . = ALIGN (0x8)
 *fill*         0x1fff8234        0x4 00
 *(.ram.b)
                0x1fff8238                _end = .
                0x1fff8238                __end = .
                0x20008000                __cs3_region_end_ram = (__cs3_region_start_ram + 0x10000)
                0x00010000                __cs3_region_size_ram = 0x10000
                0x000038a0                __cs3_region_init_ram = LOADADDR (.data)
                0x00000168                __cs3_region_init_size_ram = (_edata - ADDR (.data))
                0x000000d0                __cs3_region_zero_size_ram = (_end - _edata)

.stab
 *(.stab)

.stabstr
 *(.stabstr)

.debug
 *(.debug)

.line
 *(.line)

.debug_srcinfo
 *(.debug_srcinfo)

.debug_sfnames
 *(.debug_sfnames)

.comment        0x00000000      0x331
 .comment       0x00000000       0x2b E:\ControllerKinect\capController\Transmitter\Transmitter.cydsn\ARM_GCC_441\Debug\main.o
 .comment       0x0000002b       0x2b E:\ControllerKinect\capController\Transmitter\Transmitter.cydsn\ARM_GCC_441\Debug\Cm3Start.o
 .comment       0x00000056       0x2b ./ARM_GCC_441/Debug/Transmitter.a(CapSense.o)
 .comment       0x00000081       0x2b ./ARM_GCC_441/Debug/Transmitter.a(CapSense_CSHL.o)
 .comment       0x000000ac       0x2b ./ARM_GCC_441/Debug/Transmitter.a(CapSense_INT.o)
 .comment       0x000000d7       0x2b ./ARM_GCC_441/Debug/Transmitter.a(CapSense_SMS_Wrapper.o)
 .comment       0x00000102       0x2b ./ARM_GCC_441/Debug/Transmitter.a(CapSense_AMuxCH0.o)
 .comment       0x0000012d       0x2b ./ARM_GCC_441/Debug/Transmitter.a(CapSense_CompCH0.o)
 .comment       0x00000158       0x2b ./ARM_GCC_441/Debug/Transmitter.a(CapSense_IntClock.o)
 .comment       0x00000183       0x2b ./ARM_GCC_441/Debug/Transmitter.a(CyDmac.o)
 .comment       0x000001ae       0x2b ./ARM_GCC_441/Debug/Transmitter.a(CyLib.o)
 .comment       0x000001d9       0x2b ./ARM_GCC_441/Debug/Transmitter.a(cyPm.o)
 .comment       0x00000204       0x2b ./ARM_GCC_441/Debug/Transmitter.a(LCD.o)
 .comment       0x0000022f       0x2b ./ARM_GCC_441/Debug/Transmitter.a(SPIM.o)
 .comment       0x0000025a       0x2b ./ARM_GCC_441/Debug/Transmitter.a(cyfitter_cfg.o)
 .comment       0x00000285       0x2b ./ARM_GCC_441/Debug/Transmitter.a(CyFlash.o)
 .comment       0x000002b0       0x2b ./ARM_GCC_441/Debug/Transmitter.a(CySpc.o)
 .comment       0x000002db       0x2b ./ARM_GCC_441/Debug/Transmitter.a(cyutils.o)
 .comment       0x00000306       0x2b C:/Program Files/Cypress/PSoC Creator/1.0/PSoC Creator/psoc/content/cycomponentlibrary/CyComponentLibrary.cylib/ARM_GCC_441/Debug/CyComponentLibrary.a(CapSense_CSD_SmartSense_v2_10.o)

.debug_aranges  0x00000000      0x9f0
 *(.debug_aranges)
 .debug_aranges
                0x00000000       0x40 E:\ControllerKinect\capController\Transmitter\Transmitter.cydsn\ARM_GCC_441\Debug\main.o
 .debug_aranges
                0x00000040       0x30 E:\ControllerKinect\capController\Transmitter\Transmitter.cydsn\ARM_GCC_441\Debug\Cm3Start.o
 .debug_aranges
                0x00000070       0xe0 ./ARM_GCC_441/Debug/Transmitter.a(CapSense.o)
 .debug_aranges
                0x00000150       0x88 ./ARM_GCC_441/Debug/Transmitter.a(CapSense_CSHL.o)
 .debug_aranges
                0x000001d8       0x20 ./ARM_GCC_441/Debug/Transmitter.a(CapSense_INT.o)
 .debug_aranges
                0x000001f8       0x40 ./ARM_GCC_441/Debug/Transmitter.a(CapSense_SMS_Wrapper.o)
 .debug_aranges
                0x00000238       0x48 ./ARM_GCC_441/Debug/Transmitter.a(CapSense_AMuxCH0.o)
 .debug_aranges
                0x00000280       0x70 ./ARM_GCC_441/Debug/Transmitter.a(CapSense_CompCH0.o)
 .debug_aranges
                0x000002f0       0x68 ./ARM_GCC_441/Debug/Transmitter.a(CapSense_IntClock.o)
 .debug_aranges
                0x00000358       0x20 ./ARM_GCC_441/Debug/Transmitter.a(CyBootAsmGnu.o)
 .debug_aranges
                0x00000378       0xd0 ./ARM_GCC_441/Debug/Transmitter.a(CyDmac.o)
 .debug_aranges
                0x00000448      0x1e8 ./ARM_GCC_441/Debug/Transmitter.a(CyLib.o)
 .debug_aranges
                0x00000630       0x80 ./ARM_GCC_441/Debug/Transmitter.a(cyPm.o)
 .debug_aranges
                0x000006b0       0x90 ./ARM_GCC_441/Debug/Transmitter.a(LCD.o)
 .debug_aranges
                0x00000740       0xd8 ./ARM_GCC_441/Debug/Transmitter.a(SPIM.o)
 .debug_aranges
                0x00000818       0x60 ./ARM_GCC_441/Debug/Transmitter.a(cyfitter_cfg.o)
 .debug_aranges
                0x00000878       0x68 ./ARM_GCC_441/Debug/Transmitter.a(CyFlash.o)
 .debug_aranges
                0x000008e0       0x90 ./ARM_GCC_441/Debug/Transmitter.a(CySpc.o)
 .debug_aranges
                0x00000970       0x20 ./ARM_GCC_441/Debug/Transmitter.a(cyutils.o)
 .debug_aranges
                0x00000990       0x60 C:/Program Files/Cypress/PSoC Creator/1.0/PSoC Creator/psoc/content/cycomponentlibrary/CyComponentLibrary.cylib/ARM_GCC_441/Debug/CyComponentLibrary.a(CapSense_CSD_SmartSense_v2_10.o)

.debug_pubnames
                0x00000000     0x1fb4
 *(.debug_pubnames)
 .debug_pubnames
                0x00000000       0x90 E:\ControllerKinect\capController\Transmitter\Transmitter.cydsn\ARM_GCC_441\Debug\main.o
 .debug_pubnames
                0x00000090       0x57 E:\ControllerKinect\capController\Transmitter\Transmitter.cydsn\ARM_GCC_441\Debug\Cm3Start.o
 .debug_pubnames
                0x000000e7      0x3ca ./ARM_GCC_441/Debug/Transmitter.a(CapSense.o)
 .debug_pubnames
                0x000004b1      0x352 ./ARM_GCC_441/Debug/Transmitter.a(CapSense_CSHL.o)
 .debug_pubnames
                0x00000803       0x2a ./ARM_GCC_441/Debug/Transmitter.a(CapSense_INT.o)
 .debug_pubnames
                0x0000082d      0x312 ./ARM_GCC_441/Debug/Transmitter.a(CapSense_SMS_Wrapper.o)
 .debug_pubnames
                0x00000b3f       0xfe ./ARM_GCC_441/Debug/Transmitter.a(CapSense_AMuxCH0.o)
 .debug_pubnames
                0x00000c3d      0x188 ./ARM_GCC_441/Debug/Transmitter.a(CapSense_CompCH0.o)
 .debug_pubnames
                0x00000dc5      0x182 ./ARM_GCC_441/Debug/Transmitter.a(CapSense_IntClock.o)
 .debug_pubnames
                0x00000f47      0x202 ./ARM_GCC_441/Debug/Transmitter.a(CyDmac.o)
 .debug_pubnames
                0x00001149      0x52e ./ARM_GCC_441/Debug/Transmitter.a(CyLib.o)
 .debug_pubnames
                0x00001677      0x137 ./ARM_GCC_441/Debug/Transmitter.a(cyPm.o)
 .debug_pubnames
                0x000017ae      0x14d ./ARM_GCC_441/Debug/Transmitter.a(LCD.o)
 .debug_pubnames
                0x000018fb      0x21b ./ARM_GCC_441/Debug/Transmitter.a(SPIM.o)
 .debug_pubnames
                0x00001b16       0xac ./ARM_GCC_441/Debug/Transmitter.a(cyfitter_cfg.o)
 .debug_pubnames
                0x00001bc2       0xf0 ./ARM_GCC_441/Debug/Transmitter.a(CyFlash.o)
 .debug_pubnames
                0x00001cb2      0x1b4 ./ARM_GCC_441/Debug/Transmitter.a(CySpc.o)
 .debug_pubnames
                0x00001e66       0x21 ./ARM_GCC_441/Debug/Transmitter.a(cyutils.o)
 .debug_pubnames
                0x00001e87      0x12d C:/Program Files/Cypress/PSoC Creator/1.0/PSoC Creator/psoc/content/cycomponentlibrary/CyComponentLibrary.cylib/ARM_GCC_441/Debug/CyComponentLibrary.a(CapSense_CSD_SmartSense_v2_10.o)

.debug_info     0x00000000     0x500a
 *(.debug_info .gnu.linkonce.wi.*)
 .debug_info    0x00000000      0x1fd E:\ControllerKinect\capController\Transmitter\Transmitter.cydsn\ARM_GCC_441\Debug\main.o
 .debug_info    0x000001fd      0x12a E:\ControllerKinect\capController\Transmitter\Transmitter.cydsn\ARM_GCC_441\Debug\Cm3Start.o
 .debug_info    0x00000327      0x601 ./ARM_GCC_441/Debug/Transmitter.a(CapSense.o)
 .debug_info    0x00000928      0x7cd ./ARM_GCC_441/Debug/Transmitter.a(CapSense_CSHL.o)
 .debug_info    0x000010f5       0xb9 ./ARM_GCC_441/Debug/Transmitter.a(CapSense_INT.o)
 .debug_info    0x000011ae      0x424 ./ARM_GCC_441/Debug/Transmitter.a(CapSense_SMS_Wrapper.o)
 .debug_info    0x000015d2      0x15d ./ARM_GCC_441/Debug/Transmitter.a(CapSense_AMuxCH0.o)
 .debug_info    0x0000172f      0x22e ./ARM_GCC_441/Debug/Transmitter.a(CapSense_CompCH0.o)
 .debug_info    0x0000195d      0x229 ./ARM_GCC_441/Debug/Transmitter.a(CapSense_IntClock.o)
 .debug_info    0x00001b86       0x83 ./ARM_GCC_441/Debug/Transmitter.a(CyBootAsmGnu.o)
 .debug_info    0x00001c09      0x8fe ./ARM_GCC_441/Debug/Transmitter.a(CyDmac.o)
 .debug_info    0x00002507      0xbbc ./ARM_GCC_441/Debug/Transmitter.a(CyLib.o)
 .debug_info    0x000030c3      0x45b ./ARM_GCC_441/Debug/Transmitter.a(cyPm.o)
 .debug_info    0x0000351e      0x39e ./ARM_GCC_441/Debug/Transmitter.a(LCD.o)
 .debug_info    0x000038bc      0x3fa ./ARM_GCC_441/Debug/Transmitter.a(SPIM.o)
 .debug_info    0x00003cb6      0x505 ./ARM_GCC_441/Debug/Transmitter.a(cyfitter_cfg.o)
 .debug_info    0x000041bb      0x2f1 ./ARM_GCC_441/Debug/Transmitter.a(CyFlash.o)
 .debug_info    0x000044ac      0x528 ./ARM_GCC_441/Debug/Transmitter.a(CySpc.o)
 .debug_info    0x000049d4       0xce ./ARM_GCC_441/Debug/Transmitter.a(cyutils.o)
 .debug_info    0x00004aa2      0x568 C:/Program Files/Cypress/PSoC Creator/1.0/PSoC Creator/psoc/content/cycomponentlibrary/CyComponentLibrary.cylib/ARM_GCC_441/Debug/CyComponentLibrary.a(CapSense_CSD_SmartSense_v2_10.o)

.debug_abbrev   0x00000000     0x137d
 *(.debug_abbrev)
 .debug_abbrev  0x00000000      0x125 E:\ControllerKinect\capController\Transmitter\Transmitter.cydsn\ARM_GCC_441\Debug\main.o
 .debug_abbrev  0x00000125       0xe7 E:\ControllerKinect\capController\Transmitter\Transmitter.cydsn\ARM_GCC_441\Debug\Cm3Start.o
 .debug_abbrev  0x0000020c      0x12b ./ARM_GCC_441/Debug/Transmitter.a(CapSense.o)
 .debug_abbrev  0x00000337      0x12c ./ARM_GCC_441/Debug/Transmitter.a(CapSense_CSHL.o)
 .debug_abbrev  0x00000463       0x6f ./ARM_GCC_441/Debug/Transmitter.a(CapSense_INT.o)
 .debug_abbrev  0x000004d2       0xdd ./ARM_GCC_441/Debug/Transmitter.a(CapSense_SMS_Wrapper.o)
 .debug_abbrev  0x000005af       0x94 ./ARM_GCC_441/Debug/Transmitter.a(CapSense_AMuxCH0.o)
 .debug_abbrev  0x00000643      0x108 ./ARM_GCC_441/Debug/Transmitter.a(CapSense_CompCH0.o)
 .debug_abbrev  0x0000074b       0xcf ./ARM_GCC_441/Debug/Transmitter.a(CapSense_IntClock.o)
 .debug_abbrev  0x0000081a       0x14 ./ARM_GCC_441/Debug/Transmitter.a(CyBootAsmGnu.o)
 .debug_abbrev  0x0000082e      0x167 ./ARM_GCC_441/Debug/Transmitter.a(CyDmac.o)
 .debug_abbrev  0x00000995      0x167 ./ARM_GCC_441/Debug/Transmitter.a(CyLib.o)
 .debug_abbrev  0x00000afc      0x12d ./ARM_GCC_441/Debug/Transmitter.a(cyPm.o)
 .debug_abbrev  0x00000c29      0x103 ./ARM_GCC_441/Debug/Transmitter.a(LCD.o)
 .debug_abbrev  0x00000d2c       0xfa ./ARM_GCC_441/Debug/Transmitter.a(SPIM.o)
 .debug_abbrev  0x00000e26      0x16e ./ARM_GCC_441/Debug/Transmitter.a(cyfitter_cfg.o)
 .debug_abbrev  0x00000f94      0x11d ./ARM_GCC_441/Debug/Transmitter.a(CyFlash.o)
 .debug_abbrev  0x000010b1      0x117 ./ARM_GCC_441/Debug/Transmitter.a(CySpc.o)
 .debug_abbrev  0x000011c8       0x6f ./ARM_GCC_441/Debug/Transmitter.a(cyutils.o)
 .debug_abbrev  0x00001237      0x146 C:/Program Files/Cypress/PSoC Creator/1.0/PSoC Creator/psoc/content/cycomponentlibrary/CyComponentLibrary.cylib/ARM_GCC_441/Debug/CyComponentLibrary.a(CapSense_CSD_SmartSense_v2_10.o)

.debug_line     0x00000000     0x20a3
 *(.debug_line)
 .debug_line    0x00000000      0x11f E:\ControllerKinect\capController\Transmitter\Transmitter.cydsn\ARM_GCC_441\Debug\main.o
 .debug_line    0x0000011f       0x9b E:\ControllerKinect\capController\Transmitter\Transmitter.cydsn\ARM_GCC_441\Debug\Cm3Start.o
 .debug_line    0x000001ba      0x2ba ./ARM_GCC_441/Debug/Transmitter.a(CapSense.o)
 .debug_line    0x00000474      0x211 ./ARM_GCC_441/Debug/Transmitter.a(CapSense_CSHL.o)
 .debug_line    0x00000685       0x6d ./ARM_GCC_441/Debug/Transmitter.a(CapSense_INT.o)
 .debug_line    0x000006f2       0xb7 ./ARM_GCC_441/Debug/Transmitter.a(CapSense_SMS_Wrapper.o)
 .debug_line    0x000007a9       0xcd ./ARM_GCC_441/Debug/Transmitter.a(CapSense_AMuxCH0.o)
 .debug_line    0x00000876      0x15f ./ARM_GCC_441/Debug/Transmitter.a(CapSense_CompCH0.o)
 .debug_line    0x000009d5      0x149 ./ARM_GCC_441/Debug/Transmitter.a(CapSense_IntClock.o)
 .debug_line    0x00000b1e       0x67 ./ARM_GCC_441/Debug/Transmitter.a(CyBootAsmGnu.o)
 .debug_line    0x00000b85      0x280 ./ARM_GCC_441/Debug/Transmitter.a(CyDmac.o)
 .debug_line    0x00000e05      0x564 ./ARM_GCC_441/Debug/Transmitter.a(CyLib.o)
 .debug_line    0x00001369      0x24d ./ARM_GCC_441/Debug/Transmitter.a(cyPm.o)
 .debug_line    0x000015b6      0x1bd ./ARM_GCC_441/Debug/Transmitter.a(LCD.o)
 .debug_line    0x00001773      0x24a ./ARM_GCC_441/Debug/Transmitter.a(SPIM.o)
 .debug_line    0x000019bd      0x16e ./ARM_GCC_441/Debug/Transmitter.a(cyfitter_cfg.o)
 .debug_line    0x00001b2b      0x151 ./ARM_GCC_441/Debug/Transmitter.a(CyFlash.o)
 .debug_line    0x00001c7c      0x1d2 ./ARM_GCC_441/Debug/Transmitter.a(CySpc.o)
 .debug_line    0x00001e4e       0x67 ./ARM_GCC_441/Debug/Transmitter.a(cyutils.o)
 .debug_line    0x00001eb5      0x1ee C:/Program Files/Cypress/PSoC Creator/1.0/PSoC Creator/psoc/content/cycomponentlibrary/CyComponentLibrary.cylib/ARM_GCC_441/Debug/CyComponentLibrary.a(CapSense_CSD_SmartSense_v2_10.o)

.debug_frame    0x00000000     0x1f58
 *(.debug_frame)
 .debug_frame   0x00000000       0xac E:\ControllerKinect\capController\Transmitter\Transmitter.cydsn\ARM_GCC_441\Debug\main.o
 .debug_frame   0x000000ac       0x68 E:\ControllerKinect\capController\Transmitter\Transmitter.cydsn\ARM_GCC_441\Debug\Cm3Start.o
 .debug_frame   0x00000114      0x2f8 ./ARM_GCC_441/Debug/Transmitter.a(CapSense.o)
 .debug_frame   0x0000040c      0x1b4 ./ARM_GCC_441/Debug/Transmitter.a(CapSense_CSHL.o)
 .debug_frame   0x000005c0       0x2c ./ARM_GCC_441/Debug/Transmitter.a(CapSense_INT.o)
 .debug_frame   0x000005ec       0xa8 ./ARM_GCC_441/Debug/Transmitter.a(CapSense_SMS_Wrapper.o)
 .debug_frame   0x00000694       0xc4 ./ARM_GCC_441/Debug/Transmitter.a(CapSense_AMuxCH0.o)
 .debug_frame   0x00000758      0x14c ./ARM_GCC_441/Debug/Transmitter.a(CapSense_CompCH0.o)
 .debug_frame   0x000008a4      0x130 ./ARM_GCC_441/Debug/Transmitter.a(CapSense_IntClock.o)
 .debug_frame   0x000009d4      0x2a4 ./ARM_GCC_441/Debug/Transmitter.a(CyDmac.o)
 .debug_frame   0x00000c78      0x698 ./ARM_GCC_441/Debug/Transmitter.a(CyLib.o)
 .debug_frame   0x00001310      0x194 ./ARM_GCC_441/Debug/Transmitter.a(cyPm.o)
 .debug_frame   0x000014a4      0x1e0 ./ARM_GCC_441/Debug/Transmitter.a(LCD.o)
 .debug_frame   0x00001684      0x2c4 ./ARM_GCC_441/Debug/Transmitter.a(SPIM.o)
 .debug_frame   0x00001948      0x110 ./ARM_GCC_441/Debug/Transmitter.a(cyfitter_cfg.o)
 .debug_frame   0x00001a58      0x13c ./ARM_GCC_441/Debug/Transmitter.a(CyFlash.o)
 .debug_frame   0x00001b94      0x1bc ./ARM_GCC_441/Debug/Transmitter.a(CySpc.o)
 .debug_frame   0x00001d50       0x2c ./ARM_GCC_441/Debug/Transmitter.a(cyutils.o)
 .debug_frame   0x00001d7c      0x13c C:/Program Files/Cypress/PSoC Creator/1.0/PSoC Creator/psoc/content/cycomponentlibrary/CyComponentLibrary.cylib/ARM_GCC_441/Debug/CyComponentLibrary.a(CapSense_CSD_SmartSense_v2_10.o)
 .debug_frame   0x00001eb8       0x34 c:/program files/cypress/psoc creator/1.0/psoc creator/import/gnu_cs/arm/4.4.1/bin/../lib/gcc/arm-none-eabi/4.4.1/../../../../arm-none-eabi/lib/thumb2\libc.a(lib_a-memcpy.o)
 .debug_frame   0x00001eec       0x40 c:/program files/cypress/psoc creator/1.0/psoc creator/import/gnu_cs/arm/4.4.1/bin/../lib/gcc/arm-none-eabi/4.4.1/../../../../arm-none-eabi/lib/thumb2\libcs3.a(start_c.o)
 .debug_frame   0x00001f2c       0x2c c:/program files/cypress/psoc creator/1.0/psoc creator/import/gnu_cs/arm/4.4.1/bin/../lib/gcc/arm-none-eabi/4.4.1/../../../../arm-none-eabi/lib/thumb2\libc.a(lib_a-init.o)

.debug_str      0x00000000     0x2612
 *(.debug_str)
 .debug_str     0x00000000      0x110 E:\ControllerKinect\capController\Transmitter\Transmitter.cydsn\ARM_GCC_441\Debug\main.o
                                0x149 (size before relaxing)
 .debug_str     0x00000110       0x91 E:\ControllerKinect\capController\Transmitter\Transmitter.cydsn\ARM_GCC_441\Debug\Cm3Start.o
                                0x16c (size before relaxing)
 .debug_str     0x000001a1      0x3a1 ./ARM_GCC_441/Debug/Transmitter.a(CapSense.o)
                                0x489 (size before relaxing)
 .debug_str     0x00000542      0x3c3 ./ARM_GCC_441/Debug/Transmitter.a(CapSense_CSHL.o)
                                0x55b (size before relaxing)
 .debug_str     0x00000905       0x3c ./ARM_GCC_441/Debug/Transmitter.a(CapSense_INT.o)
                                0x139 (size before relaxing)
 .debug_str     0x00000941      0x2b9 ./ARM_GCC_441/Debug/Transmitter.a(CapSense_SMS_Wrapper.o)
                                0x474 (size before relaxing)
 .debug_str     0x00000bfa      0x105 ./ARM_GCC_441/Debug/Transmitter.a(CapSense_AMuxCH0.o)
                                0x1e0 (size before relaxing)
 .debug_str     0x00000cff      0x1ad ./ARM_GCC_441/Debug/Transmitter.a(CapSense_CompCH0.o)
                                0x295 (size before relaxing)
 .debug_str     0x00000eac      0x1c4 ./ARM_GCC_441/Debug/Transmitter.a(CapSense_IntClock.o)
                                0x2ac (size before relaxing)
 .debug_str     0x00001070      0x333 ./ARM_GCC_441/Debug/Transmitter.a(CyDmac.o)
                                0x43d (size before relaxing)
 .debug_str     0x000013a3      0x572 ./ARM_GCC_441/Debug/Transmitter.a(CyLib.o)
                                0x6c8 (size before relaxing)
 .debug_str     0x00001915      0x2a2 ./ARM_GCC_441/Debug/Transmitter.a(cyPm.o)
                                0x3a8 (size before relaxing)
 .debug_str     0x00001bb7      0x14e ./ARM_GCC_441/Debug/Transmitter.a(LCD.o)
                                0x257 (size before relaxing)
 .debug_str     0x00001d05      0x1f0 ./ARM_GCC_441/Debug/Transmitter.a(SPIM.o)
                                0x2e6 (size before relaxing)
 .debug_str     0x00001ef5      0x1a9 ./ARM_GCC_441/Debug/Transmitter.a(cyfitter_cfg.o)
                                0x30f (size before relaxing)
 .debug_str     0x0000209e      0x10c ./ARM_GCC_441/Debug/Transmitter.a(CyFlash.o)
                                0x224 (size before relaxing)
 .debug_str     0x000021aa      0x200 ./ARM_GCC_441/Debug/Transmitter.a(CySpc.o)
                                0x328 (size before relaxing)
 .debug_str     0x000023aa       0x60 ./ARM_GCC_441/Debug/Transmitter.a(cyutils.o)
                                0x10d (size before relaxing)
 .debug_str     0x0000240a      0x208 C:/Program Files/Cypress/PSoC Creator/1.0/PSoC Creator/psoc/content/cycomponentlibrary/CyComponentLibrary.cylib/ARM_GCC_441/Debug/CyComponentLibrary.a(CapSense_CSD_SmartSense_v2_10.o)
                                0x4ec (size before relaxing)

.debug_loc      0x00000000     0x364c
 *(.debug_loc)
 .debug_loc     0x00000000       0xfb E:\ControllerKinect\capController\Transmitter\Transmitter.cydsn\ARM_GCC_441\Debug\main.o
 .debug_loc     0x000000fb       0x8d E:\ControllerKinect\capController\Transmitter\Transmitter.cydsn\ARM_GCC_441\Debug\Cm3Start.o
 .debug_loc     0x00000188      0x50b ./ARM_GCC_441/Debug/Transmitter.a(CapSense.o)
 .debug_loc     0x00000693      0x302 ./ARM_GCC_441/Debug/Transmitter.a(CapSense_CSHL.o)
 .debug_loc     0x00000995       0x2b ./ARM_GCC_441/Debug/Transmitter.a(CapSense_INT.o)
 .debug_loc     0x000009c0       0xfb ./ARM_GCC_441/Debug/Transmitter.a(CapSense_SMS_Wrapper.o)
 .debug_loc     0x00000abb      0x126 ./ARM_GCC_441/Debug/Transmitter.a(CapSense_AMuxCH0.o)
 .debug_loc     0x00000be1      0x209 ./ARM_GCC_441/Debug/Transmitter.a(CapSense_CompCH0.o)
 .debug_loc     0x00000dea      0x1ea ./ARM_GCC_441/Debug/Transmitter.a(CapSense_IntClock.o)
 .debug_loc     0x00000fd4      0x4d9 ./ARM_GCC_441/Debug/Transmitter.a(CyDmac.o)
 .debug_loc     0x000014ad      0xb9e ./ARM_GCC_441/Debug/Transmitter.a(CyLib.o)
 .debug_loc     0x0000204b      0x283 ./ARM_GCC_441/Debug/Transmitter.a(cyPm.o)
 .debug_loc     0x000022ce      0x309 ./ARM_GCC_441/Debug/Transmitter.a(LCD.o)
 .debug_loc     0x000025d7      0x4bc ./ARM_GCC_441/Debug/Transmitter.a(SPIM.o)
 .debug_loc     0x00002a93      0x1d7 ./ARM_GCC_441/Debug/Transmitter.a(cyfitter_cfg.o)
 .debug_loc     0x00002c6a      0x1f6 ./ARM_GCC_441/Debug/Transmitter.a(CyFlash.o)
 .debug_loc     0x00002e60      0x32d ./ARM_GCC_441/Debug/Transmitter.a(CySpc.o)
 .debug_loc     0x0000318d       0x37 ./ARM_GCC_441/Debug/Transmitter.a(cyutils.o)
 .debug_loc     0x000031c4      0x488 C:/Program Files/Cypress/PSoC Creator/1.0/PSoC Creator/psoc/content/cycomponentlibrary/CyComponentLibrary.cylib/ARM_GCC_441/Debug/CyComponentLibrary.a(CapSense_CSD_SmartSense_v2_10.o)

.debug_macinfo
 *(.debug_macinfo)

.debug_ranges   0x00000000      0x938
 *(.debug_ranges)
 .debug_ranges  0x00000000       0x38 E:\ControllerKinect\capController\Transmitter\Transmitter.cydsn\ARM_GCC_441\Debug\main.o
 .debug_ranges  0x00000038       0x28 E:\ControllerKinect\capController\Transmitter\Transmitter.cydsn\ARM_GCC_441\Debug\Cm3Start.o
 .debug_ranges  0x00000060       0xd8 ./ARM_GCC_441/Debug/Transmitter.a(CapSense.o)
 .debug_ranges  0x00000138       0x80 ./ARM_GCC_441/Debug/Transmitter.a(CapSense_CSHL.o)
 .debug_ranges  0x000001b8       0x18 ./ARM_GCC_441/Debug/Transmitter.a(CapSense_INT.o)
 .debug_ranges  0x000001d0       0x38 ./ARM_GCC_441/Debug/Transmitter.a(CapSense_SMS_Wrapper.o)
 .debug_ranges  0x00000208       0x40 ./ARM_GCC_441/Debug/Transmitter.a(CapSense_AMuxCH0.o)
 .debug_ranges  0x00000248       0x68 ./ARM_GCC_441/Debug/Transmitter.a(CapSense_CompCH0.o)
 .debug_ranges  0x000002b0       0x60 ./ARM_GCC_441/Debug/Transmitter.a(CapSense_IntClock.o)
 .debug_ranges  0x00000310       0xc8 ./ARM_GCC_441/Debug/Transmitter.a(CyDmac.o)
 .debug_ranges  0x000003d8      0x1e0 ./ARM_GCC_441/Debug/Transmitter.a(CyLib.o)
 .debug_ranges  0x000005b8       0x78 ./ARM_GCC_441/Debug/Transmitter.a(cyPm.o)
 .debug_ranges  0x00000630       0x88 ./ARM_GCC_441/Debug/Transmitter.a(LCD.o)
 .debug_ranges  0x000006b8       0xd0 ./ARM_GCC_441/Debug/Transmitter.a(SPIM.o)
 .debug_ranges  0x00000788       0x58 ./ARM_GCC_441/Debug/Transmitter.a(cyfitter_cfg.o)
 .debug_ranges  0x000007e0       0x60 ./ARM_GCC_441/Debug/Transmitter.a(CyFlash.o)
 .debug_ranges  0x00000840       0x88 ./ARM_GCC_441/Debug/Transmitter.a(CySpc.o)
 .debug_ranges  0x000008c8       0x18 ./ARM_GCC_441/Debug/Transmitter.a(cyutils.o)
 .debug_ranges  0x000008e0       0x58 C:/Program Files/Cypress/PSoC Creator/1.0/PSoC Creator/psoc/content/cycomponentlibrary/CyComponentLibrary.cylib/ARM_GCC_441/Debug/CyComponentLibrary.a(CapSense_CSD_SmartSense_v2_10.o)

.debug_weaknames
 *(.debug_weaknames)

.debug_funcnames
 *(.debug_funcnames)

.debug_typenames
 *(.debug_typenames)

.debug_varnames
 *(.debug_varnames)

.note.gnu.arm.ident
 *(.note.gnu.arm.ident)

.ARM.attributes
                0x00000000       0x25
 *(.ARM.attributes)
 .ARM.attributes
                0x00000000       0x19 c:/program files/cypress/psoc creator/1.0/psoc creator/import/gnu_cs/arm/4.4.1/bin/../lib/gcc/arm-none-eabi/4.4.1/thumb2/crti.o
 .ARM.attributes
                0x00000019       0x29 c:/program files/cypress/psoc creator/1.0/psoc creator/import/gnu_cs/arm/4.4.1/bin/../lib/gcc/arm-none-eabi/4.4.1/thumb2/crtbegin.o
 .ARM.attributes
                0x00000042       0x31 E:\ControllerKinect\capController\Transmitter\Transmitter.cydsn\ARM_GCC_441\Debug\main.o
 .ARM.attributes
                0x00000073       0x31 E:\ControllerKinect\capController\Transmitter\Transmitter.cydsn\ARM_GCC_441\Debug\Cm3Start.o
 .ARM.attributes
                0x000000a4       0x31 ./ARM_GCC_441/Debug/Transmitter.a(CapSense.o)
 .ARM.attributes
                0x000000d5       0x31 ./ARM_GCC_441/Debug/Transmitter.a(CapSense_CSHL.o)
 .ARM.attributes
                0x00000106       0x31 ./ARM_GCC_441/Debug/Transmitter.a(CapSense_INT.o)
 .ARM.attributes
                0x00000137       0x31 ./ARM_GCC_441/Debug/Transmitter.a(CapSense_SMS_Wrapper.o)
 .ARM.attributes
                0x00000168       0x31 ./ARM_GCC_441/Debug/Transmitter.a(CapSense_AMuxCH0.o)
 .ARM.attributes
                0x00000199       0x31 ./ARM_GCC_441/Debug/Transmitter.a(CapSense_CompCH0.o)
 .ARM.attributes
                0x000001ca       0x31 ./ARM_GCC_441/Debug/Transmitter.a(CapSense_IntClock.o)
 .ARM.attributes
                0x000001fb       0x21 ./ARM_GCC_441/Debug/Transmitter.a(CyBootAsmGnu.o)
 .ARM.attributes
                0x0000021c       0x31 ./ARM_GCC_441/Debug/Transmitter.a(CyDmac.o)
 .ARM.attributes
                0x0000024d       0x31 ./ARM_GCC_441/Debug/Transmitter.a(CyLib.o)
 .ARM.attributes
                0x0000027e       0x31 ./ARM_GCC_441/Debug/Transmitter.a(cyPm.o)
 .ARM.attributes
                0x000002af       0x31 ./ARM_GCC_441/Debug/Transmitter.a(LCD.o)
 .ARM.attributes
                0x000002e0       0x31 ./ARM_GCC_441/Debug/Transmitter.a(SPIM.o)
 .ARM.attributes
                0x00000311       0x31 ./ARM_GCC_441/Debug/Transmitter.a(cyfitter_cfg.o)
 .ARM.attributes
                0x00000342       0x31 ./ARM_GCC_441/Debug/Transmitter.a(CyFlash.o)
 .ARM.attributes
                0x00000373       0x31 ./ARM_GCC_441/Debug/Transmitter.a(CySpc.o)
 .ARM.attributes
                0x000003a4       0x31 ./ARM_GCC_441/Debug/Transmitter.a(cyutils.o)
 .ARM.attributes
                0x000003d5       0x31 C:/Program Files/Cypress/PSoC Creator/1.0/PSoC Creator/psoc/content/cycomponentlibrary/CyComponentLibrary.cylib/ARM_GCC_441/Debug/CyComponentLibrary.a(CapSense_CSD_SmartSense_v2_10.o)
 .ARM.attributes
                0x00000406       0x29 c:/program files/cypress/psoc creator/1.0/psoc creator/import/gnu_cs/arm/4.4.1/bin/../lib/gcc/arm-none-eabi/4.4.1/../../../../arm-none-eabi/lib/thumb2\libc.a(lib_a-memcpy.o)
 .ARM.attributes
                0x0000042f       0x29 c:/program files/cypress/psoc creator/1.0/psoc creator/import/gnu_cs/arm/4.4.1/bin/../lib/gcc/arm-none-eabi/4.4.1/thumb2/crtend.o
 .ARM.attributes
                0x00000458       0x19 c:/program files/cypress/psoc creator/1.0/psoc creator/import/gnu_cs/arm/4.4.1/bin/../lib/gcc/arm-none-eabi/4.4.1/thumb2/crtn.o
 .ARM.attributes
                0x00000471       0x29 c:/program files/cypress/psoc creator/1.0/psoc creator/import/gnu_cs/arm/4.4.1/bin/../lib/gcc/arm-none-eabi/4.4.1/../../../../arm-none-eabi/lib/thumb2\libcs3.a(start_c.o)
 .ARM.attributes
                0x0000049a       0x19 c:/program files/cypress/psoc creator/1.0/psoc creator/import/gnu_cs/arm/4.4.1/bin/../lib/gcc/arm-none-eabi/4.4.1/../../../../arm-none-eabi/lib/thumb2\libcs3micro.a(micro-vector.o)
 .ARM.attributes
                0x000004b3       0x19 c:/program files/cypress/psoc creator/1.0/psoc creator/import/gnu_cs/arm/4.4.1/bin/../lib/gcc/arm-none-eabi/4.4.1/../../../../arm-none-eabi/lib/thumb2\libcs3micro.a(micro_isr_interrupt.o)
 .ARM.attributes
                0x000004cc       0x29 c:/program files/cypress/psoc creator/1.0/psoc creator/import/gnu_cs/arm/4.4.1/bin/../lib/gcc/arm-none-eabi/4.4.1/../../../../arm-none-eabi/lib/thumb2\libc.a(lib_a-init.o)

/DISCARD/
 *(.note.GNU-stack)
OUTPUT(E:/ControllerKinect/capController/Transmitter/Transmitter.cydsn/ARM_GCC_441/Debug/Transmitter.elf elf32-littlearm)
